Archive member included to satisfy reference by file (symbol)

.\CortexM3\ARM_GCC_541\Debug\JSONParser.a(SEVEN_DP.o)
                              .\CortexM3\ARM_GCC_541\Debug\seven.o (SEVEN_DP_Write)
.\CortexM3\ARM_GCC_541\Debug\JSONParser.a(SEVEN_SELECT.o)
                              .\CortexM3\ARM_GCC_541\Debug\seven.o (SEVEN_SELECT_Write)
.\CortexM3\ARM_GCC_541\Debug\JSONParser.a(SEVEN_reg.o)
                              .\CortexM3\ARM_GCC_541\Debug\seven.o (SEVEN_reg_Write)
.\CortexM3\ARM_GCC_541\Debug\JSONParser.a(BUTTON_1.o)
                              .\CortexM3\ARM_GCC_541\Debug\button.o (BUTTON_1_Read)
.\CortexM3\ARM_GCC_541\Debug\JSONParser.a(isr_Button.o)
                              .\CortexM3\ARM_GCC_541\Debug\button.o (isr_Button_StartEx)
.\CortexM3\ARM_GCC_541\Debug\JSONParser.a(BUTTON_2.o)
                              .\CortexM3\ARM_GCC_541\Debug\button.o (BUTTON_2_Read)
.\CortexM3\ARM_GCC_541\Debug\JSONParser.a(BUTTON_3.o)
                              .\CortexM3\ARM_GCC_541\Debug\button.o (BUTTON_3_Read)
.\CortexM3\ARM_GCC_541\Debug\JSONParser.a(BUTTON_4.o)
                              .\CortexM3\ARM_GCC_541\Debug\button.o (BUTTON_4_Read)
.\CortexM3\ARM_GCC_541\Debug\JSONParser.a(LED_red.o)
                              .\CortexM3\ARM_GCC_541\Debug\led.o (LED_red_Write)
.\CortexM3\ARM_GCC_541\Debug\JSONParser.a(LED_yellow.o)
                              .\CortexM3\ARM_GCC_541\Debug\led.o (LED_yellow_Write)
.\CortexM3\ARM_GCC_541\Debug\JSONParser.a(LED_green.o)
                              .\CortexM3\ARM_GCC_541\Debug\led.o (LED_green_Write)
.\CortexM3\ARM_GCC_541\Debug\JSONParser.a(UART_LOG.o)
                              .\CortexM3\ARM_GCC_541\Debug\main.o (UART_LOG_Start)
.\CortexM3\ARM_GCC_541\Debug\JSONParser.a(RGB_PWM_red.o)
                              .\CortexM3\ARM_GCC_541\Debug\led.o (RGB_PWM_red_WriteCompare)
.\CortexM3\ARM_GCC_541\Debug\JSONParser.a(RGB_PWM_green.o)
                              .\CortexM3\ARM_GCC_541\Debug\led.o (RGB_PWM_green_WriteCompare)
.\CortexM3\ARM_GCC_541\Debug\JSONParser.a(RGB_PWM_blue.o)
                              .\CortexM3\ARM_GCC_541\Debug\led.o (RGB_PWM_blue_WriteCompare)
.\CortexM3\ARM_GCC_541\Debug\JSONParser.a(JOYSTICK_ADC_XY.o)
                              .\CortexM3\ARM_GCC_541\Debug\joystick.o (JOYSTICK_ADC_XY_Start)
.\CortexM3\ARM_GCC_541\Debug\JSONParser.a(JOYSTICK_ADC_XY_INT.o)
                              .\CortexM3\ARM_GCC_541\Debug\JSONParser.a(JOYSTICK_ADC_XY.o) (JOYSTICK_ADC_XY_ISR)
.\CortexM3\ARM_GCC_541\Debug\JSONParser.a(TFT_SPI.o)
                              .\CortexM3\ARM_GCC_541\Debug\tft.o (TFT_SPI_WriteTxData)
.\CortexM3\ARM_GCC_541\Debug\JSONParser.a(TFT_DC.o)
                              .\CortexM3\ARM_GCC_541\Debug\tft.o (TFT_DC_Write)
.\CortexM3\ARM_GCC_541\Debug\JSONParser.a(TFT_RES.o)
                              .\CortexM3\ARM_GCC_541\Debug\tft.o (TFT_RES_Write)
.\CortexM3\ARM_GCC_541\Debug\JSONParser.a(TFT_BackLight.o)
                              .\CortexM3\ARM_GCC_541\Debug\tft.o (TFT_BackLight_WriteCompare)
.\CortexM3\ARM_GCC_541\Debug\JSONParser.a(ErikaOS_1_ee_activate.o)
                              .\CortexM3\ARM_GCC_541\Debug\main.o (EE_oo_ActivateTask)
.\CortexM3\ARM_GCC_541\Debug\JSONParser.a(ErikaOS_1_ee_altick.o)
                              .\CortexM3\ARM_GCC_541\Debug\main.o (EE_oo_IncrementCounter)
.\CortexM3\ARM_GCC_541\Debug\JSONParser.a(ErikaOS_1_ee_evclear.o)
                              .\CortexM3\ARM_GCC_541\Debug\main.o (EE_oo_ClearEvent)
.\CortexM3\ARM_GCC_541\Debug\JSONParser.a(ErikaOS_1_ee_evget.o)
                              .\CortexM3\ARM_GCC_541\Debug\main.o (EE_oo_GetEvent)
.\CortexM3\ARM_GCC_541\Debug\JSONParser.a(ErikaOS_1_ee_evset.o)
                              .\CortexM3\ARM_GCC_541\Debug\main.o (EE_oo_SetEvent)
.\CortexM3\ARM_GCC_541\Debug\JSONParser.a(ErikaOS_1_ee_evwait.o)
                              .\CortexM3\ARM_GCC_541\Debug\main.o (EE_oo_WaitEvent)
.\CortexM3\ARM_GCC_541\Debug\JSONParser.a(ErikaOS_1_ee_gettaskid.o)
                              .\CortexM3\ARM_GCC_541\Debug\trcKernelPort.o (EE_oo_GetTaskID)
.\CortexM3\ARM_GCC_541\Debug\JSONParser.a(ErikaOS_1_ee_irqendin.o)
                              .\CortexM3\ARM_GCC_541\Debug\main.o (EE_IRQ_end_post_stub)
.\CortexM3\ARM_GCC_541\Debug\JSONParser.a(ErikaOS_1_ee_lookup.o)
                              .\CortexM3\ARM_GCC_541\Debug\JSONParser.a(ErikaOS_1_ee_irqendin.o) (EE_oo_IRQ_disable_count)
.\CortexM3\ARM_GCC_541\Debug\JSONParser.a(ErikaOS_1_ee_rq_exchg.o)
                              .\CortexM3\ARM_GCC_541\Debug\JSONParser.a(ErikaOS_1_ee_activate.o) (EE_rq2stk_exchange)
.\CortexM3\ARM_GCC_541\Debug\JSONParser.a(ErikaOS_1_ee_rq_first.o)
                              .\CortexM3\ARM_GCC_541\Debug\JSONParser.a(ErikaOS_1_ee_activate.o) (EE_rq_queryfirst)
.\CortexM3\ARM_GCC_541\Debug\JSONParser.a(ErikaOS_1_ee_rq_inser.o)
[...]
Memory Configuration

Name             Origin             Length             Attributes
rom              0x00000000         0x00040000         xr
ram              0x1fff8000         0x00010000         xrw
*default*        0x00000000         0xffffffff

Linker script and memory map

LOAD c:/program files (x86)/cypress/psoc creator/4.4/psoc creator/import/gnu/arm/5.4.1/bin/../lib/gcc/arm-none-eabi/5.4.1/armv7-m/crti.o
LOAD c:/program files (x86)/cypress/psoc creator/4.4/psoc creator/import/gnu/arm/5.4.1/bin/../lib/gcc/arm-none-eabi/5.4.1/armv7-m/crtbegin.o
LOAD c:/program files (x86)/cypress/psoc creator/4.4/psoc creator/import/gnu/arm/5.4.1/bin/../lib/gcc/arm-none-eabi/5.4.1/../../../../arm-none-eabi/lib/armv7-m/crt0.o
START GROUP
LOAD .\CortexM3\ARM_GCC_541\Debug\main.o
LOAD .\CortexM3\ARM_GCC_541\Debug\Ringbuffer.o
LOAD .\CortexM3\ARM_GCC_541\Debug\parser.o
LOAD .\CortexM3\ARM_GCC_541\Debug\drawer.o
LOAD .\CortexM3\ARM_GCC_541\Debug\trcStreamingPort.o
LOAD .\CortexM3\ARM_GCC_541\Debug\trcKernelPort.o
LOAD .\CortexM3\ARM_GCC_541\Debug\trcSnapshotRecorder.o
LOAD .\CortexM3\ARM_GCC_541\Debug\trcStreamingRecorder.o
LOAD .\CortexM3\ARM_GCC_541\Debug\button.o
LOAD .\CortexM3\ARM_GCC_541\Debug\joystick.o
LOAD .\CortexM3\ARM_GCC_541\Debug\led.o
LOAD .\CortexM3\ARM_GCC_541\Debug\seven.o
LOAD .\CortexM3\ARM_GCC_541\Debug\logging.o
LOAD .\CortexM3\ARM_GCC_541\Debug\tft.o
LOAD .\CortexM3\ARM_GCC_541\Debug\cyfitter_cfg.o
LOAD .\CortexM3\ARM_GCC_541\Debug\cymetadata.o
LOAD .\CortexM3\ARM_GCC_541\Debug\Cm3Start.o
LOAD .\CortexM3\ARM_GCC_541\Debug\JSONParser.a
LOAD C:\Program Files (x86)\Cypress\PSoC Creator\4.4\PSoC Creator\psoc\content\cycomponentlibrary\CyComponentLibrary.cylib\CortexM3\ARM_GCC_541\Debug\CyComponentLibrary.a
END GROUP
START GROUP
LOAD c:/program files (x86)/cypress/psoc creator/4.4/psoc creator/import/gnu/arm/5.4.1/bin/../lib/gcc/arm-none-eabi/5.4.1/armv7-m\libgcc.a
LOAD c:/program files (x86)/cypress/psoc creator/4.4/psoc creator/import/gnu/arm/5.4.1/bin/../lib/gcc/arm-none-eabi/5.4.1/../../../../arm-none-eabi/lib/armv7-m\libg_nano.a
LOAD c:/program files (x86)/cypress/psoc creator/4.4/psoc creator/import/gnu/arm/5.4.1/bin/../lib/gcc/arm-none-eabi/5.4.1/../../../../arm-none-eabi/lib/armv7-m\libc_nano.a
END GROUP
START GROUP
LOAD c:/program files (x86)/cypress/psoc creator/4.4/psoc creator/import/gnu/arm/5.4.1/bin/../lib/gcc/arm-none-eabi/5.4.1/armv7-m\libgcc.a
LOAD c:/program files (x86)/cypress/psoc creator/4.4/psoc creator/import/gnu/arm/5.4.1/bin/../lib/gcc/arm-none-eabi/5.4.1/../../../../arm-none-eabi/lib/armv7-m\libc_nano.a
END GROUP
LOAD c:/program files (x86)/cypress/psoc creator/4.4/psoc creator/import/gnu/arm/5.4.1/bin/../lib/gcc/arm-none-eabi/5.4.1/armv7-m/crtend.o
LOAD c:/program files (x86)/cypress/psoc creator/4.4/psoc creator/import/gnu/arm/5.4.1/bin/../lib/gcc/arm-none-eabi/5.4.1/armv7-m/crtn.o
START GROUP
LOAD c:/program files (x86)/cypress/psoc creator/4.4/psoc creator/import/gnu/arm/5.4.1/bin/../lib/gcc/arm-none-eabi/5.4.1/armv7-m\libgcc.a
LOAD c:/program files (x86)/cypress/psoc creator/4.4/psoc creator/import/gnu/arm/5.4.1/bin/../lib/gcc/arm-none-eabi/5.4.1/../../../../arm-none-eabi/lib/armv7-m\libc.a
LOAD c:/program files (x86)/cypress/psoc creator/4.4/psoc creator/import/gnu/arm/5.4.1/bin/../lib/gcc/arm-none-eabi/5.4.1/../../../../arm-none-eabi/lib/armv7-m\libnosys.a
END GROUP
                0x00000000                CY_APPL_ORIGIN = 0x0
                0x00000100                CY_FLASH_ROW_SIZE = 0x100
                0x00000020                CY_ECC_ROW_SIZE = 0x20
                0x00000000                CY_EE_IN_BTLDR = 0x0
                0x00000000                CY_APPL_LOADABLE = 0x0
                0x00000800                CY_EE_SIZE = 0x800
                0x00000001                CY_APPL_NUM = 0x1
                0x00000001                CY_APPL_MAX = 0x1
                0x00000040                CY_METADATA_SIZE = 0x40
                0x00000000                CY_APPL_LOADABLE = 0x0
                0x00000000                CY_CHECKSUM_EXCLUDE_SIZE = ALIGN (0x0, CY_FLASH_ROW_SIZE)
                [!provide]                PROVIDE (__cy_heap_start, _end)
                0x00000001                PROVIDE (__cy_region_num, ((__cy_regions_end - __cy_regions) / 0x10))
                0x20008000                PROVIDE (__cy_stack, (ORIGIN (ram) + LENGTH (ram)))
                [!provide]                PROVIDE (__cy_heap_end, (__cy_stack - 0x800))

.cybootloader   0x00000000        0x0
 *(.cybootloader)
                0x00000000                appl1_start = CY_APPL_ORIGIN?CY_APPL_ORIGIN:ALIGN (CY_FLASH_ROW_SIZE)
                0x0001ff00                appl2_start = (appl1_start + ALIGN ((((LENGTH (rom) - appl1_start) - (0x2 * CY_FLASH_ROW_SIZE)) / 0x2), CY_FLASH_ROW_SIZE))
                0x00000000                appl_start = (CY_APPL_NUM == 0x1)?appl1_start:appl2_start
                0x00000000                ecc_offset = ((appl_start / CY_FLASH_ROW_SIZE) * CY_ECC_ROW_SIZE)
                0x00000000                ee_offset = (CY_APPL_LOADABLE && ! (CY_EE_IN_BTLDR))?((CY_EE_SIZE / CY_APPL_MAX) * (CY_APPL_NUM - 0x1)):0x0
                0x00000800                ee_size = (CY_APPL_LOADABLE && ! (CY_EE_IN_BTLDR))?(CY_EE_SIZE / CY_APPL_MAX):CY_EE_SIZE
                [!provide]                PROVIDE (CY_ECC_OFFSET, ecc_offset)

.text           0x00000000     0x2604
 CREATE_OBJECT_SYMBOLS
                0x00000000                PROVIDE (__cy_interrupt_vector, RomVectors)
 *(.romvectors)
 .romvectors    0x00000000       0x10 .\CortexM3\ARM_GCC_541\Debug\Cm3Start.o
                0x00000000                RomVectors
                0x00000001                ASSERT ((. != __cy_interrupt_vector), No interrupt vector)
                0x00000001                ASSERT (CY_APPL_ORIGIN?(SIZEOF (.cybootloader) <= CY_APPL_ORIGIN):0x1, Wrong image location)
                0x00000010                PROVIDE (__cy_reset, Reset)
 *(.text.Reset)
 .text.Reset    0x00000010       0x18 .\CortexM3\ARM_GCC_541\Debug\Cm3Start.o
                0x00000010                Reset
                0x00000001                ASSERT ((. != __cy_reset), No reset code)
 *(.dma_init)
                0x00000001                ASSERT ((((appl_start + .) <= 0x10000) || 0x1), DMA Init must be within the first 64k of flash)
 *(.text .text.* .gnu.linkonce.t.*)
 .text          0x00000028       0x5c c:/program files (x86)/cypress/psoc creator/4.4/psoc creator/import/gnu/arm/5.4.1/bin/../lib/gcc/arm-none-eabi/5.4.1/armv7-m/crtbegin.o
 .text.ISR2_systick_handler
                0x00000084        0xc .\CortexM3\ARM_GCC_541\Debug\main.o
                0x00000084                ISR2_systick_handler
 .text.systick_handler
                0x00000090       0x98 .\CortexM3\ARM_GCC_541\Debug\main.o
                0x00000090                systick_handler
 .text.main     0x00000128       0x28 .\CortexM3\ARM_GCC_541\Debug\main.o
                0x00000128                main
 .text.Functsk_init
                0x00000150       0x44 .\CortexM3\ARM_GCC_541\Debug\main.o
                0x00000150                Functsk_init
 .text.Functsk_background
                0x00000194        0x4 .\CortexM3\ARM_GCC_541\Debug\main.o
                0x00000194                Functsk_background
 .text.Functsk_json
                0x00000198       0x60 .\CortexM3\ARM_GCC_541\Debug\main.o
                0x00000198                Functsk_json
 .text.Functsk_sampleTask
                0x000001f8        0x8 .\CortexM3\ARM_GCC_541\Debug\main.o
                0x000001f8                Functsk_sampleTask
 .text.ISR2_isr_uart_rx
                0x00000200       0x50 .\CortexM3\ARM_GCC_541\Debug\main.o
                0x00000200                ISR2_isr_uart_rx
 .text.isr_uart_rx
                0x00000250       0x98 .\CortexM3\ARM_GCC_541\Debug\main.o
                0x00000250                isr_uart_rx
 .text.ringbuffer_write
                0x000002e8       0x30 .\CortexM3\ARM_GCC_541\Debug\Ringbuffer.o
                0x000002e8                ringbuffer_write
 .text.ringbuffer_read
                0x00000318       0x30 .\CortexM3\ARM_GCC_541\Debug\Ringbuffer.o
                0x00000318                ringbuffer_read
 .text.ringbuffer_clear
                0x00000348        0xc .\CortexM3\ARM_GCC_541\Debug\Ringbuffer.o
                0x00000348                ringbuffer_clear
 .text.ringbuffer_init
                0x00000354       0x18 .\CortexM3\ARM_GCC_541\Debug\Ringbuffer.o
                0x00000354                ringbuffer_init
 .text.prvTraceGetCurrentTaskId
                0x0000036c       0x14 .\CortexM3\ARM_GCC_541\Debug\trcKernelPort.o
                0x0000036c                prvTraceGetCurrentTaskId
 .text.prvGetTimestamp32
                0x00000380        0xc .\CortexM3\ARM_GCC_541\Debug\trcStreamingRecorder.o
 .text.prvAllocateBufferPage
                0x0000038c       0x44 .\CortexM3\ARM_GCC_541\Debug\trcStreamingRecorder.o
 .text.xTraceGetLastError
                0x000003d0       0xd8 .\CortexM3\ARM_GCC_541\Debug\trcStreamingRecorder.o
                0x000003d0                xTraceGetLastError
 .text.prvTraceSaveSymbol
                0x000004a8       0x8c .\CortexM3\ARM_GCC_541\Debug\trcStreamingRecorder.o
                0x000004a8                prvTraceSaveSymbol
 .text.prvTraceSaveObjectData
                0x00000534       0x6c .\CortexM3\ARM_GCC_541\Debug\trcStreamingRecorder.o
                0x00000534                prvTraceSaveObjectData
 .text.prvPagedEventBufferGetWritePointer
                0x000005a0       0xb0 .\CortexM3\ARM_GCC_541\Debug\trcStreamingRecorder.o
                0x000005a0                prvPagedEventBufferGetWritePointer
 .text.prvTraceStoreHeader
                0x00000650       0x48 .\CortexM3\ARM_GCC_541\Debug\trcStreamingRecorder.o
 .text.prvTraceStoreSymbolTable
                0x00000698       0x50 .\CortexM3\ARM_GCC_541\Debug\trcStreamingRecorder.o
 .text.prvTraceStoreObjectDataTable
                0x000006e8       0x50 .\CortexM3\ARM_GCC_541\Debug\trcStreamingRecorder.o
 .text.prvTraceStoreSimpleStringEventHelper
                0x00000738       0xcc .\CortexM3\ARM_GCC_541\Debug\trcStreamingRecorder.o
                0x00000738                prvTraceStoreSimpleStringEventHelper
 .text.vTracePrint
                0x00000804        0x8 .\CortexM3\ARM_GCC_541\Debug\trcStreamingRecorder.o
                0x00000804                vTracePrint
 .text.prvTraceStoreWarnings
                0x0000080c       0x24 .\CortexM3\ARM_GCC_541\Debug\trcStreamingRecorder.o
 .text.prvPagedEventBufferInit
                0x00000830       0x48 .\CortexM3\ARM_GCC_541\Debug\trcStreamingRecorder.o
                0x00000830                prvPagedEventBufferInit
 .text.prvSetRecorderEnabled
                0x00000878       0x80 .\CortexM3\ARM_GCC_541\Debug\trcStreamingRecorder.o
 .text.prvTraceError
                0x000008f8       0x30 .\CortexM3\ARM_GCC_541\Debug\trcStreamingRecorder.o
                0x000008f8                prvTraceError
 .text.prvTraceStoreStringEventHelper
                0x00000928       0xe8 .\CortexM3\ARM_GCC_541\Debug\trcStreamingRecorder.o
 .text.vTracePrintF
                0x00000a10       0x68 .\CortexM3\ARM_GCC_541\Debug\trcStreamingRecorder.o
                0x00000a10                vTracePrintF
 .text.prvTraceStoreStringEvent
                0x00000a78       0x34 .\CortexM3\ARM_GCC_541\Debug\trcStreamingRecorder.o
                0x00000a78                prvTraceStoreStringEvent
 .text.prvTraceStoreEvent1
                0x00000aac       0x5c .\CortexM3\ARM_GCC_541\Debug\trcStreamingRecorder.o
                0x00000aac                prvTraceStoreEvent1
 .text.prvTraceStoreEvent2
                0x00000b08       0x6c .\CortexM3\ARM_GCC_541\Debug\trcStreamingRecorder.o
                0x00000b08                prvTraceStoreEvent2
 .text.prvTraceStoreEvent3
                0x00000b74       0x70 .\CortexM3\ARM_GCC_541\Debug\trcStreamingRecorder.o
                0x00000b74                prvTraceStoreEvent3
 .text.prvTraceStoreEvent
                0x00000be4       0x88 .\CortexM3\ARM_GCC_541\Debug\trcStreamingRecorder.o
                0x00000be4                prvTraceStoreEvent
 .text.prvTraceStoreTSConfig
                0x00000c6c       0x38 .\CortexM3\ARM_GCC_541\Debug\trcStreamingRecorder.o
 .text.LED_Set  0x00000ca4       0x60 .\CortexM3\ARM_GCC_541\Debug\led.o
                0x00000ca4                LED_Set
 .text.LED_Init
                0x00000d04       0x34 .\CortexM3\ARM_GCC_541\Debug\led.o
                0x00000d04                LED_Init
 .text.LED_Toggle
                0x00000d38       0x84 .\CortexM3\ARM_GCC_541\Debug\led.o
                0x00000d38                LED_Toggle
 .text.CyClockStartupError
                0x00000dbc        0x4 .\CortexM3\ARM_GCC_541\Debug\cyfitter_cfg.o
 .text.cfg_write_bytes32
                0x00000dc0       0x34 .\CortexM3\ARM_GCC_541\Debug\cyfitter_cfg.o
 .text.ClockSetup
                0x00000df4       0xec .\CortexM3\ARM_GCC_541\Debug\cyfitter_cfg.o
 .text.CYMEMZERO
                0x00000ee0        0xc .\CortexM3\ARM_GCC_541\Debug\cyfitter_cfg.o
 .text.AnalogSetDefault
                0x00000eec       0x7c .\CortexM3\ARM_GCC_541\Debug\cyfitter_cfg.o
 .text.CYCONFIGCPY
                0x00000f68        0x8 .\CortexM3\ARM_GCC_541\Debug\cyfitter_cfg.o
 .text.cyfitter_cfg
                0x00000f70      0x148 .\CortexM3\ARM_GCC_541\Debug\cyfitter_cfg.o
                0x00000f70                cyfitter_cfg
 .text.IntDefaultHandler
                0x000010b8       0x10 .\CortexM3\ARM_GCC_541\Debug\Cm3Start.o
                0x000010b8                IntDefaultHandler
 .text._sbrk    0x000010c8       0x30 .\CortexM3\ARM_GCC_541\Debug\Cm3Start.o
                0x000010c8                _sbrk
 .text.Start_c  0x000010f8       0x4c .\CortexM3\ARM_GCC_541\Debug\Cm3Start.o
                0x000010f8                Start_c
 .text.initialize_psoc
                0x00001144       0x6c .\CortexM3\ARM_GCC_541\Debug\Cm3Start.o
                0x00001144                initialize_psoc
 .text.LED_red_Write
                0x000011b0       0x18 .\CortexM3\ARM_GCC_541\Debug\JSONParser.a(LED_red.o)
                0x000011b0                LED_red_Write
 .text.LED_yellow_Write
                0x000011c8       0x18 .\CortexM3\ARM_GCC_541\Debug\JSONParser.a(LED_yellow.o)
                0x000011c8                LED_yellow_Write
 .text.LED_green_Write
                0x000011e0       0x18 .\CortexM3\ARM_GCC_541\Debug\JSONParser.a(LED_green.o)
                0x000011e0                LED_green_Write
 .text.UART_LOG_Init
                0x000011f8       0x24 .\CortexM3\ARM_GCC_541\Debug\JSONParser.a(UART_LOG.o)
                0x000011f8                UART_LOG_Init
 .text.UART_LOG_Enable
                0x0000121c       0x38 .\CortexM3\ARM_GCC_541\Debug\JSONParser.a(UART_LOG.o)
                0x0000121c                UART_LOG_Enable
 .text.UART_LOG_Start
                0x00001254       0x1c .\CortexM3\ARM_GCC_541\Debug\JSONParser.a(UART_LOG.o)
                0x00001254                UART_LOG_Start
 .text.UART_LOG_ReadRxData
                0x00001270        0xc .\CortexM3\ARM_GCC_541\Debug\JSONParser.a(UART_LOG.o)
                0x00001270                UART_LOG_ReadRxData
 .text.UART_LOG_ReadRxStatus
                0x0000127c       0x10 .\CortexM3\ARM_GCC_541\Debug\JSONParser.a(UART_LOG.o)
                0x0000127c                UART_LOG_ReadRxStatus
 .text.UART_LOG_GetByte
                0x0000128c       0x14 .\CortexM3\ARM_GCC_541\Debug\JSONParser.a(UART_LOG.o)
                0x0000128c                UART_LOG_GetByte
 .text.UART_LOG_GetRxBufferSize
                0x000012a0       0x18 .\CortexM3\ARM_GCC_541\Debug\JSONParser.a(UART_LOG.o)
                0x000012a0                UART_LOG_GetRxBufferSize
 .text.UART_LOG_PutChar
                0x000012b8       0x18 .\CortexM3\ARM_GCC_541\Debug\JSONParser.a(UART_LOG.o)
                0x000012b8                UART_LOG_PutChar
 .text.UART_LOG_PutString
                0x000012d0       0x24 .\CortexM3\ARM_GCC_541\Debug\JSONParser.a(UART_LOG.o)
                0x000012d0                UART_LOG_PutString
 .text.RGB_PWM_red_Enable
                0x000012f4       0x10 .\CortexM3\ARM_GCC_541\Debug\JSONParser.a(RGB_PWM_red.o)
                0x000012f4                RGB_PWM_red_Enable
 .text.RGB_PWM_red_WriteCounter
                0x00001304        0xc .\CortexM3\ARM_GCC_541\Debug\JSONParser.a(RGB_PWM_red.o)
                0x00001304                RGB_PWM_red_WriteCounter
 .text.RGB_PWM_red_WritePeriod
                0x00001310        0xc .\CortexM3\ARM_GCC_541\Debug\JSONParser.a(RGB_PWM_red.o)
                0x00001310                RGB_PWM_red_WritePeriod
 .text.RGB_PWM_red_WriteCompare
                0x0000131c        0xc .\CortexM3\ARM_GCC_541\Debug\JSONParser.a(RGB_PWM_red.o)
                0x0000131c                RGB_PWM_red_WriteCompare
 .text.RGB_PWM_red_Init
                0x00001328       0x40 .\CortexM3\ARM_GCC_541\Debug\JSONParser.a(RGB_PWM_red.o)
                0x00001328                RGB_PWM_red_Init
 .text.RGB_PWM_red_Start
                0x00001368       0x1c .\CortexM3\ARM_GCC_541\Debug\JSONParser.a(RGB_PWM_red.o)
                0x00001368                RGB_PWM_red_Start
 .text.RGB_PWM_green_Enable
                0x00001384       0x10 .\CortexM3\ARM_GCC_541\Debug\JSONParser.a(RGB_PWM_green.o)
                0x00001384                RGB_PWM_green_Enable
 .text.RGB_PWM_green_WriteCounter
                0x00001394        0xc .\CortexM3\ARM_GCC_541\Debug\JSONParser.a(RGB_PWM_green.o)
                0x00001394                RGB_PWM_green_WriteCounter
 .text.RGB_PWM_green_WritePeriod
                0x000013a0        0xc .\CortexM3\ARM_GCC_541\Debug\JSONParser.a(RGB_PWM_green.o)
                0x000013a0                RGB_PWM_green_WritePeriod
 .text.RGB_PWM_green_WriteCompare
                0x000013ac        0xc .\CortexM3\ARM_GCC_541\Debug\JSONParser.a(RGB_PWM_green.o)
                0x000013ac                RGB_PWM_green_WriteCompare
 .text.RGB_PWM_green_Init
                0x000013b8       0x40 .\CortexM3\ARM_GCC_541\Debug\JSONParser.a(RGB_PWM_green.o)
                0x000013b8                RGB_PWM_green_Init
 .text.RGB_PWM_green_Start
                0x000013f8       0x1c .\CortexM3\ARM_GCC_541\Debug\JSONParser.a(RGB_PWM_green.o)
                0x000013f8                RGB_PWM_green_Start
 .text.RGB_PWM_blue_Enable
                0x00001414       0x10 .\CortexM3\ARM_GCC_541\Debug\JSONParser.a(RGB_PWM_blue.o)
                0x00001414                RGB_PWM_blue_Enable
 .text.RGB_PWM_blue_WriteCounter
                0x00001424        0xc .\CortexM3\ARM_GCC_541\Debug\JSONParser.a(RGB_PWM_blue.o)
                0x00001424                RGB_PWM_blue_WriteCounter
 .text.RGB_PWM_blue_WritePeriod
                0x00001430        0xc .\CortexM3\ARM_GCC_541\Debug\JSONParser.a(RGB_PWM_blue.o)
                0x00001430                RGB_PWM_blue_WritePeriod
 .text.RGB_PWM_blue_WriteCompare
                0x0000143c        0xc .\CortexM3\ARM_GCC_541\Debug\JSONParser.a(RGB_PWM_blue.o)
                0x0000143c                RGB_PWM_blue_WriteCompare
 .text.RGB_PWM_blue_Init
                0x00001448       0x40 .\CortexM3\ARM_GCC_541\Debug\JSONParser.a(RGB_PWM_blue.o)
                0x00001448                RGB_PWM_blue_Init
 .text.RGB_PWM_blue_Start
                0x00001488       0x1c .\CortexM3\ARM_GCC_541\Debug\JSONParser.a(RGB_PWM_blue.o)
                0x00001488                RGB_PWM_blue_Start
 .text.EE_oo_ActivateTask
                0x000014a4       0xe8 .\CortexM3\ARM_GCC_541\Debug\JSONParser.a(ErikaOS_1_ee_activate.o)
                0x000014a4                EE_oo_ActivateTask
 .text.EE_oo_handle_action_callback
                0x0000158c        0xc .\CortexM3\ARM_GCC_541\Debug\JSONParser.a(ErikaOS_1_ee_altick.o)
 .text.EE_oo_handle_action_task
                0x00001598       0x4c .\CortexM3\ARM_GCC_541\Debug\JSONParser.a(ErikaOS_1_ee_altick.o)
 .text.EE_oo_handle_action_event
                0x000015e4       0x60 .\CortexM3\ARM_GCC_541\Debug\JSONParser.a(ErikaOS_1_ee_altick.o)
 .text.EE_oo_handle_action
                0x00001644       0x28 .\CortexM3\ARM_GCC_541\Debug\JSONParser.a(ErikaOS_1_ee_altick.o)
 .text.EE_oo_counter_object_insert
                0x0000166c       0x9c .\CortexM3\ARM_GCC_541\Debug\JSONParser.a(ErikaOS_1_ee_altick.o)
                0x0000166c                EE_oo_counter_object_insert
 .text.EE_oo_IncrementCounterImplementation
                0x00001708      0x120 .\CortexM3\ARM_GCC_541\Debug\JSONParser.a(ErikaOS_1_ee_altick.o)
                0x00001708                EE_oo_IncrementCounterImplementation
 .text.EE_oo_IncrementCounter
                0x00001828       0xb0 .\CortexM3\ARM_GCC_541\Debug\JSONParser.a(ErikaOS_1_ee_altick.o)
                0x00001828                EE_oo_IncrementCounter
 .text.EE_oo_ClearEvent
                0x000018d8       0x60 .\CortexM3\ARM_GCC_541\Debug\JSONParser.a(ErikaOS_1_ee_evclear.o)
                0x000018d8                EE_oo_ClearEvent
 .text.EE_oo_GetEvent
                0x00001938       0x50 .\CortexM3\ARM_GCC_541\Debug\JSONParser.a(ErikaOS_1_ee_evget.o)
                0x00001938                EE_oo_GetEvent
 .text.EE_oo_SetEvent
                0x00001988      0x124 .\CortexM3\ARM_GCC_541\Debug\JSONParser.a(ErikaOS_1_ee_evset.o)
                0x00001988                EE_oo_SetEvent
 .text.EE_oo_WaitEvent
                0x00001aac      0x12c .\CortexM3\ARM_GCC_541\Debug\JSONParser.a(ErikaOS_1_ee_evwait.o)
                0x00001aac                EE_oo_WaitEvent
 .text.EE_oo_GetTaskID
                0x00001bd8       0x14 .\CortexM3\ARM_GCC_541\Debug\JSONParser.a(ErikaOS_1_ee_gettaskid.o)
                0x00001bd8                EE_oo_GetTaskID
 .text.EE_IRQ_run_next_task
                0x00001bec       0x54 .\CortexM3\ARM_GCC_541\Debug\JSONParser.a(ErikaOS_1_ee_irqendin.o)
 .text.EE_IRQ_end_instance
                0x00001c40       0x68 .\CortexM3\ARM_GCC_541\Debug\JSONParser.a(ErikaOS_1_ee_irqendin.o)
                0x00001c40                EE_IRQ_end_instance
 .text.EE_IRQ_end_post_stub
                0x00001ca8       0x14 .\CortexM3\ARM_GCC_541\Debug\JSONParser.a(ErikaOS_1_ee_irqendin.o)
                0x00001ca8                EE_IRQ_end_post_stub
 .text.EE_rq2stk_exchange
                0x00001cbc       0x88 .\CortexM3\ARM_GCC_541\Debug\JSONParser.a(ErikaOS_1_ee_rq_exchg.o)
                0x00001cbc                EE_rq2stk_exchange
 .text.EE_rq_queryfirst
                0x00001d44       0x44 .\CortexM3\ARM_GCC_541\Debug\JSONParser.a(ErikaOS_1_ee_rq_first.o)
                0x00001d44                EE_rq_queryfirst
 .text.EE_rq_insert
                0x00001d88       0x74 .\CortexM3\ARM_GCC_541\Debug\JSONParser.a(ErikaOS_1_ee_rq_inser.o)
                0x00001d88                EE_rq_insert
 .text.compute_task_tid
                0x00001dfc       0x10 .\CortexM3\ARM_GCC_541\Debug\JSONParser.a(ErikaOS_1_ee_startos.o)
 .text.EE_oo_start_os
                0x00001e0c        0xc .\CortexM3\ARM_GCC_541\Debug\JSONParser.a(ErikaOS_1_ee_startos.o)
 .text.EE_oo_creatTaskInfo
                0x00001e18       0x88 .\CortexM3\ARM_GCC_541\Debug\JSONParser.a(ErikaOS_1_ee_startos.o)
 .text.EE_oo_autostart_tasks
                0x00001ea0       0x60 .\CortexM3\ARM_GCC_541\Debug\JSONParser.a(ErikaOS_1_ee_startos.o)
 .text.EE_oo_autostart_os
                0x00001f00        0xc .\CortexM3\ARM_GCC_541\Debug\JSONParser.a(ErikaOS_1_ee_startos.o)
 .text.EE_oo_StartOS
                0x00001f0c       0x90 .\CortexM3\ARM_GCC_541\Debug\JSONParser.a(ErikaOS_1_ee_startos.o)
                0x00001f0c                EE_oo_StartOS
 .text.EE_oo_TerminateTask
                0x00001f9c       0x3c .\CortexM3\ARM_GCC_541\Debug\JSONParser.a(ErikaOS_1_ee_terminat.o)
                0x00001f9c                EE_oo_TerminateTask
 .text.EE_system_init
                0x00001fd8       0x48 .\CortexM3\ARM_GCC_541\Debug\JSONParser.a(ErikaOS_1_cortex_mx_ee_utils.o)
                0x00001fd8                EE_system_init
 .text.UART_LOG_IntClock_Start
                0x00002020       0x1c .\CortexM3\ARM_GCC_541\Debug\JSONParser.a(UART_LOG_IntClock.o)
                0x00002020                UART_LOG_IntClock_Start
 .text.CyDmacConfigure
                0x0000203c       0x34 .\CortexM3\ARM_GCC_541\Debug\JSONParser.a(CyDmac.o)
                0x0000203c                CyDmacConfigure
 .text.CyHalt   0x00002070        0x4 .\CortexM3\ARM_GCC_541\Debug\JSONParser.a(CyLib.o)
                0x00002070                CyHalt
 .text.CyDelayUs
                0x00002074       0x14 .\CortexM3\ARM_GCC_541\Debug\JSONParser.a(CyLib.o)
                0x00002074                CyDelayUs
 .text.CyIntSetPriority
                0x00002088       0x30 .\CortexM3\ARM_GCC_541\Debug\JSONParser.a(CyLib.o)
                0x00002088                CyIntSetPriority
 .text          0x000020b8       0x7c .\CortexM3\ARM_GCC_541\Debug\JSONParser.a(ErikaOS_1_ee_gnu_change_context_isr.o)
                0x000020b8                EE_set_switch_context_pri
                0x000020d2                EE_switch_context
                0x000020dc                EE_cortex_mx_pendsv_ISR
                0x00002118                EE_cortex_mx_svc_ISR
 .text          0x00002134       0x24 .\CortexM3\ARM_GCC_541\Debug\JSONParser.a(ErikaOS_1_ee_gnu_irq_stack.o)
                0x00002134                EE_cortex_mx_change_IRQ_stack
                0x00002146                EE_cortex_mx_change_IRQ_stack_back
 .text          0x00002158       0x68 .\CortexM3\ARM_GCC_541\Debug\JSONParser.a(ErikaOS_1_ee_gnu_multi_context.o)
                0x00002158                EE_cortex_mx_change_context
 .text          0x000021c0       0x80 .\CortexM3\ARM_GCC_541\Debug\JSONParser.a(ErikaOS_1_ee_gnu_oo.o)
                0x000021c0                EE_hal_terminate_savestk
                0x0000220a                EE_hal_terminate_task
 .text          0x00002240       0x20 .\CortexM3\ARM_GCC_541\Debug\JSONParser.a(CyBootAsmGnu.o)
                0x00002240                CyDelayCycles
                0x00002250                CyEnterCriticalSection
                0x00002258                CyExitCriticalSection
 .text.EE_thread_not_terminated
                0x00002260       0x10 .\CortexM3\ARM_GCC_541\Debug\JSONParser.a(ErikaOS_1_ee_tnterm.o)
                0x00002260                EE_thread_not_terminated
 .text.EE_oo_thread_stub
                0x00002270       0x30 .\CortexM3\ARM_GCC_541\Debug\JSONParser.a(ErikaOS_1_ee_tstub.o)
                0x00002270                EE_oo_thread_stub
 .text.EE_std_run_task_code
                0x000022a0       0x18 .\CortexM3\ARM_GCC_541\Debug\JSONParser.a(ErikaOS_1_cortex_mx_ee_context.o)
                0x000022a0                EE_std_run_task_code
 .text.EE_std_need_context_change
                0x000022b8       0x28 .\CortexM3\ARM_GCC_541\Debug\JSONParser.a(ErikaOS_1_cortex_mx_ee_context.o)
                0x000022b8                EE_std_need_context_change
 .text.EE_thread_rnact_max
                0x000022e0       0x20 .\CortexM3\ARM_GCC_541\Debug\JSONParser.a(ErikaOS_1_ee_thendin.o)
 .text.EE_thread_endcycle_next
                0x00002300       0x54 .\CortexM3\ARM_GCC_541\Debug\JSONParser.a(ErikaOS_1_ee_thendin.o)
 .text.EE_thread_end_instance
                0x00002354      0x140 .\CortexM3\ARM_GCC_541\Debug\JSONParser.a(ErikaOS_1_ee_thendin.o)
                0x00002354                EE_thread_end_instance
 .text.__errno  0x00002494        0xc c:/program files (x86)/cypress/psoc creator/4.4/psoc creator/import/gnu/arm/5.4.1/bin/../lib/gcc/arm-none-eabi/5.4.1/../../../../arm-none-eabi/lib/armv7-m\libg_nano.a(lib_a-errno.o)
                0x00002494                __errno
 .text.__libc_init_array
                0x000024a0       0x4c c:/program files (x86)/cypress/psoc creator/4.4/psoc creator/import/gnu/arm/5.4.1/bin/../lib/gcc/arm-none-eabi/5.4.1/../../../../arm-none-eabi/lib/armv7-m\libg_nano.a(lib_a-init.o)
                0x000024a0                __libc_init_array
 .text.malloc   0x000024ec       0x10 c:/program files (x86)/cypress/psoc creator/4.4/psoc creator/import/gnu/arm/5.4.1/bin/../lib/gcc/arm-none-eabi/5.4.1/../../../../arm-none-eabi/lib/armv7-m\libg_nano.a(lib_a-malloc.o)
                0x000024ec                malloc
 .text.memcpy   0x000024fc       0x16 c:/program files (x86)/cypress/psoc creator/4.4/psoc creator/import/gnu/arm/5.4.1/bin/../lib/gcc/arm-none-eabi/5.4.1/../../../../arm-none-eabi/lib/armv7-m\libg_nano.a(lib_a-memcpy-stub.o)
                0x000024fc                memcpy
 .text.memset   0x00002512       0x10 c:/program files (x86)/cypress/psoc creator/4.4/psoc creator/import/gnu/arm/5.4.1/bin/../lib/gcc/arm-none-eabi/5.4.1/../../../../arm-none-eabi/lib/armv7-m\libg_nano.a(lib_a-memset.o)
                0x00002512                memset
 *fill*         0x00002522        0x2 
 .text._malloc_r
                0x00002524       0xbc c:/program files (x86)/cypress/psoc creator/4.4/psoc creator/import/gnu/arm/5.4.1/bin/../lib/gcc/arm-none-eabi/5.4.1/../../../../arm-none-eabi/lib/armv7-m\libg_nano.a(lib_a-nano-mallocr.o)
                0x00002524                _malloc_r
 .text._sbrk_r  0x000025e0       0x20 c:/program files (x86)/cypress/psoc creator/4.4/psoc creator/import/gnu/arm/5.4.1/bin/../lib/gcc/arm-none-eabi/5.4.1/../../../../arm-none-eabi/lib/armv7-m\libg_nano.a(lib_a-sbrkr.o)
                0x000025e0                _sbrk_r
 .text.__malloc_lock
                0x00002600        0x2 c:/program files (x86)/cypress/psoc creator/4.4/psoc creator/import/gnu/arm/5.4.1/bin/../lib/gcc/arm-none-eabi/5.4.1/../../../../arm-none-eabi/lib/armv7-m\libg_nano.a(lib_a-mlock.o)
                0x00002600                __malloc_lock
 .text.__malloc_unlock
                0x00002602        0x2 c:/program files (x86)/cypress/psoc creator/4.4/psoc creator/import/gnu/arm/5.4.1/bin/../lib/gcc/arm-none-eabi/5.4.1/../../../../arm-none-eabi/lib/armv7-m\libg_nano.a(lib_a-mlock.o)
                0x00002602                __malloc_unlock
 *(.plt)
 *(.gnu.warning)
 *(.glue_7t)
 .glue_7t       0x00002604        0x0 linker stubs
 *(.glue_7)
 .glue_7        0x00002604        0x0 linker stubs
 *(.vfp11_veneer)
 .vfp11_veneer  0x00002604        0x0 linker stubs
 *(.bootloader)
 *(.ARM.extab* .gnu.linkonce.armextab.*)
 *(.gcc_except_table)

.v4_bx          0x00002604        0x0
 .v4_bx         0x00002604        0x0 linker stubs

.iplt           0x00002604        0x0
 .iplt          0x00002604        0x0 c:/program files (x86)/cypress/psoc creator/4.4/psoc creator/import/gnu/arm/5.4.1/bin/../lib/gcc/arm-none-eabi/5.4.1/armv7-m/crtbegin.o

.eh_frame_hdr
 *(.eh_frame_hdr)

.eh_frame       0x00002604        0x4
 *(.eh_frame)
 .eh_frame      0x00002604        0x0 c:/program files (x86)/cypress/psoc creator/4.4/psoc creator/import/gnu/arm/5.4.1/bin/../lib/gcc/arm-none-eabi/5.4.1/armv7-m/crtbegin.o
 .eh_frame      0x00002604        0x4 c:/program files (x86)/cypress/psoc creator/4.4/psoc creator/import/gnu/arm/5.4.1/bin/../lib/gcc/arm-none-eabi/5.4.1/armv7-m/crtend.o
                [!provide]                PROVIDE (__exidx_start, .)

.ARM.exidx
 *(.ARM.exidx* .gnu.linkonce.armexidx.*)
                0x00002608                __exidx_end = .

.rodata         0x00002608      0x4e0
 *(.rodata .rodata.* .gnu.linkonce.r.*)
 .rodata.str1.4
                0x00002608        0xd .\CortexM3\ARM_GCC_541\Debug\main.o
 *fill*         0x00002615        0x3 
 .rodata.str1.4
                0x00002618      0x248 .\CortexM3\ARM_GCC_541\Debug\trcStreamingRecorder.o
 .rodata        0x00002860       0x36 .\CortexM3\ARM_GCC_541\Debug\cyfitter_cfg.o
 *fill*         0x00002896        0x2 
 .rodata        0x00002898      0x100 .\CortexM3\ARM_GCC_541\Debug\JSONParser.a(ErikaOS_1_ee_lookup.o)
                0x00002898                EE_rq_lookup
 .rodata        0x00002998       0xb8 .\CortexM3\ARM_GCC_541\Debug\JSONParser.a(ErikaOS_1_eecfg.o)
                0x00002998                EE_oo_autostart_task_data
                0x000029a4                EE_oo_action_ROM
                0x000029b8                EE_oo_counter_object_ROM
                0x000029c4                EE_ALARM_ID
                0x000029c8                EE_alarm_ROM
                0x000029cc                EE_counter_ROM
                0x000029d8                EE_th_is_extended
                0x000029e8                EE_th_rnact_max
                0x000029f8                EE_th_dispatch_prio
                0x00002a08                EE_EVENT_ID
                0x00002a0c                EE_th_ready_prio
                0x00002a1c                EE_terminate_real_th_body
                0x00002a2c                EE_hal_thread_body
                0x00002a3c                EE_std_thread_tos
 .rodata.str1.4
                0x00002a50       0x5c .\CortexM3\ARM_GCC_541\Debug\JSONParser.a(ErikaOS_1_eecfg.o)
                                 0x5b (size before relaxing)
 .rodata.str1.1
                0x00002aac        0x2 c:/program files (x86)/cypress/psoc creator/4.4/psoc creator/import/gnu/arm/5.4.1/bin/../lib/gcc/arm-none-eabi/5.4.1/../../../../arm-none-eabi/lib/armv7-m\libg_nano.a(lib_a-impure.o)
                0x00002ab0                . = ALIGN (0x4)
 *fill*         0x00002aae        0x2 
 *(.init)
 .init          0x00002ab0        0x4 c:/program files (x86)/cypress/psoc creator/4.4/psoc creator/import/gnu/arm/5.4.1/bin/../lib/gcc/arm-none-eabi/5.4.1/armv7-m/crti.o
                0x00002ab0                _init
 .init          0x00002ab4        0x8 c:/program files (x86)/cypress/psoc creator/4.4/psoc creator/import/gnu/arm/5.4.1/bin/../lib/gcc/arm-none-eabi/5.4.1/armv7-m/crtn.o
                0x00002abc                . = ALIGN (0x4)
                0x00002abc                __preinit_array_start = .
 *(.preinit_array)
                0x00002abc                __preinit_array_end = .
                0x00002abc                . = ALIGN (0x4)
                0x00002abc                __init_array_start = .
 *(SORT(.init_array.*))
 *(.init_array)
 .init_array    0x00002abc        0x4 c:/program files (x86)/cypress/psoc creator/4.4/psoc creator/import/gnu/arm/5.4.1/bin/../lib/gcc/arm-none-eabi/5.4.1/armv7-m/crtbegin.o
 .init_array    0x00002ac0        0x4 .\CortexM3\ARM_GCC_541\Debug\Cm3Start.o
                0x00002ac4                __init_array_end = .
                0x00002ac4                . = ALIGN (0x4)
 *(.fini)
 .fini          0x00002ac4        0x4 c:/program files (x86)/cypress/psoc creator/4.4/psoc creator/import/gnu/arm/5.4.1/bin/../lib/gcc/arm-none-eabi/5.4.1/armv7-m/crti.o
                0x00002ac4                _fini
 .fini          0x00002ac8        0x8 c:/program files (x86)/cypress/psoc creator/4.4/psoc creator/import/gnu/arm/5.4.1/bin/../lib/gcc/arm-none-eabi/5.4.1/armv7-m/crtn.o
                0x00002ad0                . = ALIGN (0x4)
                0x00002ad0                __fini_array_start = .
 *(.fini_array)
 .fini_array    0x00002ad0        0x4 c:/program files (x86)/cypress/psoc creator/4.4/psoc creator/import/gnu/arm/5.4.1/bin/../lib/gcc/arm-none-eabi/5.4.1/armv7-m/crtbegin.o
 *(SORT(.fini_array.*))
                0x00002ad4                __fini_array_end = .
                0x00002ad4                . = ALIGN (0x4)
 *crtbegin.o(.ctors)
 *(EXCLUDE_FILE(*crtend.o) .ctors)
 *(SORT(.ctors.*))
 *crtend.o(.ctors)
                0x00002ad4                . = ALIGN (0x4)
 *crtbegin.o(.dtors)
 *(EXCLUDE_FILE(*crtend.o) .dtors)
 *(SORT(.dtors.*))
 *crtend.o(.dtors)
                0x00002ad4                . = ALIGN (0x4)
                0x00002ad4                __cy_regions = .
                0x00002ad4        0x4 LONG 0x2ae8 __cy_region_init_ram
                0x00002ad8        0x4 LONG 0x1fff80c8 __cy_region_start_data
                0x00002adc        0x4 LONG 0x1b0 __cy_region_init_size_ram
                0x00002ae0        0x4 LONG 0x1ef0 __cy_region_zero_size_ram
                0x00002ae4                __cy_regions_end = .
                0x00002ae8                . = ALIGN (0x8)
 *fill*         0x00002ae4        0x4 
                0x00002ae8                _etext = .

.cy_checksum_exclude
                0x00002ae8        0x0
 *(.cy_checksum_exclude)

.ramvectors     0x1fff8000       0xc0
                0x1fff8000                __cy_region_start_ram = .
 *(.ramvectors)
 .ramvectors    0x1fff8000       0xc0 .\CortexM3\ARM_GCC_541\Debug\Cm3Start.o
                0x1fff8000                CyRamVectors

.noinit         0x1fff80c0        0x1
 *(.noinit)
 .noinit        0x1fff80c0        0x1 .\CortexM3\ARM_GCC_541\Debug\JSONParser.a(CyLib.o)
                0x1fff80c0                CyResetStatus

.data           0x1fff80c8      0x1b0 load address 0x00002ae8
                0x1fff80c8                __cy_region_start_data = .
 *(.jcr)
 .jcr           0x1fff80c8        0x0 c:/program files (x86)/cypress/psoc creator/4.4/psoc creator/import/gnu/arm/5.4.1/bin/../lib/gcc/arm-none-eabi/5.4.1/armv7-m/crtbegin.o
 .jcr           0x1fff80c8        0x4 c:/program files (x86)/cypress/psoc creator/4.4/psoc creator/import/gnu/arm/5.4.1/bin/../lib/gcc/arm-none-eabi/5.4.1/armv7-m/crtend.o
 *(.got.plt)
 *(.got)
 *(.shdata)
 *(.data .data.* .gnu.linkonce.d.*)
 .data          0x1fff80cc       0x15 .\CortexM3\ARM_GCC_541\Debug\trcStreamingRecorder.o
                0x1fff80cc                TotalBytesRemaining
                0x1fff80d2                CurrentFilterMask
                0x1fff80d4                CurrentFilterGroup
                0x1fff80dc                TotalBytesRemaining_LowWaterMark
 *fill*         0x1fff80e1        0x3 
 .data          0x1fff80e4        0x4 .\CortexM3\ARM_GCC_541\Debug\Cm3Start.o
 .data          0x1fff80e8      0x110 .\CortexM3\ARM_GCC_541\Debug\JSONParser.a(ErikaOS_1_eecfg.o)
                0x1fff80e8                EE_ALARM_NAME
                0x1fff80ec                EE_counter_RAM
                0x1fff80f4                EE_th_terminate_nextask
                0x1fff8104                EE_rq_pairs_next
                0x1fff8114                EE_rq_link
                0x1fff8124                EE_th_rnact
                0x1fff8134                EE_rq_queues_tail
                0x1fff8174                EE_rq_queues_head
                0x1fff81b4                EE_stkfirst
                0x1fff81b8                EE_th_next
                0x1fff81c8                EE_th_status
                0x1fff81d8                EE_EVENT_NAME
                0x1fff81dc                EE_TASK_NAME
                0x1fff81ec                EE_cortex_mx_IRQ_tos
                0x1fff81f0                EE_cortex_mx_system_tos
 .data          0x1fff81f8        0x8 .\CortexM3\ARM_GCC_541\Debug\JSONParser.a(CyDmac.o)
 .data          0x1fff8200       0x10 .\CortexM3\ARM_GCC_541\Debug\JSONParser.a(CyLib.o)
                0x1fff8200                cydelay_32k_ms
                0x1fff8204                cydelay_freq_khz
                0x1fff8208                cydelay_freq_mhz
                0x1fff820c                cydelay_freq_hz
 .data          0x1fff8210        0x4 .\CortexM3\ARM_GCC_541\Debug\JSONParser.a(ErikaOS_1_ee_gnu_irq_stack.o)
 .data.impure_data
                0x1fff8214       0x60 c:/program files (x86)/cypress/psoc creator/4.4/psoc creator/import/gnu/arm/5.4.1/bin/../lib/gcc/arm-none-eabi/5.4.1/../../../../arm-none-eabi/lib/armv7-m\libg_nano.a(lib_a-impure.o)
 .data._impure_ptr
                0x1fff8274        0x4 c:/program files (x86)/cypress/psoc creator/4.4/psoc creator/import/gnu/arm/5.4.1/bin/../lib/gcc/arm-none-eabi/5.4.1/../../../../arm-none-eabi/lib/armv7-m\libg_nano.a(lib_a-impure.o)
                0x1fff8274                _impure_ptr
                0x1fff8278                . = ALIGN (0x8)
 *(.ram)
                0x1fff8278                _edata = .

.igot.plt       0x1fff8278        0x0 load address 0x00002c98
 .igot.plt      0x1fff8278        0x0 c:/program files (x86)/cypress/psoc creator/4.4/psoc creator/import/gnu/arm/5.4.1/bin/../lib/gcc/arm-none-eabi/5.4.1/armv7-m/crtbegin.o

.bss            0x1fff8278     0x1ef0 load address 0x00002c98
                0x1fff8278                PROVIDE (__bss_start__, .)
 *(.shbss)
 *(.bss .bss.* .gnu.linkonce.b.*)
 .bss           0x1fff8278       0x1c c:/program files (x86)/cypress/psoc creator/4.4/psoc creator/import/gnu/arm/5.4.1/bin/../lib/gcc/arm-none-eabi/5.4.1/armv7-m/crtbegin.o
 .bss           0x1fff8294        0x4 .\CortexM3\ARM_GCC_541\Debug\main.o
                0x1fff8294                endOfStringRecieved
 .bss           0x1fff8298      0x69c .\CortexM3\ARM_GCC_541\Debug\trcStreamingRecorder.o
                0x1fff8298                EventBuffer
                0x1fff829c                timestampFrequency
                0x1fff82a4                NoRoomForSymbol
                0x1fff82a8                LongestSymbolName
                0x1fff82ac                NoRoomForObjectData
                0x1fff82b0                MaxBytesTruncated
                0x1fff82b4                RecorderEnabled
                0x1fff8900                DroppedEventCounter
                0x1fff8908                uiTraceTickCount
                0x1fff8910                isPendingContextSwitch
 .bss           0x1fff8934        0x3 .\CortexM3\ARM_GCC_541\Debug\led.o
 .bss           0x1fff8937        0x2 .\CortexM3\ARM_GCC_541\Debug\JSONParser.a(UART_LOG.o)
                0x1fff8937                UART_LOG_initVar
 .bss           0x1fff8939        0x1 .\CortexM3\ARM_GCC_541\Debug\JSONParser.a(RGB_PWM_red.o)
                0x1fff8939                RGB_PWM_red_initVar
 .bss           0x1fff893a        0x1 .\CortexM3\ARM_GCC_541\Debug\JSONParser.a(RGB_PWM_green.o)
                0x1fff893a                RGB_PWM_green_initVar
 .bss           0x1fff893b        0x1 .\CortexM3\ARM_GCC_541\Debug\JSONParser.a(RGB_PWM_blue.o)
                0x1fff893b                RGB_PWM_blue_initVar
 .bss           0x1fff893c       0x40 .\CortexM3\ARM_GCC_541\Debug\JSONParser.a(ErikaOS_1_eecfg.o)
                0x1fff893c                EE_th_waswaiting
                0x1fff894c                EE_th_event_waitmask
                0x1fff895c                EE_th_event_active
                0x1fff896c                EE_rq_free
                0x1fff8970                EE_rq_bitmask
                0x1fff8974                EE_sys_ceiling
                0x1fff8978                EE_cortex_mx_active_tos
 .bss.__malloc_sbrk_start
                0x1fff897c        0x4 c:/program files (x86)/cypress/psoc creator/4.4/psoc creator/import/gnu/arm/5.4.1/bin/../lib/gcc/arm-none-eabi/5.4.1/../../../../arm-none-eabi/lib/armv7-m\libg_nano.a(lib_a-nano-mallocr.o)
                0x1fff897c                __malloc_sbrk_start
 .bss.__malloc_free_list
                0x1fff8980        0x4 c:/program files (x86)/cypress/psoc creator/4.4/psoc creator/import/gnu/arm/5.4.1/bin/../lib/gcc/arm-none-eabi/5.4.1/../../../../arm-none-eabi/lib/armv7-m\libg_nano.a(lib_a-nano-mallocr.o)
                0x1fff8980                __malloc_free_list
 *(COMMON)
 COMMON         0x1fff8984        0x8 .\CortexM3\ARM_GCC_541\Debug\main.o
                0x1fff8984                rb
 COMMON         0x1fff898c     0x138c .\CortexM3\ARM_GCC_541\Debug\trcKernelPort.o
                0x1fff898c                _TzTraceData
                0x1fff9d14                trcWarningChannel
 COMMON         0x1fff9d18       0x10 .\CortexM3\ARM_GCC_541\Debug\trcStreamingRecorder.o
                0x1fff9d18                PageInfo
 COMMON         0x1fff9d28        0x8 .\CortexM3\ARM_GCC_541\Debug\JSONParser.a(ErikaOS_1_ee_lookup.o)
                0x1fff9d28                EE_oo_IRQ_disable_count
                0x1fff9d2c                EE_oo_IRQ_suspend_status
 COMMON         0x1fff9d30        0x4 .\CortexM3\ARM_GCC_541\Debug\JSONParser.a(ErikaOS_1_ee_startos.o)
                0x1fff9d30                EE_oo_started
 COMMON         0x1fff9d34        0x8 .\CortexM3\ARM_GCC_541\Debug\JSONParser.a(ErikaOS_1_common_ee_hal_structs.o)
                0x1fff9d34                EE_IRQ_nesting_level
                0x1fff9d38                EE_std_endcycle_next_tid
 COMMON         0x1fff9d3c      0x428 .\CortexM3\ARM_GCC_541\Debug\JSONParser.a(ErikaOS_1_eecfg.o)
                0x1fff9d3c                EE_cortex_mx_stack_3
                0x1fff9f30                EE_rq_pairs_tid
                0x1fff9f40                EE_terminate_data
                0x1fff9f50                EE_oo_counter_object_RAM
                0x1fff9f60                EE_ApplicationMode
                0x1fff9f64                EE_cortex_mx_stack_9
 COMMON         0x1fffa164        0x4 c:/program files (x86)/cypress/psoc creator/4.4/psoc creator/import/gnu/arm/5.4.1/bin/../lib/gcc/arm-none-eabi/5.4.1/../../../../arm-none-eabi/lib/armv7-m\libg_nano.a(lib_a-reent.o)
                0x1fffa164                errno
                0x1fffa168                . = ALIGN (0x8)
 *(.ram.b)
                0x1fffa168                _end = .
                0x1fffa168                __end = .
                0x1fffa168                PROVIDE (end, .)
                0x1fffa168                PROVIDE (__bss_end__, .)
                0x00002ae8                __cy_region_init_ram = LOADADDR (.data)
                0x000001b0                __cy_region_init_size_ram = (_edata - ADDR (.data))
                0x00001ef0                __cy_region_zero_size_ram = (_end - _edata)

.heap           0x1fffa168       0x80 load address 0x00002c98
                0x1fffa168                . = _end
                0x1fffa1e8                . = (. + 0x80)
 *fill*         0x1fffa168       0x80 
                0x1fffa1e8                __cy_heap_limit = .

.stack          0x20007800      0x800
                0x20007800                __cy_stack_limit = .
                0x20008000                . = (. + 0x800)
 *fill*         0x20007800      0x800 
                0x00000001                ASSERT ((__cy_stack_limit >= __cy_heap_limit), region RAM overflowed with stack)
                0x00000000                cy_checksum_exclude_size = (CY_APPL_LOADABLE == 0x1)?SIZEOF (.cy_checksum_exclude):0x0
                0x00000001                ASSERT ((cy_checksum_exclude_size <= CY_CHECKSUM_EXCLUDE_SIZE), CY_BOOT: Section .cy_checksum_exclude size exceedes specified limit.)

.cyloadermeta
 *(.cyloadermeta)

.cyloadablemeta
 *(.cyloadablemeta)

.cyconfigecc    0x80000000      0xd64
 *(.cyconfigecc)
 .cyconfigecc   0x80000000      0xd64 .\CortexM3\ARM_GCC_541\Debug\cymetadata.o
                0x80000000                cy_meta_configecc

.cycustnvl      0x90000000        0x4
 *(.cycustnvl)
 .cycustnvl     0x90000000        0x4 .\CortexM3\ARM_GCC_541\Debug\cymetadata.o
                0x90000000                cy_meta_custnvl

.cywolatch      0x90100000        0x4
 *(.cywolatch)
 .cywolatch     0x90100000        0x4 .\CortexM3\ARM_GCC_541\Debug\cymetadata.o
                0x90100000                cy_meta_wonvl

.cyeeprom       0x90200000        0x0
 *(.cyeeprom)
                0x00000001                ASSERT ((. <= ((0x90200000 + ee_offset) + ee_size)), .cyeeprom data will not fit in EEPROM)

.cyflashprotect
                0x90400000      0x100
 *(.cyflashprotect)
 .cyflashprotect
                0x90400000      0x100 .\CortexM3\ARM_GCC_541\Debug\cymetadata.o
                0x90400000                cy_meta_flashprotect

.cymeta         0x90500000        0xc
 *(.cymeta)
 .cymeta        0x90500000        0xc .\CortexM3\ARM_GCC_541\Debug\cymetadata.o
                0x90500000                cy_metadata

.rel.dyn        0x00002c98        0x0 load address 0x9050000c
 .rel.iplt      0x00002c98        0x0 c:/program files (x86)/cypress/psoc creator/4.4/psoc creator/import/gnu/arm/5.4.1/bin/../lib/gcc/arm-none-eabi/5.4.1/armv7-m/crtbegin.o

.stab
 *(.stab)

.stabstr
 *(.stabstr)

.debug
 *(.debug)

.line
 *(.line)

.debug_srcinfo
 *(.debug_srcinfo)

.debug_sfnames
 *(.debug_sfnames)

.debug_aranges  0x00000000     0x1ce0
 *(.debug_aranges)
 .debug_aranges
                0x00000000       0x68 .\CortexM3\ARM_GCC_541\Debug\main.o
 .debug_aranges
                0x00000068       0x40 .\CortexM3\ARM_GCC_541\Debug\Ringbuffer.o
 .debug_aranges
                0x000000a8       0x30 .\CortexM3\ARM_GCC_541\Debug\trcStreamingPort.o
 .debug_aranges
                0x000000d8       0x78 .\CortexM3\ARM_GCC_541\Debug\trcKernelPort.o
 .debug_aranges
                0x00000150       0x18 .\CortexM3\ARM_GCC_541\Debug\trcSnapshotRecorder.o
 .debug_aranges
                0x00000168      0x188 .\CortexM3\ARM_GCC_541\Debug\trcStreamingRecorder.o
 .debug_aranges
                0x000002f0       0x28 .\CortexM3\ARM_GCC_541\Debug\button.o
 .debug_aranges
                0x00000318       0x28 .\CortexM3\ARM_GCC_541\Debug\joystick.o
 .debug_aranges
                0x00000340       0x38 .\CortexM3\ARM_GCC_541\Debug\led.o
 .debug_aranges
                0x00000378       0x48 .\CortexM3\ARM_GCC_541\Debug\seven.o
 .debug_aranges
                0x000003c0       0x28 .\CortexM3\ARM_GCC_541\Debug\logging.o
 .debug_aranges
                0x000003e8      0x178 .\CortexM3\ARM_GCC_541\Debug\tft.o
 .debug_aranges
                0x00000560       0x58 .\CortexM3\ARM_GCC_541\Debug\cyfitter_cfg.o
 .debug_aranges
                0x000005b8       0x18 .\CortexM3\ARM_GCC_541\Debug\cymetadata.o
 .debug_aranges
                0x000005d0       0x48 .\CortexM3\ARM_GCC_541\Debug\Cm3Start.o
 .debug_aranges
                0x00000618       0x38 .\CortexM3\ARM_GCC_541\Debug\JSONParser.a(SEVEN_DP.o)
 .debug_aranges
                0x00000650       0x38 .\CortexM3\ARM_GCC_541\Debug\JSONParser.a(SEVEN_SELECT.o)
 .debug_aranges
                0x00000688       0x28 .\CortexM3\ARM_GCC_541\Debug\JSONParser.a(SEVEN_reg.o)
 .debug_aranges
                0x000006b0       0x38 .\CortexM3\ARM_GCC_541\Debug\JSONParser.a(BUTTON_1.o)
 .debug_aranges
                0x000006e8       0x80 .\CortexM3\ARM_GCC_541\Debug\JSONParser.a(isr_Button.o)
 .debug_aranges
                0x00000768       0x38 .\CortexM3\ARM_GCC_541\Debug\JSONParser.a(BUTTON_2.o)
 .debug_aranges
                0x000007a0       0x38 .\CortexM3\ARM_GCC_541\Debug\JSONParser.a(BUTTON_3.o)
 .debug_aranges
                0x000007d8       0x38 .\CortexM3\ARM_GCC_541\Debug\JSONParser.a(BUTTON_4.o)
 .debug_aranges
                0x00000810       0x38 .\CortexM3\ARM_GCC_541\Debug\JSONParser.a(LED_red.o)
 .debug_aranges
                0x00000848       0x38 .\CortexM3\ARM_GCC_541\Debug\JSONParser.a(LED_yellow.o)
 .debug_aranges
                0x00000880       0x38 .\CortexM3\ARM_GCC_541\Debug\JSONParser.a(LED_green.o)
 .debug_aranges
                0x000008b8       0xf0 .\CortexM3\ARM_GCC_541\Debug\JSONParser.a(UART_LOG.o)
 .debug_aranges
                0x000009a8       0x80 .\CortexM3\ARM_GCC_541\Debug\JSONParser.a(RGB_PWM_red.o)
 .debug_aranges
                0x00000a28       0x80 .\CortexM3\ARM_GCC_541\Debug\JSONParser.a(RGB_PWM_green.o)
 .debug_aranges
                0x00000aa8       0x80 .\CortexM3\ARM_GCC_541\Debug\JSONParser.a(RGB_PWM_blue.o)
 .debug_aranges
                0x00000b28       0xa0 .\CortexM3\ARM_GCC_541\Debug\JSONParser.a(JOYSTICK_ADC_XY.o)
 .debug_aranges
                0x00000bc8       0x20 .\CortexM3\ARM_GCC_541\Debug\JSONParser.a(JOYSTICK_ADC_XY_INT.o)
 .debug_aranges
                0x00000be8       0xd8 .\CortexM3\ARM_GCC_541\Debug\JSONParser.a(TFT_SPI.o)
 .debug_aranges
                0x00000cc0       0x38 .\CortexM3\ARM_GCC_541\Debug\JSONParser.a(TFT_DC.o)
 .debug_aranges
                0x00000cf8       0x38 .\CortexM3\ARM_GCC_541\Debug\JSONParser.a(TFT_RES.o)
 .debug_aranges
                0x00000d30       0x78 .\CortexM3\ARM_GCC_541\Debug\JSONParser.a(TFT_BackLight.o)
 .debug_aranges
                0x00000da8       0x20 .\CortexM3\ARM_GCC_541\Debug\JSONParser.a(ErikaOS_1_ee_activate.o)
 .debug_aranges
                0x00000dc8       0x58 .\CortexM3\ARM_GCC_541\Debug\JSONParser.a(ErikaOS_1_ee_altick.o)
 .debug_aranges
                0x00000e20       0x20 .\CortexM3\ARM_GCC_541\Debug\JSONParser.a(ErikaOS_1_ee_evclear.o)
 .debug_aranges
                0x00000e40       0x20 .\CortexM3\ARM_GCC_541\Debug\JSONParser.a(ErikaOS_1_ee_evget.o)
 .debug_aranges
                0x00000e60       0x20 .\CortexM3\ARM_GCC_541\Debug\JSONParser.a(ErikaOS_1_ee_evset.o)
 .debug_aranges
                0x00000e80       0x20 .\CortexM3\ARM_GCC_541\Debug\JSONParser.a(ErikaOS_1_ee_evwait.o)
 .debug_aranges
                0x00000ea0       0x20 .\CortexM3\ARM_GCC_541\Debug\JSONParser.a(ErikaOS_1_ee_gettaskid.o)
 .debug_aranges
                0x00000ec0       0x30 .\CortexM3\ARM_GCC_541\Debug\JSONParser.a(ErikaOS_1_ee_irqendin.o)
 .debug_aranges
                0x00000ef0       0x18 .\CortexM3\ARM_GCC_541\Debug\JSONParser.a(ErikaOS_1_ee_lookup.o)
 .debug_aranges
                0x00000f08       0x20 .\CortexM3\ARM_GCC_541\Debug\JSONParser.a(ErikaOS_1_ee_rq_exchg.o)
 .debug_aranges
                0x00000f28       0x20 .\CortexM3\ARM_GCC_541\Debug\JSONParser.a(ErikaOS_1_ee_rq_first.o)
 .debug_aranges
                0x00000f48       0x20 .\CortexM3\ARM_GCC_541\Debug\JSONParser.a(ErikaOS_1_ee_rq_inser.o)
 .debug_aranges
                0x00000f68       0x30 .\CortexM3\ARM_GCC_541\Debug\JSONParser.a(ErikaOS_1_ee_shtdown.o)
 .debug_aranges
                0x00000f98       0x48 .\CortexM3\ARM_GCC_541\Debug\JSONParser.a(ErikaOS_1_ee_startos.o)
 .debug_aranges
                0x00000fe0       0x20 .\CortexM3\ARM_GCC_541\Debug\JSONParser.a(ErikaOS_1_ee_terminat.o)
 .debug_aranges
                0x00001000       0x20 .\CortexM3\ARM_GCC_541\Debug\JSONParser.a(ErikaOS_1_cortex_mx_ee_utils.o)
 .debug_aranges
                0x00001020       0x18 .\CortexM3\ARM_GCC_541\Debug\JSONParser.a(ErikaOS_1_common_ee_hal_structs.o)
 .debug_aranges
                0x00001038       0x18 .\CortexM3\ARM_GCC_541\Debug\JSONParser.a(ErikaOS_1_eecfg.o)
 .debug_aranges
                0x00001050       0xc8 .\CortexM3\ARM_GCC_541\Debug\JSONParser.a(USBUART.o)
 .debug_aranges
                0x00001118       0xe8 .\CortexM3\ARM_GCC_541\Debug\JSONParser.a(USBUART_cdc.o)
 .debug_aranges
                0x00001200       0x98 .\CortexM3\ARM_GCC_541\Debug\JSONParser.a(USBUART_drv.o)
 .debug_aranges
                0x00001298       0x40 .\CortexM3\ARM_GCC_541\Debug\JSONParser.a(USBUART_episr.o)
 .debug_aranges
                0x000012d8       0x40 .\CortexM3\ARM_GCC_541\Debug\JSONParser.a(USBUART_pm.o)
 .debug_aranges
                0x00001318       0x80 .\CortexM3\ARM_GCC_541\Debug\JSONParser.a(USBUART_std.o)
 .debug_aranges
                0x00001398       0x20 .\CortexM3\ARM_GCC_541\Debug\JSONParser.a(USBUART_vnd.o)
 .debug_aranges
                0x000013b8       0x70 .\CortexM3\ARM_GCC_541\Debug\JSONParser.a(UART_LOG_IntClock.o)
 .debug_aranges
                0x00001428       0xa8 .\CortexM3\ARM_GCC_541\Debug\JSONParser.a(JOYSTICK_ADC_XY_SAR.o)
 .debug_aranges
                0x000014d0       0x28 .\CortexM3\ARM_GCC_541\Debug\JSONParser.a(JOYSTICK_ADC_XY_TempBuf_dma.o)
 .debug_aranges
                0x000014f8       0x28 .\CortexM3\ARM_GCC_541\Debug\JSONParser.a(JOYSTICK_ADC_XY_FinalBuf_dma.o)
 .debug_aranges
                0x00001520       0x80 .\CortexM3\ARM_GCC_541\Debug\JSONParser.a(JOYSTICK_ADC_XY_IRQ.o)
 .debug_aranges
                0x000015a0       0x70 .\CortexM3\ARM_GCC_541\Debug\JSONParser.a(TFT_SPI_IntClock.o)
 .debug_aranges
                0x00001610       0x48 .\CortexM3\ARM_GCC_541\Debug\JSONParser.a(USBUART_Dp.o)
 .debug_aranges
                0x00001658       0xd8 .\CortexM3\ARM_GCC_541\Debug\JSONParser.a(CyDmac.o)
 .debug_aranges
                0x00001730      0x2a0 .\CortexM3\ARM_GCC_541\Debug\JSONParser.a(CyLib.o)
 .debug_aranges
                0x000019d0       0x98 .\CortexM3\ARM_GCC_541\Debug\JSONParser.a(cyPm.o)
 .debug_aranges
                0x00001a68       0x20 .\CortexM3\ARM_GCC_541\Debug\JSONParser.a(ErikaOS_1_ee_gnu_change_context_isr.o)
 .debug_aranges
                0x00001a88       0x20 .\CortexM3\ARM_GCC_541\Debug\JSONParser.a(ErikaOS_1_ee_gnu_irq_stack.o)
 .debug_aranges
                0x00001aa8       0x20 .\CortexM3\ARM_GCC_541\Debug\JSONParser.a(ErikaOS_1_ee_gnu_multi_context.o)
 .debug_aranges
                0x00001ac8       0x20 .\CortexM3\ARM_GCC_541\Debug\JSONParser.a(ErikaOS_1_ee_gnu_oo.o)
 .debug_aranges
                0x00001ae8       0x20 .\CortexM3\ARM_GCC_541\Debug\JSONParser.a(CyBootAsmGnu.o)
 .debug_aranges
                0x00001b08       0x20 .\CortexM3\ARM_GCC_541\Debug\JSONParser.a(ErikaOS_1_ee_tnterm.o)
 .debug_aranges
                0x00001b28       0x20 .\CortexM3\ARM_GCC_541\Debug\JSONParser.a(ErikaOS_1_ee_tstub.o)
 .debug_aranges
                0x00001b48       0x28 .\CortexM3\ARM_GCC_541\Debug\JSONParser.a(ErikaOS_1_cortex_mx_ee_context.o)
 .debug_aranges
                0x00001b70       0x20 .\CortexM3\ARM_GCC_541\Debug\JSONParser.a(USBUART_cls.o)
 .debug_aranges
                0x00001b90       0x18 .\CortexM3\ARM_GCC_541\Debug\JSONParser.a(USBUART_descr.o)
 .debug_aranges
                0x00001ba8       0x88 .\CortexM3\ARM_GCC_541\Debug\JSONParser.a(CyFlash.o)
 .debug_aranges
                0x00001c30       0x80 .\CortexM3\ARM_GCC_541\Debug\JSONParser.a(CySpc.o)
 .debug_aranges
                0x00001cb0       0x30 .\CortexM3\ARM_GCC_541\Debug\JSONParser.a(ErikaOS_1_ee_thendin.o)

.debug_pubnames
 *(.debug_pubnames)

.debug_info     0x00000000    0x1b482
 *(.debug_info .gnu.linkonce.wi.*)
 .debug_info    0x00000000      0x9a4 .\CortexM3\ARM_GCC_541\Debug\main.o
 .debug_info    0x000009a4      0x2e5 .\CortexM3\ARM_GCC_541\Debug\Ringbuffer.o
 .debug_info    0x00000c89      0x30e .\CortexM3\ARM_GCC_541\Debug\trcStreamingPort.o
 .debug_info    0x00000f97      0x72c .\CortexM3\ARM_GCC_541\Debug\trcKernelPort.o
 .debug_info    0x000016c3      0x11c .\CortexM3\ARM_GCC_541\Debug\trcSnapshotRecorder.o
 .debug_info    0x000017df     0x213c .\CortexM3\ARM_GCC_541\Debug\trcStreamingRecorder.o
 .debug_info    0x0000391b      0x2f7 .\CortexM3\ARM_GCC_541\Debug\button.o
 .debug_info    0x00003c12      0x2de .\CortexM3\ARM_GCC_541\Debug\joystick.o
 .debug_info    0x00003ef0      0x58b .\CortexM3\ARM_GCC_541\Debug\led.o
 .debug_info    0x0000447b      0x4a6 .\CortexM3\ARM_GCC_541\Debug\seven.o
 .debug_info    0x00004921      0x3b5 .\CortexM3\ARM_GCC_541\Debug\logging.o
 .debug_info    0x00004cd6     0x279d .\CortexM3\ARM_GCC_541\Debug\tft.o
 .debug_info    0x00007473      0x67e .\CortexM3\ARM_GCC_541\Debug\cyfitter_cfg.o
 .debug_info    0x00007af1      0x139 .\CortexM3\ARM_GCC_541\Debug\cymetadata.o
 .debug_info    0x00007c2a      0x3cf .\CortexM3\ARM_GCC_541\Debug\Cm3Start.o
 .debug_info    0x00007ff9      0x11f .\CortexM3\ARM_GCC_541\Debug\JSONParser.a(SEVEN_DP.o)
 .debug_info    0x00008118      0x11f .\CortexM3\ARM_GCC_541\Debug\JSONParser.a(SEVEN_SELECT.o)
 .debug_info    0x00008237       0xd6 .\CortexM3\ARM_GCC_541\Debug\JSONParser.a(SEVEN_reg.o)
 .debug_info    0x0000830d      0x11f .\CortexM3\ARM_GCC_541\Debug\JSONParser.a(BUTTON_1.o)
 .debug_info    0x0000842c      0x2d2 .\CortexM3\ARM_GCC_541\Debug\JSONParser.a(isr_Button.o)
 .debug_info    0x000086fe      0x11f .\CortexM3\ARM_GCC_541\Debug\JSONParser.a(BUTTON_2.o)
 .debug_info    0x0000881d      0x11f .\CortexM3\ARM_GCC_541\Debug\JSONParser.a(BUTTON_3.o)
 .debug_info    0x0000893c      0x11f .\CortexM3\ARM_GCC_541\Debug\JSONParser.a(BUTTON_4.o)
 .debug_info    0x00008a5b      0x11f .\CortexM3\ARM_GCC_541\Debug\JSONParser.a(LED_red.o)
 .debug_info    0x00008b7a      0x11f .\CortexM3\ARM_GCC_541\Debug\JSONParser.a(LED_yellow.o)
 .debug_info    0x00008c99      0x11f .\CortexM3\ARM_GCC_541\Debug\JSONParser.a(LED_green.o)
 .debug_info    0x00008db8      0x60c .\CortexM3\ARM_GCC_541\Debug\JSONParser.a(UART_LOG.o)
 .debug_info    0x000093c4      0x295 .\CortexM3\ARM_GCC_541\Debug\JSONParser.a(RGB_PWM_red.o)
 .debug_info    0x00009659      0x295 .\CortexM3\ARM_GCC_541\Debug\JSONParser.a(RGB_PWM_green.o)
 .debug_info    0x000098ee      0x295 .\CortexM3\ARM_GCC_541\Debug\JSONParser.a(RGB_PWM_blue.o)
 .debug_info    0x00009b83      0x6f2 .\CortexM3\ARM_GCC_541\Debug\JSONParser.a(JOYSTICK_ADC_XY.o)
 .debug_info    0x0000a275       0xa0 .\CortexM3\ARM_GCC_541\Debug\JSONParser.a(JOYSTICK_ADC_XY_INT.o)
 .debug_info    0x0000a315      0x4bb .\CortexM3\ARM_GCC_541\Debug\JSONParser.a(TFT_SPI.o)
 .debug_info    0x0000a7d0      0x11f .\CortexM3\ARM_GCC_541\Debug\JSONParser.a(TFT_DC.o)
 .debug_info    0x0000a8ef      0x11f .\CortexM3\ARM_GCC_541\Debug\JSONParser.a(TFT_RES.o)
 .debug_info    0x0000aa0e      0x27e .\CortexM3\ARM_GCC_541\Debug\JSONParser.a(TFT_BackLight.o)
 .debug_info    0x0000ac8c      0x80d .\CortexM3\ARM_GCC_541\Debug\JSONParser.a(ErikaOS_1_ee_activate.o)
 .debug_info    0x0000b499      0xcf5 .\CortexM3\ARM_GCC_541\Debug\JSONParser.a(ErikaOS_1_ee_altick.o)
 .debug_info    0x0000c18e      0x637 .\CortexM3\ARM_GCC_541\Debug\JSONParser.a(ErikaOS_1_ee_evclear.o)
 .debug_info    0x0000c7c5      0x555 .\CortexM3\ARM_GCC_541\Debug\JSONParser.a(ErikaOS_1_ee_evget.o)
 .debug_info    0x0000cd1a      0x8b1 .\CortexM3\ARM_GCC_541\Debug\JSONParser.a(ErikaOS_1_ee_evset.o)
 .debug_info    0x0000d5cb      0x930 .\CortexM3\ARM_GCC_541\Debug\JSONParser.a(ErikaOS_1_ee_evwait.o)
 .debug_info    0x0000defb      0x4a6 .\CortexM3\ARM_GCC_541\Debug\JSONParser.a(ErikaOS_1_ee_gettaskid.o)
 .debug_info    0x0000e3a1      0x6a7 .\CortexM3\ARM_GCC_541\Debug\JSONParser.a(ErikaOS_1_ee_irqendin.o)
 .debug_info    0x0000ea48      0x3d0 .\CortexM3\ARM_GCC_541\Debug\JSONParser.a(ErikaOS_1_ee_lookup.o)
 .debug_info    0x0000ee18      0x46f .\CortexM3\ARM_GCC_541\Debug\JSONParser.a(ErikaOS_1_ee_rq_exchg.o)
 .debug_info    0x0000f287      0x421 .\CortexM3\ARM_GCC_541\Debug\JSONParser.a(ErikaOS_1_ee_rq_first.o)
 .debug_info    0x0000f6a8      0x475 .\CortexM3\ARM_GCC_541\Debug\JSONParser.a(ErikaOS_1_ee_rq_inser.o)
 .debug_info    0x0000fb1d      0x4f5 .\CortexM3\ARM_GCC_541\Debug\JSONParser.a(ErikaOS_1_ee_shtdown.o)
 .debug_info    0x00010012      0xbeb .\CortexM3\ARM_GCC_541\Debug\JSONParser.a(ErikaOS_1_ee_startos.o)
 .debug_info    0x00010bfd      0x589 .\CortexM3\ARM_GCC_541\Debug\JSONParser.a(ErikaOS_1_ee_terminat.o)
 .debug_info    0x00011186      0x513 .\CortexM3\ARM_GCC_541\Debug\JSONParser.a(ErikaOS_1_cortex_mx_ee_utils.o)
 .debug_info    0x00011699      0x3cb .\CortexM3\ARM_GCC_541\Debug\JSONParser.a(ErikaOS_1_common_ee_hal_structs.o)
 .debug_info    0x00011a64      0x896 .\CortexM3\ARM_GCC_541\Debug\JSONParser.a(ErikaOS_1_eecfg.o)
 .debug_info    0x000122fa      0x993 .\CortexM3\ARM_GCC_541\Debug\JSONParser.a(USBUART.o)
 .debug_info    0x00012c8d      0xaf7 .\CortexM3\ARM_GCC_541\Debug\JSONParser.a(USBUART_cdc.o)
 .debug_info    0x00013784      0x655 .\CortexM3\ARM_GCC_541\Debug\JSONParser.a(USBUART_drv.o)
 .debug_info    0x00013dd9      0x254 .\CortexM3\ARM_GCC_541\Debug\JSONParser.a(USBUART_episr.o)
 .debug_info    0x0001402d      0x2e4 .\CortexM3\ARM_GCC_541\Debug\JSONParser.a(USBUART_pm.o)
 .debug_info    0x00014311      0xb26 .\CortexM3\ARM_GCC_541\Debug\JSONParser.a(USBUART_std.o)
 .debug_info    0x00014e37       0xed .\CortexM3\ARM_GCC_541\Debug\JSONParser.a(USBUART_vnd.o)
 .debug_info    0x00014f24      0x283 .\CortexM3\ARM_GCC_541\Debug\JSONParser.a(UART_LOG_IntClock.o)
 .debug_info    0x000151a7      0x544 .\CortexM3\ARM_GCC_541\Debug\JSONParser.a(JOYSTICK_ADC_XY_SAR.o)
 .debug_info    0x000156eb      0x1a8 .\CortexM3\ARM_GCC_541\Debug\JSONParser.a(JOYSTICK_ADC_XY_TempBuf_dma.o)
 .debug_info    0x00015893      0x1aa .\CortexM3\ARM_GCC_541\Debug\JSONParser.a(JOYSTICK_ADC_XY_FinalBuf_dma.o)
 .debug_info    0x00015a3d      0x2d2 .\CortexM3\ARM_GCC_541\Debug\JSONParser.a(JOYSTICK_ADC_XY_IRQ.o)
 .debug_info    0x00015d0f      0x283 .\CortexM3\ARM_GCC_541\Debug\JSONParser.a(TFT_SPI_IntClock.o)
 .debug_info    0x00015f92      0x174 .\CortexM3\ARM_GCC_541\Debug\JSONParser.a(USBUART_Dp.o)
 .debug_info    0x00016106      0x94e .\CortexM3\ARM_GCC_541\Debug\JSONParser.a(CyDmac.o)
 .debug_info    0x00016a54     0x1374 .\CortexM3\ARM_GCC_541\Debug\JSONParser.a(CyLib.o)
 .debug_info    0x00017dc8      0xa2a .\CortexM3\ARM_GCC_541\Debug\JSONParser.a(cyPm.o)
 .debug_info    0x000187f2      0x111 .\CortexM3\ARM_GCC_541\Debug\JSONParser.a(ErikaOS_1_ee_gnu_change_context_isr.o)
 .debug_info    0x00018903      0x108 .\CortexM3\ARM_GCC_541\Debug\JSONParser.a(ErikaOS_1_ee_gnu_irq_stack.o)
 .debug_info    0x00018a0b      0x10c .\CortexM3\ARM_GCC_541\Debug\JSONParser.a(ErikaOS_1_ee_gnu_multi_context.o)
 .debug_info    0x00018b17      0x101 .\CortexM3\ARM_GCC_541\Debug\JSONParser.a(ErikaOS_1_ee_gnu_oo.o)
 .debug_info    0x00018c18       0xfa .\CortexM3\ARM_GCC_541\Debug\JSONParser.a(CyBootAsmGnu.o)
 .debug_info    0x00018d12      0x43d .\CortexM3\ARM_GCC_541\Debug\JSONParser.a(ErikaOS_1_ee_tnterm.o)
 .debug_info    0x0001914f      0x559 .\CortexM3\ARM_GCC_541\Debug\JSONParser.a(ErikaOS_1_ee_tstub.o)
 .debug_info    0x000196a8      0x501 .\CortexM3\ARM_GCC_541\Debug\JSONParser.a(ErikaOS_1_cortex_mx_ee_context.o)
 .debug_info    0x00019ba9      0x1de .\CortexM3\ARM_GCC_541\Debug\JSONParser.a(USBUART_cls.o)
 .debug_info    0x00019d87      0x2a3 .\CortexM3\ARM_GCC_541\Debug\JSONParser.a(USBUART_descr.o)
 .debug_info    0x0001a02a      0x64d .\CortexM3\ARM_GCC_541\Debug\JSONParser.a(CyFlash.o)
 .debug_info    0x0001a677      0x550 .\CortexM3\ARM_GCC_541\Debug\JSONParser.a(CySpc.o)
 .debug_info    0x0001abc7      0x8bb .\CortexM3\ARM_GCC_541\Debug\JSONParser.a(ErikaOS_1_ee_thendin.o)

.debug_abbrev   0x00000000     0x6f22
 *(.debug_abbrev)
 .debug_abbrev  0x00000000      0x2cf .\CortexM3\ARM_GCC_541\Debug\main.o
 .debug_abbrev  0x000002cf       0xf3 .\CortexM3\ARM_GCC_541\Debug\Ringbuffer.o
 .debug_abbrev  0x000003c2       0xff .\CortexM3\ARM_GCC_541\Debug\trcStreamingPort.o
 .debug_abbrev  0x000004c1      0x21f .\CortexM3\ARM_GCC_541\Debug\trcKernelPort.o
 .debug_abbrev  0x000006e0       0x5c .\CortexM3\ARM_GCC_541\Debug\trcSnapshotRecorder.o
 .debug_abbrev  0x0000073c      0x388 .\CortexM3\ARM_GCC_541\Debug\trcStreamingRecorder.o
 .debug_abbrev  0x00000ac4      0x11c .\CortexM3\ARM_GCC_541\Debug\button.o
 .debug_abbrev  0x00000be0      0x11e .\CortexM3\ARM_GCC_541\Debug\joystick.o
 .debug_abbrev  0x00000cfe      0x1c5 .\CortexM3\ARM_GCC_541\Debug\led.o
 .debug_abbrev  0x00000ec3      0x155 .\CortexM3\ARM_GCC_541\Debug\seven.o
 .debug_abbrev  0x00001018      0x14a .\CortexM3\ARM_GCC_541\Debug\logging.o
 .debug_abbrev  0x00001162      0x2d2 .\CortexM3\ARM_GCC_541\Debug\tft.o
 .debug_abbrev  0x00001434      0x20d .\CortexM3\ARM_GCC_541\Debug\cyfitter_cfg.o
 .debug_abbrev  0x00001641       0x77 .\CortexM3\ARM_GCC_541\Debug\cymetadata.o
 .debug_abbrev  0x000016b8      0x1e8 .\CortexM3\ARM_GCC_541\Debug\Cm3Start.o
 .debug_abbrev  0x000018a0       0x90 .\CortexM3\ARM_GCC_541\Debug\JSONParser.a(SEVEN_DP.o)
 .debug_abbrev  0x00001930       0x90 .\CortexM3\ARM_GCC_541\Debug\JSONParser.a(SEVEN_SELECT.o)
 .debug_abbrev  0x000019c0       0x81 .\CortexM3\ARM_GCC_541\Debug\JSONParser.a(SEVEN_reg.o)
 .debug_abbrev  0x00001a41       0x90 .\CortexM3\ARM_GCC_541\Debug\JSONParser.a(BUTTON_1.o)
 .debug_abbrev  0x00001ad1      0x173 .\CortexM3\ARM_GCC_541\Debug\JSONParser.a(isr_Button.o)
 .debug_abbrev  0x00001c44       0x90 .\CortexM3\ARM_GCC_541\Debug\JSONParser.a(BUTTON_2.o)
 .debug_abbrev  0x00001cd4       0x90 .\CortexM3\ARM_GCC_541\Debug\JSONParser.a(BUTTON_3.o)
 .debug_abbrev  0x00001d64       0x90 .\CortexM3\ARM_GCC_541\Debug\JSONParser.a(BUTTON_4.o)
 .debug_abbrev  0x00001df4       0x90 .\CortexM3\ARM_GCC_541\Debug\JSONParser.a(LED_red.o)
 .debug_abbrev  0x00001e84       0x90 .\CortexM3\ARM_GCC_541\Debug\JSONParser.a(LED_yellow.o)
 .debug_abbrev  0x00001f14       0x90 .\CortexM3\ARM_GCC_541\Debug\JSONParser.a(LED_green.o)
 .debug_abbrev  0x00001fa4      0x175 .\CortexM3\ARM_GCC_541\Debug\JSONParser.a(UART_LOG.o)
 .debug_abbrev  0x00002119      0x12d .\CortexM3\ARM_GCC_541\Debug\JSONParser.a(RGB_PWM_red.o)
 .debug_abbrev  0x00002246      0x12d .\CortexM3\ARM_GCC_541\Debug\JSONParser.a(RGB_PWM_green.o)
 .debug_abbrev  0x00002373      0x12d .\CortexM3\ARM_GCC_541\Debug\JSONParser.a(RGB_PWM_blue.o)
 .debug_abbrev  0x000024a0      0x13e .\CortexM3\ARM_GCC_541\Debug\JSONParser.a(JOYSTICK_ADC_XY.o)
 .debug_abbrev  0x000025de       0x42 .\CortexM3\ARM_GCC_541\Debug\JSONParser.a(JOYSTICK_ADC_XY_INT.o)
 .debug_abbrev  0x00002620      0x146 .\CortexM3\ARM_GCC_541\Debug\JSONParser.a(TFT_SPI.o)
 .debug_abbrev  0x00002766       0x90 .\CortexM3\ARM_GCC_541\Debug\JSONParser.a(TFT_DC.o)
 .debug_abbrev  0x000027f6       0x90 .\CortexM3\ARM_GCC_541\Debug\JSONParser.a(TFT_RES.o)
 .debug_abbrev  0x00002886      0x12d .\CortexM3\ARM_GCC_541\Debug\JSONParser.a(TFT_BackLight.o)
 .debug_abbrev  0x000029b3      0x284 .\CortexM3\ARM_GCC_541\Debug\JSONParser.a(ErikaOS_1_ee_activate.o)
 .debug_abbrev  0x00002c37      0x38c .\CortexM3\ARM_GCC_541\Debug\JSONParser.a(ErikaOS_1_ee_altick.o)
 .debug_abbrev  0x00002fc3      0x218 .\CortexM3\ARM_GCC_541\Debug\JSONParser.a(ErikaOS_1_ee_evclear.o)
 .debug_abbrev  0x000031db      0x188 .\CortexM3\ARM_GCC_541\Debug\JSONParser.a(ErikaOS_1_ee_evget.o)
 .debug_abbrev  0x00003363      0x2bc .\CortexM3\ARM_GCC_541\Debug\JSONParser.a(ErikaOS_1_ee_evset.o)
 .debug_abbrev  0x0000361f      0x2b4 .\CortexM3\ARM_GCC_541\Debug\JSONParser.a(ErikaOS_1_ee_evwait.o)
 .debug_abbrev  0x000038d3      0x161 .\CortexM3\ARM_GCC_541\Debug\JSONParser.a(ErikaOS_1_ee_gettaskid.o)
 .debug_abbrev  0x00003a34      0x24c .\CortexM3\ARM_GCC_541\Debug\JSONParser.a(ErikaOS_1_ee_irqendin.o)
 .debug_abbrev  0x00003c80       0xcf .\CortexM3\ARM_GCC_541\Debug\JSONParser.a(ErikaOS_1_ee_lookup.o)
 .debug_abbrev  0x00003d4f       0xfc .\CortexM3\ARM_GCC_541\Debug\JSONParser.a(ErikaOS_1_ee_rq_exchg.o)
 .debug_abbrev  0x00003e4b       0xed .\CortexM3\ARM_GCC_541\Debug\JSONParser.a(ErikaOS_1_ee_rq_first.o)
 .debug_abbrev  0x00003f38      0x109 .\CortexM3\ARM_GCC_541\Debug\JSONParser.a(ErikaOS_1_ee_rq_inser.o)
 .debug_abbrev  0x00004041      0x193 .\CortexM3\ARM_GCC_541\Debug\JSONParser.a(ErikaOS_1_ee_shtdown.o)
 .debug_abbrev  0x000041d4      0x36f .\CortexM3\ARM_GCC_541\Debug\JSONParser.a(ErikaOS_1_ee_startos.o)
 .debug_abbrev  0x00004543      0x1de .\CortexM3\ARM_GCC_541\Debug\JSONParser.a(ErikaOS_1_ee_terminat.o)
 .debug_abbrev  0x00004721      0x1e3 .\CortexM3\ARM_GCC_541\Debug\JSONParser.a(ErikaOS_1_cortex_mx_ee_utils.o)
 .debug_abbrev  0x00004904       0xcf .\CortexM3\ARM_GCC_541\Debug\JSONParser.a(ErikaOS_1_common_ee_hal_structs.o)
 .debug_abbrev  0x000049d3      0x127 .\CortexM3\ARM_GCC_541\Debug\JSONParser.a(ErikaOS_1_eecfg.o)
 .debug_abbrev  0x00004afa      0x215 .\CortexM3\ARM_GCC_541\Debug\JSONParser.a(USBUART.o)
 .debug_abbrev  0x00004d0f      0x245 .\CortexM3\ARM_GCC_541\Debug\JSONParser.a(USBUART_cdc.o)
 .debug_abbrev  0x00004f54      0x189 .\CortexM3\ARM_GCC_541\Debug\JSONParser.a(USBUART_drv.o)
 .debug_abbrev  0x000050dd      0x11b .\CortexM3\ARM_GCC_541\Debug\JSONParser.a(USBUART_episr.o)
 .debug_abbrev  0x000051f8      0x108 .\CortexM3\ARM_GCC_541\Debug\JSONParser.a(USBUART_pm.o)
 .debug_abbrev  0x00005300      0x20a .\CortexM3\ARM_GCC_541\Debug\JSONParser.a(USBUART_std.o)
 .debug_abbrev  0x0000550a       0x9b .\CortexM3\ARM_GCC_541\Debug\JSONParser.a(USBUART_vnd.o)
 .debug_abbrev  0x000055a5      0x139 .\CortexM3\ARM_GCC_541\Debug\JSONParser.a(UART_LOG_IntClock.o)
 .debug_abbrev  0x000056de      0x1ac .\CortexM3\ARM_GCC_541\Debug\JSONParser.a(JOYSTICK_ADC_XY_SAR.o)
 .debug_abbrev  0x0000588a       0xcd .\CortexM3\ARM_GCC_541\Debug\JSONParser.a(JOYSTICK_ADC_XY_TempBuf_dma.o)
 .debug_abbrev  0x00005957       0xcd .\CortexM3\ARM_GCC_541\Debug\JSONParser.a(JOYSTICK_ADC_XY_FinalBuf_dma.o)
 .debug_abbrev  0x00005a24      0x173 .\CortexM3\ARM_GCC_541\Debug\JSONParser.a(JOYSTICK_ADC_XY_IRQ.o)
 .debug_abbrev  0x00005b97      0x139 .\CortexM3\ARM_GCC_541\Debug\JSONParser.a(TFT_SPI_IntClock.o)
 .debug_abbrev  0x00005cd0       0x90 .\CortexM3\ARM_GCC_541\Debug\JSONParser.a(USBUART_Dp.o)
 .debug_abbrev  0x00005d60      0x1b2 .\CortexM3\ARM_GCC_541\Debug\JSONParser.a(CyDmac.o)
 .debug_abbrev  0x00005f12      0x254 .\CortexM3\ARM_GCC_541\Debug\JSONParser.a(CyLib.o)
 .debug_abbrev  0x00006166      0x1ab .\CortexM3\ARM_GCC_541\Debug\JSONParser.a(cyPm.o)
 .debug_abbrev  0x00006311       0x14 .\CortexM3\ARM_GCC_541\Debug\JSONParser.a(ErikaOS_1_ee_gnu_change_context_isr.o)
 .debug_abbrev  0x00006325       0x14 .\CortexM3\ARM_GCC_541\Debug\JSONParser.a(ErikaOS_1_ee_gnu_irq_stack.o)
 .debug_abbrev  0x00006339       0x14 .\CortexM3\ARM_GCC_541\Debug\JSONParser.a(ErikaOS_1_ee_gnu_multi_context.o)
 .debug_abbrev  0x0000634d       0x14 .\CortexM3\ARM_GCC_541\Debug\JSONParser.a(ErikaOS_1_ee_gnu_oo.o)
 .debug_abbrev  0x00006361       0x14 .\CortexM3\ARM_GCC_541\Debug\JSONParser.a(CyBootAsmGnu.o)
 .debug_abbrev  0x00006375      0x157 .\CortexM3\ARM_GCC_541\Debug\JSONParser.a(ErikaOS_1_ee_tnterm.o)
 .debug_abbrev  0x000064cc      0x1ae .\CortexM3\ARM_GCC_541\Debug\JSONParser.a(ErikaOS_1_ee_tstub.o)
 .debug_abbrev  0x0000667a      0x156 .\CortexM3\ARM_GCC_541\Debug\JSONParser.a(ErikaOS_1_cortex_mx_ee_context.o)
 .debug_abbrev  0x000067d0       0xe1 .\CortexM3\ARM_GCC_541\Debug\JSONParser.a(USBUART_cls.o)
 .debug_abbrev  0x000068b1       0xb4 .\CortexM3\ARM_GCC_541\Debug\JSONParser.a(USBUART_descr.o)
 .debug_abbrev  0x00006965      0x1a7 .\CortexM3\ARM_GCC_541\Debug\JSONParser.a(CyFlash.o)
 .debug_abbrev  0x00006b0c      0x194 .\CortexM3\ARM_GCC_541\Debug\JSONParser.a(CySpc.o)
 .debug_abbrev  0x00006ca0      0x282 .\CortexM3\ARM_GCC_541\Debug\JSONParser.a(ErikaOS_1_ee_thendin.o)

.debug_line     0x00000000     0xa488
 *(.debug_line)
 .debug_line    0x00000000      0x536 .\CortexM3\ARM_GCC_541\Debug\main.o
 .debug_line    0x00000536      0x130 .\CortexM3\ARM_GCC_541\Debug\Ringbuffer.o
 .debug_line    0x00000666        0x0 .\CortexM3\ARM_GCC_541\Debug\parser.o
 .debug_line    0x00000666        0x0 .\CortexM3\ARM_GCC_541\Debug\drawer.o
 .debug_line    0x00000666      0x290 .\CortexM3\ARM_GCC_541\Debug\trcStreamingPort.o
 .debug_line    0x000008f6      0x3fd .\CortexM3\ARM_GCC_541\Debug\trcKernelPort.o
 .debug_line    0x00000cf3      0x1ed .\CortexM3\ARM_GCC_541\Debug\trcSnapshotRecorder.o
 .debug_line    0x00000ee0      0xae7 .\CortexM3\ARM_GCC_541\Debug\trcStreamingRecorder.o
 .debug_line    0x000019c7      0x2bc .\CortexM3\ARM_GCC_541\Debug\button.o
 .debug_line    0x00001c83      0x265 .\CortexM3\ARM_GCC_541\Debug\joystick.o
 .debug_line    0x00001ee8      0x372 .\CortexM3\ARM_GCC_541\Debug\led.o
 .debug_line    0x0000225a      0x2e4 .\CortexM3\ARM_GCC_541\Debug\seven.o
 .debug_line    0x0000253e      0x26b .\CortexM3\ARM_GCC_541\Debug\logging.o
 .debug_line    0x000027a9      0x7b0 .\CortexM3\ARM_GCC_541\Debug\tft.o
 .debug_line    0x00002f59      0x209 .\CortexM3\ARM_GCC_541\Debug\cyfitter_cfg.o
 .debug_line    0x00003162      0x141 .\CortexM3\ARM_GCC_541\Debug\cymetadata.o
 .debug_line    0x000032a3      0x241 .\CortexM3\ARM_GCC_541\Debug\Cm3Start.o
 .debug_line    0x000034e4       0x95 .\CortexM3\ARM_GCC_541\Debug\JSONParser.a(SEVEN_DP.o)
 .debug_line    0x00003579       0x99 .\CortexM3\ARM_GCC_541\Debug\JSONParser.a(SEVEN_SELECT.o)
 .debug_line    0x00003612       0x71 .\CortexM3\ARM_GCC_541\Debug\JSONParser.a(SEVEN_reg.o)
 .debug_line    0x00003683       0x95 .\CortexM3\ARM_GCC_541\Debug\JSONParser.a(BUTTON_1.o)
 .debug_line    0x00003718      0x137 .\CortexM3\ARM_GCC_541\Debug\JSONParser.a(isr_Button.o)
 .debug_line    0x0000384f       0x95 .\CortexM3\ARM_GCC_541\Debug\JSONParser.a(BUTTON_2.o)
 .debug_line    0x000038e4       0x95 .\CortexM3\ARM_GCC_541\Debug\JSONParser.a(BUTTON_3.o)
 .debug_line    0x00003979       0x95 .\CortexM3\ARM_GCC_541\Debug\JSONParser.a(BUTTON_4.o)
 .debug_line    0x00003a0e       0x94 .\CortexM3\ARM_GCC_541\Debug\JSONParser.a(LED_red.o)
 .debug_line    0x00003aa2       0x97 .\CortexM3\ARM_GCC_541\Debug\JSONParser.a(LED_yellow.o)
 .debug_line    0x00003b39       0x96 .\CortexM3\ARM_GCC_541\Debug\JSONParser.a(LED_green.o)
 .debug_line    0x00003bcf      0x2c4 .\CortexM3\ARM_GCC_541\Debug\JSONParser.a(UART_LOG.o)
 .debug_line    0x00003e93      0x143 .\CortexM3\ARM_GCC_541\Debug\JSONParser.a(RGB_PWM_red.o)
 .debug_line    0x00003fd6      0x145 .\CortexM3\ARM_GCC_541\Debug\JSONParser.a(RGB_PWM_green.o)
 .debug_line    0x0000411b      0x144 .\CortexM3\ARM_GCC_541\Debug\JSONParser.a(RGB_PWM_blue.o)
 .debug_line    0x0000425f      0x23e .\CortexM3\ARM_GCC_541\Debug\JSONParser.a(JOYSTICK_ADC_XY.o)
 .debug_line    0x0000449d       0x5c .\CortexM3\ARM_GCC_541\Debug\JSONParser.a(JOYSTICK_ADC_XY_INT.o)
 .debug_line    0x000044f9      0x249 .\CortexM3\ARM_GCC_541\Debug\JSONParser.a(TFT_SPI.o)
 .debug_line    0x00004742       0x93 .\CortexM3\ARM_GCC_541\Debug\JSONParser.a(TFT_DC.o)
 .debug_line    0x000047d5       0x94 .\CortexM3\ARM_GCC_541\Debug\JSONParser.a(TFT_RES.o)
 .debug_line    0x00004869      0x13b .\CortexM3\ARM_GCC_541\Debug\JSONParser.a(TFT_BackLight.o)
 .debug_line    0x000049a4      0x1fa .\CortexM3\ARM_GCC_541\Debug\JSONParser.a(ErikaOS_1_ee_activate.o)
 .debug_line    0x00004b9e      0x413 .\CortexM3\ARM_GCC_541\Debug\JSONParser.a(ErikaOS_1_ee_altick.o)
 .debug_line    0x00004fb1      0x2d2 .\CortexM3\ARM_GCC_541\Debug\JSONParser.a(ErikaOS_1_ee_evclear.o)
 .debug_line    0x00005283      0x267 .\CortexM3\ARM_GCC_541\Debug\JSONParser.a(ErikaOS_1_ee_evget.o)
 .debug_line    0x000054ea      0x30b .\CortexM3\ARM_GCC_541\Debug\JSONParser.a(ErikaOS_1_ee_evset.o)
 .debug_line    0x000057f5      0x318 .\CortexM3\ARM_GCC_541\Debug\JSONParser.a(ErikaOS_1_ee_evwait.o)
 .debug_line    0x00005b0d      0x161 .\CortexM3\ARM_GCC_541\Debug\JSONParser.a(ErikaOS_1_ee_gettaskid.o)
 .debug_line    0x00005c6e      0x2c3 .\CortexM3\ARM_GCC_541\Debug\JSONParser.a(ErikaOS_1_ee_irqendin.o)
 .debug_line    0x00005f31      0x119 .\CortexM3\ARM_GCC_541\Debug\JSONParser.a(ErikaOS_1_ee_lookup.o)
 .debug_line    0x0000604a      0x15b .\CortexM3\ARM_GCC_541\Debug\JSONParser.a(ErikaOS_1_ee_rq_exchg.o)
 .debug_line    0x000061a5      0x152 .\CortexM3\ARM_GCC_541\Debug\JSONParser.a(ErikaOS_1_ee_rq_first.o)
 .debug_line    0x000062f7      0x156 .\CortexM3\ARM_GCC_541\Debug\JSONParser.a(ErikaOS_1_ee_rq_inser.o)
 .debug_line    0x0000644d      0x179 .\CortexM3\ARM_GCC_541\Debug\JSONParser.a(ErikaOS_1_ee_shtdown.o)
 .debug_line    0x000065c6      0x380 .\CortexM3\ARM_GCC_541\Debug\JSONParser.a(ErikaOS_1_ee_startos.o)
 .debug_line    0x00006946      0x1c0 .\CortexM3\ARM_GCC_541\Debug\JSONParser.a(ErikaOS_1_ee_terminat.o)
 .debug_line    0x00006b06      0x184 .\CortexM3\ARM_GCC_541\Debug\JSONParser.a(ErikaOS_1_cortex_mx_ee_utils.o)
 .debug_line    0x00006c8a       0xf9 .\CortexM3\ARM_GCC_541\Debug\JSONParser.a(ErikaOS_1_common_ee_hal_structs.o)
 .debug_line    0x00006d83      0x13c .\CortexM3\ARM_GCC_541\Debug\JSONParser.a(ErikaOS_1_eecfg.o)
 .debug_line    0x00006ebf      0x2dc .\CortexM3\ARM_GCC_541\Debug\JSONParser.a(USBUART.o)
 .debug_line    0x0000719b      0x2f2 .\CortexM3\ARM_GCC_541\Debug\JSONParser.a(USBUART_cdc.o)
 .debug_line    0x0000748d      0x221 .\CortexM3\ARM_GCC_541\Debug\JSONParser.a(USBUART_drv.o)
 .debug_line    0x000076ae       0xe6 .\CortexM3\ARM_GCC_541\Debug\JSONParser.a(USBUART_episr.o)
 .debug_line    0x00007794      0x10e .\CortexM3\ARM_GCC_541\Debug\JSONParser.a(USBUART_pm.o)
 .debug_line    0x000078a2      0x3e2 .\CortexM3\ARM_GCC_541\Debug\JSONParser.a(USBUART_std.o)
 .debug_line    0x00007c84       0x73 .\CortexM3\ARM_GCC_541\Debug\JSONParser.a(USBUART_vnd.o)
 .debug_line    0x00007cf7      0x180 .\CortexM3\ARM_GCC_541\Debug\JSONParser.a(UART_LOG_IntClock.o)
 .debug_line    0x00007e77      0x20f .\CortexM3\ARM_GCC_541\Debug\JSONParser.a(JOYSTICK_ADC_XY_SAR.o)
 .debug_line    0x00008086       0x94 .\CortexM3\ARM_GCC_541\Debug\JSONParser.a(JOYSTICK_ADC_XY_TempBuf_dma.o)
 .debug_line    0x0000811a       0x95 .\CortexM3\ARM_GCC_541\Debug\JSONParser.a(JOYSTICK_ADC_XY_FinalBuf_dma.o)
 .debug_line    0x000081af      0x140 .\CortexM3\ARM_GCC_541\Debug\JSONParser.a(JOYSTICK_ADC_XY_IRQ.o)
 .debug_line    0x000082ef      0x17f .\CortexM3\ARM_GCC_541\Debug\JSONParser.a(TFT_SPI_IntClock.o)
 .debug_line    0x0000846e       0xbb .\CortexM3\ARM_GCC_541\Debug\JSONParser.a(USBUART_Dp.o)
 .debug_line    0x00008529      0x2e4 .\CortexM3\ARM_GCC_541\Debug\JSONParser.a(CyDmac.o)
 .debug_line    0x0000880d      0x816 .\CortexM3\ARM_GCC_541\Debug\JSONParser.a(CyLib.o)
 .debug_line    0x00009023      0x367 .\CortexM3\ARM_GCC_541\Debug\JSONParser.a(cyPm.o)
 .debug_line    0x0000938a       0xae .\CortexM3\ARM_GCC_541\Debug\JSONParser.a(ErikaOS_1_ee_gnu_change_context_isr.o)
 .debug_line    0x00009438       0x74 .\CortexM3\ARM_GCC_541\Debug\JSONParser.a(ErikaOS_1_ee_gnu_irq_stack.o)
 .debug_line    0x000094ac       0x9d .\CortexM3\ARM_GCC_541\Debug\JSONParser.a(ErikaOS_1_ee_gnu_multi_context.o)
 .debug_line    0x00009549       0x99 .\CortexM3\ARM_GCC_541\Debug\JSONParser.a(ErikaOS_1_ee_gnu_oo.o)
 .debug_line    0x000095e2       0x66 .\CortexM3\ARM_GCC_541\Debug\JSONParser.a(CyBootAsmGnu.o)
 .debug_line    0x00009648      0x17b .\CortexM3\ARM_GCC_541\Debug\JSONParser.a(ErikaOS_1_ee_tnterm.o)
 .debug_line    0x000097c3      0x293 .\CortexM3\ARM_GCC_541\Debug\JSONParser.a(ErikaOS_1_ee_tstub.o)
 .debug_line    0x00009a56      0x1ac .\CortexM3\ARM_GCC_541\Debug\JSONParser.a(ErikaOS_1_cortex_mx_ee_context.o)
 .debug_line    0x00009c02       0x95 .\CortexM3\ARM_GCC_541\Debug\JSONParser.a(USBUART_cls.o)
 .debug_line    0x00009c97       0x61 .\CortexM3\ARM_GCC_541\Debug\JSONParser.a(USBUART_descr.o)
 .debug_line    0x00009cf8      0x21a .\CortexM3\ARM_GCC_541\Debug\JSONParser.a(CyFlash.o)
 .debug_line    0x00009f12      0x260 .\CortexM3\ARM_GCC_541\Debug\JSONParser.a(CySpc.o)
 .debug_line    0x0000a172      0x316 .\CortexM3\ARM_GCC_541\Debug\JSONParser.a(ErikaOS_1_ee_thendin.o)

.debug_frame    0x00000000     0x4628
 *(.debug_frame)
 .debug_frame   0x00000000      0x144 .\CortexM3\ARM_GCC_541\Debug\main.o
 .debug_frame   0x00000144       0x78 .\CortexM3\ARM_GCC_541\Debug\Ringbuffer.o
 .debug_frame   0x000001bc       0x6c .\CortexM3\ARM_GCC_541\Debug\trcStreamingPort.o
 .debug_frame   0x00000228      0x128 .\CortexM3\ARM_GCC_541\Debug\trcKernelPort.o
 .debug_frame   0x00000350      0x614 .\CortexM3\ARM_GCC_541\Debug\trcStreamingRecorder.o
 .debug_frame   0x00000964       0x4c .\CortexM3\ARM_GCC_541\Debug\button.o
 .debug_frame   0x000009b0       0x4c .\CortexM3\ARM_GCC_541\Debug\joystick.o
 .debug_frame   0x000009fc       0x8c .\CortexM3\ARM_GCC_541\Debug\led.o
 .debug_frame   0x00000a88       0xcc .\CortexM3\ARM_GCC_541\Debug\seven.o
 .debug_frame   0x00000b54       0x48 .\CortexM3\ARM_GCC_541\Debug\logging.o
 .debug_frame   0x00000b9c      0x5bc .\CortexM3\ARM_GCC_541\Debug\tft.o
 .debug_frame   0x00001158       0xfc .\CortexM3\ARM_GCC_541\Debug\cyfitter_cfg.o
 .debug_frame   0x00001254       0xb8 .\CortexM3\ARM_GCC_541\Debug\Cm3Start.o
 .debug_frame   0x0000130c       0x50 .\CortexM3\ARM_GCC_541\Debug\JSONParser.a(SEVEN_DP.o)
 .debug_frame   0x0000135c       0x50 .\CortexM3\ARM_GCC_541\Debug\JSONParser.a(SEVEN_SELECT.o)
 .debug_frame   0x000013ac       0x30 .\CortexM3\ARM_GCC_541\Debug\JSONParser.a(SEVEN_reg.o)
 .debug_frame   0x000013dc       0x50 .\CortexM3\ARM_GCC_541\Debug\JSONParser.a(BUTTON_1.o)
 .debug_frame   0x0000142c      0x104 .\CortexM3\ARM_GCC_541\Debug\JSONParser.a(isr_Button.o)
 .debug_frame   0x00001530       0x50 .\CortexM3\ARM_GCC_541\Debug\JSONParser.a(BUTTON_2.o)
 .debug_frame   0x00001580       0x50 .\CortexM3\ARM_GCC_541\Debug\JSONParser.a(BUTTON_3.o)
 .debug_frame   0x000015d0       0x50 .\CortexM3\ARM_GCC_541\Debug\JSONParser.a(BUTTON_4.o)
 .debug_frame   0x00001620       0x50 .\CortexM3\ARM_GCC_541\Debug\JSONParser.a(LED_red.o)
 .debug_frame   0x00001670       0x50 .\CortexM3\ARM_GCC_541\Debug\JSONParser.a(LED_yellow.o)
 .debug_frame   0x000016c0       0x50 .\CortexM3\ARM_GCC_541\Debug\JSONParser.a(LED_green.o)
 .debug_frame   0x00001710      0x250 .\CortexM3\ARM_GCC_541\Debug\JSONParser.a(UART_LOG.o)
 .debug_frame   0x00001960       0xf8 .\CortexM3\ARM_GCC_541\Debug\JSONParser.a(RGB_PWM_red.o)
 .debug_frame   0x00001a58       0xf8 .\CortexM3\ARM_GCC_541\Debug\JSONParser.a(RGB_PWM_green.o)
 .debug_frame   0x00001b50       0xf8 .\CortexM3\ARM_GCC_541\Debug\JSONParser.a(RGB_PWM_blue.o)
 .debug_frame   0x00001c48      0x1dc .\CortexM3\ARM_GCC_541\Debug\JSONParser.a(JOYSTICK_ADC_XY.o)
 .debug_frame   0x00001e24       0x20 .\CortexM3\ARM_GCC_541\Debug\JSONParser.a(JOYSTICK_ADC_XY_INT.o)
 .debug_frame   0x00001e44      0x1e8 .\CortexM3\ARM_GCC_541\Debug\JSONParser.a(TFT_SPI.o)
 .debug_frame   0x0000202c       0x50 .\CortexM3\ARM_GCC_541\Debug\JSONParser.a(TFT_DC.o)
 .debug_frame   0x0000207c       0x50 .\CortexM3\ARM_GCC_541\Debug\JSONParser.a(TFT_RES.o)
 .debug_frame   0x000020cc       0xe8 .\CortexM3\ARM_GCC_541\Debug\JSONParser.a(TFT_BackLight.o)
 .debug_frame   0x000021b4       0x30 .\CortexM3\ARM_GCC_541\Debug\JSONParser.a(ErikaOS_1_ee_activate.o)
 .debug_frame   0x000021e4      0x10c .\CortexM3\ARM_GCC_541\Debug\JSONParser.a(ErikaOS_1_ee_altick.o)
 .debug_frame   0x000022f0       0x30 .\CortexM3\ARM_GCC_541\Debug\JSONParser.a(ErikaOS_1_ee_evclear.o)
 .debug_frame   0x00002320       0x2c .\CortexM3\ARM_GCC_541\Debug\JSONParser.a(ErikaOS_1_ee_evget.o)
 .debug_frame   0x0000234c       0x30 .\CortexM3\ARM_GCC_541\Debug\JSONParser.a(ErikaOS_1_ee_evset.o)
 .debug_frame   0x0000237c       0x38 .\CortexM3\ARM_GCC_541\Debug\JSONParser.a(ErikaOS_1_ee_evwait.o)
 .debug_frame   0x000023b4       0x20 .\CortexM3\ARM_GCC_541\Debug\JSONParser.a(ErikaOS_1_ee_gettaskid.o)
 .debug_frame   0x000023d4       0x5c .\CortexM3\ARM_GCC_541\Debug\JSONParser.a(ErikaOS_1_ee_irqendin.o)
 .debug_frame   0x00002430       0x3c .\CortexM3\ARM_GCC_541\Debug\JSONParser.a(ErikaOS_1_ee_rq_exchg.o)
 .debug_frame   0x0000246c       0x20 .\CortexM3\ARM_GCC_541\Debug\JSONParser.a(ErikaOS_1_ee_rq_first.o)
 .debug_frame   0x0000248c       0x30 .\CortexM3\ARM_GCC_541\Debug\JSONParser.a(ErikaOS_1_ee_rq_inser.o)
 .debug_frame   0x000024bc       0x58 .\CortexM3\ARM_GCC_541\Debug\JSONParser.a(ErikaOS_1_ee_shtdown.o)
 .debug_frame   0x00002514       0xb8 .\CortexM3\ARM_GCC_541\Debug\JSONParser.a(ErikaOS_1_ee_startos.o)
 .debug_frame   0x000025cc       0x2c .\CortexM3\ARM_GCC_541\Debug\JSONParser.a(ErikaOS_1_ee_terminat.o)
 .debug_frame   0x000025f8       0x30 .\CortexM3\ARM_GCC_541\Debug\JSONParser.a(ErikaOS_1_cortex_mx_ee_utils.o)
 .debug_frame   0x00002628      0x1dc .\CortexM3\ARM_GCC_541\Debug\JSONParser.a(USBUART.o)
 .debug_frame   0x00002804      0x27c .\CortexM3\ARM_GCC_541\Debug\JSONParser.a(USBUART_cdc.o)
 .debug_frame   0x00002a80      0x194 .\CortexM3\ARM_GCC_541\Debug\JSONParser.a(USBUART_drv.o)
 .debug_frame   0x00002c14       0x6c .\CortexM3\ARM_GCC_541\Debug\JSONParser.a(USBUART_episr.o)
 .debug_frame   0x00002c80       0xa0 .\CortexM3\ARM_GCC_541\Debug\JSONParser.a(USBUART_pm.o)
 .debug_frame   0x00002d20      0x17c .\CortexM3\ARM_GCC_541\Debug\JSONParser.a(USBUART_std.o)
 .debug_frame   0x00002e9c       0x20 .\CortexM3\ARM_GCC_541\Debug\JSONParser.a(USBUART_vnd.o)
 .debug_frame   0x00002ebc       0xe0 .\CortexM3\ARM_GCC_541\Debug\JSONParser.a(UART_LOG_IntClock.o)
 .debug_frame   0x00002f9c      0x1b0 .\CortexM3\ARM_GCC_541\Debug\JSONParser.a(JOYSTICK_ADC_XY_SAR.o)
 .debug_frame   0x0000314c       0x54 .\CortexM3\ARM_GCC_541\Debug\JSONParser.a(JOYSTICK_ADC_XY_TempBuf_dma.o)
 .debug_frame   0x000031a0       0x54 .\CortexM3\ARM_GCC_541\Debug\JSONParser.a(JOYSTICK_ADC_XY_FinalBuf_dma.o)
 .debug_frame   0x000031f4      0x104 .\CortexM3\ARM_GCC_541\Debug\JSONParser.a(JOYSTICK_ADC_XY_IRQ.o)
 .debug_frame   0x000032f8       0xe0 .\CortexM3\ARM_GCC_541\Debug\JSONParser.a(TFT_SPI_IntClock.o)
 .debug_frame   0x000033d8       0x70 .\CortexM3\ARM_GCC_541\Debug\JSONParser.a(USBUART_Dp.o)
 .debug_frame   0x00003448      0x1f8 .\CortexM3\ARM_GCC_541\Debug\JSONParser.a(CyDmac.o)
 .debug_frame   0x00003640      0x738 .\CortexM3\ARM_GCC_541\Debug\JSONParser.a(CyLib.o)
 .debug_frame   0x00003d78      0x1f8 .\CortexM3\ARM_GCC_541\Debug\JSONParser.a(cyPm.o)
 .debug_frame   0x00003f70       0x2c .\CortexM3\ARM_GCC_541\Debug\JSONParser.a(ErikaOS_1_ee_tnterm.o)
 .debug_frame   0x00003f9c       0x2c .\CortexM3\ARM_GCC_541\Debug\JSONParser.a(ErikaOS_1_ee_tstub.o)
 .debug_frame   0x00003fc8       0x3c .\CortexM3\ARM_GCC_541\Debug\JSONParser.a(ErikaOS_1_cortex_mx_ee_context.o)
 .debug_frame   0x00004004       0x2c .\CortexM3\ARM_GCC_541\Debug\JSONParser.a(USBUART_cls.o)
 .debug_frame   0x00004030      0x194 .\CortexM3\ARM_GCC_541\Debug\JSONParser.a(CyFlash.o)
 .debug_frame   0x000041c4      0x180 .\CortexM3\ARM_GCC_541\Debug\JSONParser.a(CySpc.o)
 .debug_frame   0x00004344       0x60 .\CortexM3\ARM_GCC_541\Debug\JSONParser.a(ErikaOS_1_ee_thendin.o)
 .debug_frame   0x000043a4       0x44 c:/program files (x86)/cypress/psoc creator/4.4/psoc creator/import/gnu/arm/5.4.1/bin/../lib/gcc/arm-none-eabi/5.4.1/armv7-m\libgcc.a(_aeabi_ldivmod.o)
 .debug_frame   0x000043e8       0x38 c:/program files (x86)/cypress/psoc creator/4.4/psoc creator/import/gnu/arm/5.4.1/bin/../lib/gcc/arm-none-eabi/5.4.1/armv7-m\libgcc.a(_udivmoddi4.o)
 .debug_frame   0x00004420       0x20 c:/program files (x86)/cypress/psoc creator/4.4/psoc creator/import/gnu/arm/5.4.1/bin/../lib/gcc/arm-none-eabi/5.4.1/../../../../arm-none-eabi/lib/armv7-m\libg_nano.a(lib_a-errno.o)
 .debug_frame   0x00004440       0x28 c:/program files (x86)/cypress/psoc creator/4.4/psoc creator/import/gnu/arm/5.4.1/bin/../lib/gcc/arm-none-eabi/5.4.1/../../../../arm-none-eabi/lib/armv7-m\libg_nano.a(lib_a-exit.o)
 .debug_frame   0x00004468       0x2c c:/program files (x86)/cypress/psoc creator/4.4/psoc creator/import/gnu/arm/5.4.1/bin/../lib/gcc/arm-none-eabi/5.4.1/../../../../arm-none-eabi/lib/armv7-m\libg_nano.a(lib_a-init.o)
 .debug_frame   0x00004494       0x30 c:/program files (x86)/cypress/psoc creator/4.4/psoc creator/import/gnu/arm/5.4.1/bin/../lib/gcc/arm-none-eabi/5.4.1/../../../../arm-none-eabi/lib/armv7-m\libg_nano.a(lib_a-malloc.o)
 .debug_frame   0x000044c4       0x28 c:/program files (x86)/cypress/psoc creator/4.4/psoc creator/import/gnu/arm/5.4.1/bin/../lib/gcc/arm-none-eabi/5.4.1/../../../../arm-none-eabi/lib/armv7-m\libg_nano.a(lib_a-memcpy-stub.o)
 .debug_frame   0x000044ec       0x20 c:/program files (x86)/cypress/psoc creator/4.4/psoc creator/import/gnu/arm/5.4.1/bin/../lib/gcc/arm-none-eabi/5.4.1/../../../../arm-none-eabi/lib/armv7-m\libg_nano.a(lib_a-memset.o)
 .debug_frame   0x0000450c       0x38 c:/program files (x86)/cypress/psoc creator/4.4/psoc creator/import/gnu/arm/5.4.1/bin/../lib/gcc/arm-none-eabi/5.4.1/../../../../arm-none-eabi/lib/armv7-m\libg_nano.a(lib_a-nano-freer.o)
 .debug_frame   0x00004544       0x2c c:/program files (x86)/cypress/psoc creator/4.4/psoc creator/import/gnu/arm/5.4.1/bin/../lib/gcc/arm-none-eabi/5.4.1/../../../../arm-none-eabi/lib/armv7-m\libg_nano.a(lib_a-nano-mallocr.o)
 .debug_frame   0x00004570       0x2c c:/program files (x86)/cypress/psoc creator/4.4/psoc creator/import/gnu/arm/5.4.1/bin/../lib/gcc/arm-none-eabi/5.4.1/../../../../arm-none-eabi/lib/armv7-m\libg_nano.a(lib_a-sbrkr.o)
 .debug_frame   0x0000459c       0x30 c:/program files (x86)/cypress/psoc creator/4.4/psoc creator/import/gnu/arm/5.4.1/bin/../lib/gcc/arm-none-eabi/5.4.1/../../../../arm-none-eabi/lib/armv7-m\libg_nano.a(lib_a-mlock.o)
 .debug_frame   0x000045cc       0x5c c:/program files (x86)/cypress/psoc creator/4.4/psoc creator/import/gnu/arm/5.4.1/bin/../lib/gcc/arm-none-eabi/5.4.1/../../../../arm-none-eabi/lib/armv7-m\libg_nano.a(lib_a-reent.o)

.debug_str      0x00000000     0x743a
 *(.debug_str)
 .debug_str     0x00000000      0x6cb .\CortexM3\ARM_GCC_541\Debug\main.o
                                0x743 (size before relaxing)
 .debug_str     0x000006cb      0x205 .\CortexM3\ARM_GCC_541\Debug\Ringbuffer.o
                                0x47f (size before relaxing)
 .debug_str     0x000008d0        0x9 .\CortexM3\ARM_GCC_541\Debug\parser.o
                                0x143 (size before relaxing)
 .debug_str     0x000008d9        0x9 .\CortexM3\ARM_GCC_541\Debug\drawer.o
                                0x143 (size before relaxing)
 .debug_str     0x000008e2      0x11d .\CortexM3\ARM_GCC_541\Debug\trcStreamingPort.o
                                0x3dd (size before relaxing)
 .debug_str     0x000009ff      0x33c .\CortexM3\ARM_GCC_541\Debug\trcKernelPort.o
                                0x651 (size before relaxing)
 .debug_str     0x00000d3b       0x2f .\CortexM3\ARM_GCC_541\Debug\trcSnapshotRecorder.o
                                0x2cf (size before relaxing)
 .debug_str     0x00000d6a      0x82a .\CortexM3\ARM_GCC_541\Debug\trcStreamingRecorder.o
                                0xd60 (size before relaxing)
 .debug_str     0x00001594       0xdb .\CortexM3\ARM_GCC_541\Debug\button.o
                                0x558 (size before relaxing)
 .debug_str     0x0000166f       0xc4 .\CortexM3\ARM_GCC_541\Debug\joystick.o
                                0x546 (size before relaxing)
 .debug_str     0x00001733      0x16d .\CortexM3\ARM_GCC_541\Debug\led.o
                                0x635 (size before relaxing)
 .debug_str     0x000018a0       0xef .\CortexM3\ARM_GCC_541\Debug\seven.o
                                0x585 (size before relaxing)
 .debug_str     0x0000198f       0xa3 .\CortexM3\ARM_GCC_541\Debug\logging.o
                                0x549 (size before relaxing)
 .debug_str     0x00001a32      0x7f8 .\CortexM3\ARM_GCC_541\Debug\tft.o
                                0xcd9 (size before relaxing)
 .debug_str     0x0000222a      0x1a2 .\CortexM3\ARM_GCC_541\Debug\cyfitter_cfg.o
                                0x3b8 (size before relaxing)
 .debug_str     0x000023cc       0x75 .\CortexM3\ARM_GCC_541\Debug\cymetadata.o
                                0x24e (size before relaxing)
 .debug_str     0x00002441      0x142 .\CortexM3\ARM_GCC_541\Debug\Cm3Start.o
                                0x384 (size before relaxing)
 .debug_str     0x00002583       0x6b .\CortexM3\ARM_GCC_541\Debug\JSONParser.a(SEVEN_DP.o)
                                0x25b (size before relaxing)
 .debug_str     0x000025ee       0x6b .\CortexM3\ARM_GCC_541\Debug\JSONParser.a(SEVEN_SELECT.o)
                                0x26f (size before relaxing)
 .debug_str     0x00002659       0x3a .\CortexM3\ARM_GCC_541\Debug\JSONParser.a(SEVEN_reg.o)
                                0x225 (size before relaxing)