Archive member included to satisfy reference by file (symbol)

.\CortexM3\ARM_GCC_541\Debug\reaction_game_wb.a(SEVEN_DP.o)
                              .\CortexM3\ARM_GCC_541\Debug\seven.o (SEVEN_DP_Write)
.\CortexM3\ARM_GCC_541\Debug\reaction_game_wb.a(SEVEN_SELECT.o)
                              .\CortexM3\ARM_GCC_541\Debug\seven.o (SEVEN_SELECT_Write)
.\CortexM3\ARM_GCC_541\Debug\reaction_game_wb.a(SEVEN_reg.o)
                              .\CortexM3\ARM_GCC_541\Debug\seven.o (SEVEN_reg_Write)
.\CortexM3\ARM_GCC_541\Debug\reaction_game_wb.a(BUTTON_1.o)
                              .\CortexM3\ARM_GCC_541\Debug\main.o (BUTTON_1_Read)
.\CortexM3\ARM_GCC_541\Debug\reaction_game_wb.a(isr_Button.o)
                              .\CortexM3\ARM_GCC_541\Debug\button.o (isr_Button_StartEx)
.\CortexM3\ARM_GCC_541\Debug\reaction_game_wb.a(BUTTON_2.o)
                              .\CortexM3\ARM_GCC_541\Debug\main.o (BUTTON_2_Read)
.\CortexM3\ARM_GCC_541\Debug\reaction_game_wb.a(BUTTON_3.o)
                              .\CortexM3\ARM_GCC_541\Debug\button.o (BUTTON_3_Read)
.\CortexM3\ARM_GCC_541\Debug\reaction_game_wb.a(BUTTON_4.o)
                              .\CortexM3\ARM_GCC_541\Debug\button.o (BUTTON_4_Read)
.\CortexM3\ARM_GCC_541\Debug\reaction_game_wb.a(LED_red.o)
                              .\CortexM3\ARM_GCC_541\Debug\led.o (LED_red_Write)
.\CortexM3\ARM_GCC_541\Debug\reaction_game_wb.a(LED_yellow.o)
                              .\CortexM3\ARM_GCC_541\Debug\led.o (LED_yellow_Write)
.\CortexM3\ARM_GCC_541\Debug\reaction_game_wb.a(LED_green.o)
                              .\CortexM3\ARM_GCC_541\Debug\led.o (LED_green_Write)
.\CortexM3\ARM_GCC_541\Debug\reaction_game_wb.a(UART_LOG.o)
                              .\CortexM3\ARM_GCC_541\Debug\main.o (UART_LOG_Start)
.\CortexM3\ARM_GCC_541\Debug\reaction_game_wb.a(RGB_PWM_red.o)
                              .\CortexM3\ARM_GCC_541\Debug\led.o (RGB_PWM_red_WriteCompare)
.\CortexM3\ARM_GCC_541\Debug\reaction_game_wb.a(RGB_PWM_green.o)
                              .\CortexM3\ARM_GCC_541\Debug\led.o (RGB_PWM_green_WriteCompare)
.\CortexM3\ARM_GCC_541\Debug\reaction_game_wb.a(RGB_PWM_blue.o)
                              .\CortexM3\ARM_GCC_541\Debug\led.o (RGB_PWM_blue_WriteCompare)
.\CortexM3\ARM_GCC_541\Debug\reaction_game_wb.a(JOYSTICK_ADC_XY.o)
                              .\CortexM3\ARM_GCC_541\Debug\joystick.o (JOYSTICK_ADC_XY_Start)
.\CortexM3\ARM_GCC_541\Debug\reaction_game_wb.a(JOYSTICK_ADC_XY_INT.o)
                              .\CortexM3\ARM_GCC_541\Debug\reaction_game_wb.a(JOYSTICK_ADC_XY.o) (JOYSTICK_ADC_XY_ISR)
.\CortexM3\ARM_GCC_541\Debug\reaction_game_wb.a(TFT_SPI.o)
                              .\CortexM3\ARM_GCC_541\Debug\tft.o (TFT_SPI_WriteTxData)
.\CortexM3\ARM_GCC_541\Debug\reaction_game_wb.a(TFT_DC.o)
                              .\CortexM3\ARM_GCC_541\Debug\tft.o (TFT_DC_Write)
.\CortexM3\ARM_GCC_541\Debug\reaction_game_wb.a(TFT_RES.o)
                              .\CortexM3\ARM_GCC_541\Debug\tft.o (TFT_RES_Write)
.\CortexM3\ARM_GCC_541\Debug\reaction_game_wb.a(TFT_BackLight.o)
                              .\CortexM3\ARM_GCC_541\Debug\tft.o (TFT_BackLight_WriteCompare)
.\CortexM3\ARM_GCC_541\Debug\reaction_game_wb.a(ErikaOS_1_ee_activate.o)
                              .\CortexM3\ARM_GCC_541\Debug\main.o (EE_oo_ActivateTask)
.\CortexM3\ARM_GCC_541\Debug\reaction_game_wb.a(ErikaOS_1_ee_alcancel.o)
                              .\CortexM3\ARM_GCC_541\Debug\main.o (EE_oo_CancelAlarm)
.\CortexM3\ARM_GCC_541\Debug\reaction_game_wb.a(ErikaOS_1_ee_alget.o)
                              .\CortexM3\ARM_GCC_541\Debug\main.o (EE_oo_GetAlarm)
.\CortexM3\ARM_GCC_541\Debug\reaction_game_wb.a(ErikaOS_1_ee_alsetrel.o)
                              .\CortexM3\ARM_GCC_541\Debug\main.o (EE_oo_SetRelAlarm)
.\CortexM3\ARM_GCC_541\Debug\reaction_game_wb.a(ErikaOS_1_ee_altick.o)
                              .\CortexM3\ARM_GCC_541\Debug\reaction_game_wb.a(ErikaOS_1_ee_alsetrel.o) (EE_oo_counter_object_insert)
.\CortexM3\ARM_GCC_541\Debug\reaction_game_wb.a(ErikaOS_1_ee_evclear.o)
                              .\CortexM3\ARM_GCC_541\Debug\main.o (EE_oo_ClearEvent)
.\CortexM3\ARM_GCC_541\Debug\reaction_game_wb.a(ErikaOS_1_ee_evget.o)
                              .\CortexM3\ARM_GCC_541\Debug\main.o (EE_oo_GetEvent)
.\CortexM3\ARM_GCC_541\Debug\reaction_game_wb.a(ErikaOS_1_ee_evset.o)
                              .\CortexM3\ARM_GCC_541\Debug\main.o (EE_oo_SetEvent)
.\CortexM3\ARM_GCC_541\Debug\reaction_game_wb.a(ErikaOS_1_ee_evwait.o)
                              .\CortexM3\ARM_GCC_541\Debug\main.o (EE_oo_WaitEvent)
.\CortexM3\ARM_GCC_541\Debug\reaction_game_wb.a(ErikaOS_1_ee_gettaskid.o)
                              .\CortexM3\ARM_GCC_541\Debug\trcKernelPort.o (EE_oo_GetTaskID)
.\CortexM3\ARM_GCC_541\Debug\reaction_game_wb.a(ErikaOS_1_ee_irqendin.o)
                              .\CortexM3\ARM_GCC_541\Debug\main.o (EE_IRQ_end_post_stub)
[...]
Memory Configuration

Name             Origin             Length             Attributes
rom              0x00000000         0x00040000         xr
ram              0x1fff8000         0x00010000         xrw
*default*        0x00000000         0xffffffff

Linker script and memory map

LOAD c:/program files (x86)/cypress/psoc creator/4.4/psoc creator/import/gnu/arm/5.4.1/bin/../lib/gcc/arm-none-eabi/5.4.1/armv7-m/crti.o
LOAD c:/program files (x86)/cypress/psoc creator/4.4/psoc creator/import/gnu/arm/5.4.1/bin/../lib/gcc/arm-none-eabi/5.4.1/armv7-m/crtbegin.o
LOAD c:/program files (x86)/cypress/psoc creator/4.4/psoc creator/import/gnu/arm/5.4.1/bin/../lib/gcc/arm-none-eabi/5.4.1/../../../../arm-none-eabi/lib/armv7-m/crt0.o
START GROUP
LOAD .\CortexM3\ARM_GCC_541\Debug\main.o
LOAD .\CortexM3\ARM_GCC_541\Debug\trcStreamingPort.o
LOAD .\CortexM3\ARM_GCC_541\Debug\trcKernelPort.o
LOAD .\CortexM3\ARM_GCC_541\Debug\trcSnapshotRecorder.o
LOAD .\CortexM3\ARM_GCC_541\Debug\trcStreamingRecorder.o
LOAD .\CortexM3\ARM_GCC_541\Debug\button.o
LOAD .\CortexM3\ARM_GCC_541\Debug\joystick.o
LOAD .\CortexM3\ARM_GCC_541\Debug\led.o
LOAD .\CortexM3\ARM_GCC_541\Debug\seven.o
LOAD .\CortexM3\ARM_GCC_541\Debug\logging.o
LOAD .\CortexM3\ARM_GCC_541\Debug\tft.o
LOAD .\CortexM3\ARM_GCC_541\Debug\cyfitter_cfg.o
LOAD .\CortexM3\ARM_GCC_541\Debug\cymetadata.o
LOAD .\CortexM3\ARM_GCC_541\Debug\Cm3Start.o
LOAD .\CortexM3\ARM_GCC_541\Debug\reaction_game_wb.a
LOAD C:\Program Files (x86)\Cypress\PSoC Creator\4.4\PSoC Creator\psoc\content\cycomponentlibrary\CyComponentLibrary.cylib\CortexM3\ARM_GCC_541\Debug\CyComponentLibrary.a
END GROUP
START GROUP
LOAD c:/program files (x86)/cypress/psoc creator/4.4/psoc creator/import/gnu/arm/5.4.1/bin/../lib/gcc/arm-none-eabi/5.4.1/armv7-m\libgcc.a
LOAD c:/program files (x86)/cypress/psoc creator/4.4/psoc creator/import/gnu/arm/5.4.1/bin/../lib/gcc/arm-none-eabi/5.4.1/../../../../arm-none-eabi/lib/armv7-m\libg_nano.a
LOAD c:/program files (x86)/cypress/psoc creator/4.4/psoc creator/import/gnu/arm/5.4.1/bin/../lib/gcc/arm-none-eabi/5.4.1/../../../../arm-none-eabi/lib/armv7-m\libc_nano.a
END GROUP
START GROUP
LOAD c:/program files (x86)/cypress/psoc creator/4.4/psoc creator/import/gnu/arm/5.4.1/bin/../lib/gcc/arm-none-eabi/5.4.1/armv7-m\libgcc.a
LOAD c:/program files (x86)/cypress/psoc creator/4.4/psoc creator/import/gnu/arm/5.4.1/bin/../lib/gcc/arm-none-eabi/5.4.1/../../../../arm-none-eabi/lib/armv7-m\libc_nano.a
END GROUP
LOAD c:/program files (x86)/cypress/psoc creator/4.4/psoc creator/import/gnu/arm/5.4.1/bin/../lib/gcc/arm-none-eabi/5.4.1/armv7-m/crtend.o
LOAD c:/program files (x86)/cypress/psoc creator/4.4/psoc creator/import/gnu/arm/5.4.1/bin/../lib/gcc/arm-none-eabi/5.4.1/armv7-m/crtn.o
START GROUP
LOAD c:/program files (x86)/cypress/psoc creator/4.4/psoc creator/import/gnu/arm/5.4.1/bin/../lib/gcc/arm-none-eabi/5.4.1/armv7-m\libgcc.a
LOAD c:/program files (x86)/cypress/psoc creator/4.4/psoc creator/import/gnu/arm/5.4.1/bin/../lib/gcc/arm-none-eabi/5.4.1/../../../../arm-none-eabi/lib/armv7-m\libc.a
LOAD c:/program files (x86)/cypress/psoc creator/4.4/psoc creator/import/gnu/arm/5.4.1/bin/../lib/gcc/arm-none-eabi/5.4.1/../../../../arm-none-eabi/lib/armv7-m\libnosys.a
END GROUP
                0x00000000                CY_APPL_ORIGIN = 0x0
                0x00000100                CY_FLASH_ROW_SIZE = 0x100
                0x00000020                CY_ECC_ROW_SIZE = 0x20
                0x00000000                CY_EE_IN_BTLDR = 0x0
                0x00000000                CY_APPL_LOADABLE = 0x0
                0x00000800                CY_EE_SIZE = 0x800
                0x00000001                CY_APPL_NUM = 0x1
                0x00000001                CY_APPL_MAX = 0x1
                0x00000040                CY_METADATA_SIZE = 0x40
                0x00000000                CY_APPL_LOADABLE = 0x0
                0x00000000                CY_CHECKSUM_EXCLUDE_SIZE = ALIGN (0x0, CY_FLASH_ROW_SIZE)
                [!provide]                PROVIDE (__cy_heap_start, _end)
                0x00000001                PROVIDE (__cy_region_num, ((__cy_regions_end - __cy_regions) / 0x10))
                0x20008000                PROVIDE (__cy_stack, (ORIGIN (ram) + LENGTH (ram)))
                [!provide]                PROVIDE (__cy_heap_end, (__cy_stack - 0x800))

.cybootloader   0x00000000        0x0
 *(.cybootloader)
                0x00000000                appl1_start = CY_APPL_ORIGIN?CY_APPL_ORIGIN:ALIGN (CY_FLASH_ROW_SIZE)
                0x0001ff00                appl2_start = (appl1_start + ALIGN ((((LENGTH (rom) - appl1_start) - (0x2 * CY_FLASH_ROW_SIZE)) / 0x2), CY_FLASH_ROW_SIZE))
                0x00000000                appl_start = (CY_APPL_NUM == 0x1)?appl1_start:appl2_start
                0x00000000                ecc_offset = ((appl_start / CY_FLASH_ROW_SIZE) * CY_ECC_ROW_SIZE)
                0x00000000                ee_offset = (CY_APPL_LOADABLE && ! (CY_EE_IN_BTLDR))?((CY_EE_SIZE / CY_APPL_MAX) * (CY_APPL_NUM - 0x1)):0x0
                0x00000800                ee_size = (CY_APPL_LOADABLE && ! (CY_EE_IN_BTLDR))?(CY_EE_SIZE / CY_APPL_MAX):CY_EE_SIZE
                [!provide]                PROVIDE (CY_ECC_OFFSET, ecc_offset)

.text           0x00000000     0x2a88
 CREATE_OBJECT_SYMBOLS
                0x00000000                PROVIDE (__cy_interrupt_vector, RomVectors)
 *(.romvectors)
 .romvectors    0x00000000       0x10 .\CortexM3\ARM_GCC_541\Debug\Cm3Start.o
                0x00000000                RomVectors
                0x00000001                ASSERT ((. != __cy_interrupt_vector), No interrupt vector)
                0x00000001                ASSERT (CY_APPL_ORIGIN?(SIZEOF (.cybootloader) <= CY_APPL_ORIGIN):0x1, Wrong image location)
                0x00000010                PROVIDE (__cy_reset, Reset)
 *(.text.Reset)
 .text.Reset    0x00000010       0x18 .\CortexM3\ARM_GCC_541\Debug\Cm3Start.o
                0x00000010                Reset
                0x00000001                ASSERT ((. != __cy_reset), No reset code)
 *(.dma_init)
                0x00000001                ASSERT ((((appl_start + .) <= 0x10000) || 0x1), DMA Init must be within the first 64k of flash)
 *(.text .text.* .gnu.linkonce.t.*)
 .text          0x00000028       0x5c c:/program files (x86)/cypress/psoc creator/4.4/psoc creator/import/gnu/arm/5.4.1/bin/../lib/gcc/arm-none-eabi/5.4.1/armv7-m/crtbegin.o
 .text.ISR2_systick_handler
                0x00000084        0xc .\CortexM3\ARM_GCC_541\Debug\main.o
                0x00000084                ISR2_systick_handler
 .text.systick_handler
                0x00000090       0x98 .\CortexM3\ARM_GCC_541\Debug\main.o
                0x00000090                systick_handler
 .text.main     0x00000128       0x28 .\CortexM3\ARM_GCC_541\Debug\main.o
                0x00000128                main
 .text.Functsk_init
                0x00000150       0x3c .\CortexM3\ARM_GCC_541\Debug\main.o
                0x00000150                Functsk_init
 .text.Functsk_background
                0x0000018c        0x4 .\CortexM3\ARM_GCC_541\Debug\main.o
                0x0000018c                Functsk_background
 .text.Functsk_timer
                0x00000190       0x10 .\CortexM3\ARM_GCC_541\Debug\main.o
                0x00000190                Functsk_timer
 .text.ISR2_isr_Button
                0x000001a0       0x34 .\CortexM3\ARM_GCC_541\Debug\main.o
                0x000001a0                ISR2_isr_Button
 .text.isr_Button
                0x000001d4       0x98 .\CortexM3\ARM_GCC_541\Debug\main.o
                0x000001d4                isr_Button
 .text.start    0x0000026c       0x9c .\CortexM3\ARM_GCC_541\Debug\main.o
                0x0000026c                start
 .text.displayssd
                0x00000308       0x5c .\CortexM3\ARM_GCC_541\Debug\main.o
                0x00000308                displayssd
 .text.correctMessage
                0x00000364       0x24 .\CortexM3\ARM_GCC_541\Debug\main.o
                0x00000364                correctMessage
 .text.incorrectMessage
                0x00000388       0x24 .\CortexM3\ARM_GCC_541\Debug\main.o
                0x00000388                incorrectMessage
 .text.buttonpress
                0x000003ac       0xa4 .\CortexM3\ARM_GCC_541\Debug\main.o
                0x000003ac                buttonpress
 .text.tooslowMessage
                0x00000450       0x24 .\CortexM3\ARM_GCC_541\Debug\main.o
                0x00000450                tooslowMessage
 .text.tooslow  0x00000474       0x34 .\CortexM3\ARM_GCC_541\Debug\main.o
                0x00000474                tooslow
 .text.finalMessage
                0x000004a8       0x14 .\CortexM3\ARM_GCC_541\Debug\main.o
                0x000004a8                finalMessage
 .text.Functsk_logic
                0x000004bc       0xa4 .\CortexM3\ARM_GCC_541\Debug\main.o
                0x000004bc                Functsk_logic
 .text.prvTraceGetCurrentTaskId
                0x00000560       0x14 .\CortexM3\ARM_GCC_541\Debug\trcKernelPort.o
                0x00000560                prvTraceGetCurrentTaskId
 .text.prvGetTimestamp32
                0x00000574        0xc .\CortexM3\ARM_GCC_541\Debug\trcStreamingRecorder.o
 .text.prvAllocateBufferPage
                0x00000580       0x44 .\CortexM3\ARM_GCC_541\Debug\trcStreamingRecorder.o
 .text.xTraceGetLastError
                0x000005c4       0xd8 .\CortexM3\ARM_GCC_541\Debug\trcStreamingRecorder.o
                0x000005c4                xTraceGetLastError
 .text.prvTraceSaveSymbol
                0x0000069c       0x8c .\CortexM3\ARM_GCC_541\Debug\trcStreamingRecorder.o
                0x0000069c                prvTraceSaveSymbol
 .text.prvTraceSaveObjectData
                0x00000728       0x6c .\CortexM3\ARM_GCC_541\Debug\trcStreamingRecorder.o
                0x00000728                prvTraceSaveObjectData
 .text.prvPagedEventBufferGetWritePointer
                0x00000794       0xb0 .\CortexM3\ARM_GCC_541\Debug\trcStreamingRecorder.o
                0x00000794                prvPagedEventBufferGetWritePointer
 .text.prvTraceStoreHeader
                0x00000844       0x48 .\CortexM3\ARM_GCC_541\Debug\trcStreamingRecorder.o
 .text.prvTraceStoreSymbolTable
                0x0000088c       0x50 .\CortexM3\ARM_GCC_541\Debug\trcStreamingRecorder.o
 .text.prvTraceStoreObjectDataTable
                0x000008dc       0x50 .\CortexM3\ARM_GCC_541\Debug\trcStreamingRecorder.o
 .text.prvTraceStoreSimpleStringEventHelper
                0x0000092c       0xcc .\CortexM3\ARM_GCC_541\Debug\trcStreamingRecorder.o
                0x0000092c                prvTraceStoreSimpleStringEventHelper
 .text.vTracePrint
                0x000009f8        0x8 .\CortexM3\ARM_GCC_541\Debug\trcStreamingRecorder.o
                0x000009f8                vTracePrint
 .text.prvTraceStoreWarnings
                0x00000a00       0x24 .\CortexM3\ARM_GCC_541\Debug\trcStreamingRecorder.o
 .text.prvPagedEventBufferInit
                0x00000a24       0x48 .\CortexM3\ARM_GCC_541\Debug\trcStreamingRecorder.o
                0x00000a24                prvPagedEventBufferInit
 .text.prvSetRecorderEnabled
                0x00000a6c       0x80 .\CortexM3\ARM_GCC_541\Debug\trcStreamingRecorder.o
 .text.prvTraceError
                0x00000aec       0x30 .\CortexM3\ARM_GCC_541\Debug\trcStreamingRecorder.o
                0x00000aec                prvTraceError
 .text.prvTraceStoreStringEventHelper
                0x00000b1c       0xe8 .\CortexM3\ARM_GCC_541\Debug\trcStreamingRecorder.o
 .text.vTracePrintF
                0x00000c04       0x68 .\CortexM3\ARM_GCC_541\Debug\trcStreamingRecorder.o
                0x00000c04                vTracePrintF
 .text.prvTraceStoreStringEvent
                0x00000c6c       0x34 .\CortexM3\ARM_GCC_541\Debug\trcStreamingRecorder.o
                0x00000c6c                prvTraceStoreStringEvent
 .text.prvTraceStoreEvent1
                0x00000ca0       0x5c .\CortexM3\ARM_GCC_541\Debug\trcStreamingRecorder.o
                0x00000ca0                prvTraceStoreEvent1
 .text.prvTraceStoreEvent2
                0x00000cfc       0x6c .\CortexM3\ARM_GCC_541\Debug\trcStreamingRecorder.o
                0x00000cfc                prvTraceStoreEvent2
 .text.prvTraceStoreEvent3
                0x00000d68       0x70 .\CortexM3\ARM_GCC_541\Debug\trcStreamingRecorder.o
                0x00000d68                prvTraceStoreEvent3
 .text.prvTraceStoreEvent
                0x00000dd8       0x88 .\CortexM3\ARM_GCC_541\Debug\trcStreamingRecorder.o
                0x00000dd8                prvTraceStoreEvent
 .text.prvTraceStoreTSConfig
                0x00000e60       0x38 .\CortexM3\ARM_GCC_541\Debug\trcStreamingRecorder.o
 .text.LED_Set  0x00000e98       0x60 .\CortexM3\ARM_GCC_541\Debug\led.o
                0x00000e98                LED_Set
 .text.LED_Init
                0x00000ef8       0x34 .\CortexM3\ARM_GCC_541\Debug\led.o
                0x00000ef8                LED_Init
 .text.LED_Toggle
                0x00000f2c       0x84 .\CortexM3\ARM_GCC_541\Debug\led.o
                0x00000f2c                LED_Toggle
 .text.SEVEN_Set
                0x00000fb0       0x34 .\CortexM3\ARM_GCC_541\Debug\seven.o
                0x00000fb0                SEVEN_Set
 .text.SEVEN_Clear
                0x00000fe4       0x1c .\CortexM3\ARM_GCC_541\Debug\seven.o
                0x00000fe4                SEVEN_Clear
 .text.SEVEN_Init
                0x00001000       0x14 .\CortexM3\ARM_GCC_541\Debug\seven.o
                0x00001000                SEVEN_Init
 .text.CyClockStartupError
                0x00001014        0x4 .\CortexM3\ARM_GCC_541\Debug\cyfitter_cfg.o
 .text.cfg_write_bytes32
                0x00001018       0x34 .\CortexM3\ARM_GCC_541\Debug\cyfitter_cfg.o
 .text.ClockSetup
                0x0000104c       0xec .\CortexM3\ARM_GCC_541\Debug\cyfitter_cfg.o
 .text.CYMEMZERO
                0x00001138        0xc .\CortexM3\ARM_GCC_541\Debug\cyfitter_cfg.o
 .text.AnalogSetDefault
                0x00001144       0x7c .\CortexM3\ARM_GCC_541\Debug\cyfitter_cfg.o
 .text.CYCONFIGCPY
                0x000011c0        0x8 .\CortexM3\ARM_GCC_541\Debug\cyfitter_cfg.o
 .text.cyfitter_cfg
                0x000011c8      0x148 .\CortexM3\ARM_GCC_541\Debug\cyfitter_cfg.o
                0x000011c8                cyfitter_cfg
 .text.IntDefaultHandler
                0x00001310       0x10 .\CortexM3\ARM_GCC_541\Debug\Cm3Start.o
                0x00001310                IntDefaultHandler
 .text._sbrk    0x00001320       0x30 .\CortexM3\ARM_GCC_541\Debug\Cm3Start.o
                0x00001320                _sbrk
 .text.Start_c  0x00001350       0x4c .\CortexM3\ARM_GCC_541\Debug\Cm3Start.o
                0x00001350                Start_c
 .text.initialize_psoc
                0x0000139c       0x6c .\CortexM3\ARM_GCC_541\Debug\Cm3Start.o
                0x0000139c                initialize_psoc
 .text.SEVEN_SELECT_Write
                0x00001408       0x18 .\CortexM3\ARM_GCC_541\Debug\reaction_game_wb.a(SEVEN_SELECT.o)
                0x00001408                SEVEN_SELECT_Write
 .text.SEVEN_reg_Write
                0x00001420        0xc .\CortexM3\ARM_GCC_541\Debug\reaction_game_wb.a(SEVEN_reg.o)
                0x00001420                SEVEN_reg_Write
 .text.BUTTON_1_Read
                0x0000142c       0x10 .\CortexM3\ARM_GCC_541\Debug\reaction_game_wb.a(BUTTON_1.o)
                0x0000142c                BUTTON_1_Read
 .text.BUTTON_2_Read
                0x0000143c       0x10 .\CortexM3\ARM_GCC_541\Debug\reaction_game_wb.a(BUTTON_2.o)
                0x0000143c                BUTTON_2_Read
 .text.LED_red_Write
                0x0000144c       0x18 .\CortexM3\ARM_GCC_541\Debug\reaction_game_wb.a(LED_red.o)
                0x0000144c                LED_red_Write
 .text.LED_yellow_Write
                0x00001464       0x18 .\CortexM3\ARM_GCC_541\Debug\reaction_game_wb.a(LED_yellow.o)
                0x00001464                LED_yellow_Write
 .text.LED_green_Write
                0x0000147c       0x18 .\CortexM3\ARM_GCC_541\Debug\reaction_game_wb.a(LED_green.o)
                0x0000147c                LED_green_Write
 .text.UART_LOG_Init
                0x00001494       0x28 .\CortexM3\ARM_GCC_541\Debug\reaction_game_wb.a(UART_LOG.o)
                0x00001494                UART_LOG_Init
 .text.UART_LOG_Enable
                0x000014bc       0x38 .\CortexM3\ARM_GCC_541\Debug\reaction_game_wb.a(UART_LOG.o)
                0x000014bc                UART_LOG_Enable
 .text.UART_LOG_Start
                0x000014f4       0x1c .\CortexM3\ARM_GCC_541\Debug\reaction_game_wb.a(UART_LOG.o)
                0x000014f4                UART_LOG_Start
 .text.UART_LOG_PutChar
                0x00001510       0x18 .\CortexM3\ARM_GCC_541\Debug\reaction_game_wb.a(UART_LOG.o)
                0x00001510                UART_LOG_PutChar
 .text.UART_LOG_PutString
                0x00001528       0x24 .\CortexM3\ARM_GCC_541\Debug\reaction_game_wb.a(UART_LOG.o)
                0x00001528                UART_LOG_PutString
 .text.RGB_PWM_red_Enable
                0x0000154c       0x10 .\CortexM3\ARM_GCC_541\Debug\reaction_game_wb.a(RGB_PWM_red.o)
                0x0000154c                RGB_PWM_red_Enable
 .text.RGB_PWM_red_WriteCounter
                0x0000155c        0xc .\CortexM3\ARM_GCC_541\Debug\reaction_game_wb.a(RGB_PWM_red.o)
                0x0000155c                RGB_PWM_red_WriteCounter
 .text.RGB_PWM_red_WritePeriod
                0x00001568        0xc .\CortexM3\ARM_GCC_541\Debug\reaction_game_wb.a(RGB_PWM_red.o)
                0x00001568                RGB_PWM_red_WritePeriod
 .text.RGB_PWM_red_WriteCompare
                0x00001574        0xc .\CortexM3\ARM_GCC_541\Debug\reaction_game_wb.a(RGB_PWM_red.o)
                0x00001574                RGB_PWM_red_WriteCompare
 .text.RGB_PWM_red_Init
                0x00001580       0x40 .\CortexM3\ARM_GCC_541\Debug\reaction_game_wb.a(RGB_PWM_red.o)
                0x00001580                RGB_PWM_red_Init
 .text.RGB_PWM_red_Start
                0x000015c0       0x1c .\CortexM3\ARM_GCC_541\Debug\reaction_game_wb.a(RGB_PWM_red.o)
                0x000015c0                RGB_PWM_red_Start
 .text.RGB_PWM_green_Enable
                0x000015dc       0x10 .\CortexM3\ARM_GCC_541\Debug\reaction_game_wb.a(RGB_PWM_green.o)
                0x000015dc                RGB_PWM_green_Enable
 .text.RGB_PWM_green_WriteCounter
                0x000015ec        0xc .\CortexM3\ARM_GCC_541\Debug\reaction_game_wb.a(RGB_PWM_green.o)
                0x000015ec                RGB_PWM_green_WriteCounter
 .text.RGB_PWM_green_WritePeriod
                0x000015f8        0xc .\CortexM3\ARM_GCC_541\Debug\reaction_game_wb.a(RGB_PWM_green.o)
                0x000015f8                RGB_PWM_green_WritePeriod
 .text.RGB_PWM_green_WriteCompare
                0x00001604        0xc .\CortexM3\ARM_GCC_541\Debug\reaction_game_wb.a(RGB_PWM_green.o)
                0x00001604                RGB_PWM_green_WriteCompare
 .text.RGB_PWM_green_Init
                0x00001610       0x40 .\CortexM3\ARM_GCC_541\Debug\reaction_game_wb.a(RGB_PWM_green.o)
                0x00001610                RGB_PWM_green_Init
 .text.RGB_PWM_green_Start
                0x00001650       0x1c .\CortexM3\ARM_GCC_541\Debug\reaction_game_wb.a(RGB_PWM_green.o)
                0x00001650                RGB_PWM_green_Start
 .text.RGB_PWM_blue_Enable
                0x0000166c       0x10 .\CortexM3\ARM_GCC_541\Debug\reaction_game_wb.a(RGB_PWM_blue.o)
                0x0000166c                RGB_PWM_blue_Enable
 .text.RGB_PWM_blue_WriteCounter
                0x0000167c        0xc .\CortexM3\ARM_GCC_541\Debug\reaction_game_wb.a(RGB_PWM_blue.o)
                0x0000167c                RGB_PWM_blue_WriteCounter
 .text.RGB_PWM_blue_WritePeriod
                0x00001688        0xc .\CortexM3\ARM_GCC_541\Debug\reaction_game_wb.a(RGB_PWM_blue.o)
                0x00001688                RGB_PWM_blue_WritePeriod
 .text.RGB_PWM_blue_WriteCompare
                0x00001694        0xc .\CortexM3\ARM_GCC_541\Debug\reaction_game_wb.a(RGB_PWM_blue.o)
                0x00001694                RGB_PWM_blue_WriteCompare
 .text.RGB_PWM_blue_Init
                0x000016a0       0x40 .\CortexM3\ARM_GCC_541\Debug\reaction_game_wb.a(RGB_PWM_blue.o)
                0x000016a0                RGB_PWM_blue_Init
 .text.RGB_PWM_blue_Start
                0x000016e0       0x1c .\CortexM3\ARM_GCC_541\Debug\reaction_game_wb.a(RGB_PWM_blue.o)
                0x000016e0                RGB_PWM_blue_Start
 .text.EE_oo_ActivateTask
                0x000016fc       0xe8 .\CortexM3\ARM_GCC_541\Debug\reaction_game_wb.a(ErikaOS_1_ee_activate.o)
                0x000016fc                EE_oo_ActivateTask
 .text.EE_oo_CancelAlarm
                0x000017e4       0xa8 .\CortexM3\ARM_GCC_541\Debug\reaction_game_wb.a(ErikaOS_1_ee_alcancel.o)
                0x000017e4                EE_oo_CancelAlarm
 .text.EE_oo_GetAlarm
                0x0000188c       0x7c .\CortexM3\ARM_GCC_541\Debug\reaction_game_wb.a(ErikaOS_1_ee_alget.o)
                0x0000188c                EE_oo_GetAlarm
 .text.EE_oo_SetRelAlarm
                0x00001908       0x94 .\CortexM3\ARM_GCC_541\Debug\reaction_game_wb.a(ErikaOS_1_ee_alsetrel.o)
                0x00001908                EE_oo_SetRelAlarm
 .text.EE_oo_handle_action_callback
                0x0000199c        0xc .\CortexM3\ARM_GCC_541\Debug\reaction_game_wb.a(ErikaOS_1_ee_altick.o)
 .text.EE_oo_handle_action_task
                0x000019a8       0x4c .\CortexM3\ARM_GCC_541\Debug\reaction_game_wb.a(ErikaOS_1_ee_altick.o)
 .text.EE_oo_handle_action_event
                0x000019f4       0x60 .\CortexM3\ARM_GCC_541\Debug\reaction_game_wb.a(ErikaOS_1_ee_altick.o)
 .text.EE_oo_handle_action
                0x00001a54       0x28 .\CortexM3\ARM_GCC_541\Debug\reaction_game_wb.a(ErikaOS_1_ee_altick.o)
 .text.EE_oo_counter_object_insert
                0x00001a7c       0x9c .\CortexM3\ARM_GCC_541\Debug\reaction_game_wb.a(ErikaOS_1_ee_altick.o)
                0x00001a7c                EE_oo_counter_object_insert
 .text.EE_oo_IncrementCounterImplementation
                0x00001b18      0x120 .\CortexM3\ARM_GCC_541\Debug\reaction_game_wb.a(ErikaOS_1_ee_altick.o)
                0x00001b18                EE_oo_IncrementCounterImplementation
 .text.EE_oo_IncrementCounter
                0x00001c38       0xb0 .\CortexM3\ARM_GCC_541\Debug\reaction_game_wb.a(ErikaOS_1_ee_altick.o)
                0x00001c38                EE_oo_IncrementCounter
 .text.EE_oo_ClearEvent
                0x00001ce8       0x60 .\CortexM3\ARM_GCC_541\Debug\reaction_game_wb.a(ErikaOS_1_ee_evclear.o)
                0x00001ce8                EE_oo_ClearEvent
 .text.EE_oo_GetEvent
                0x00001d48       0x50 .\CortexM3\ARM_GCC_541\Debug\reaction_game_wb.a(ErikaOS_1_ee_evget.o)
                0x00001d48                EE_oo_GetEvent
 .text.EE_oo_SetEvent
                0x00001d98      0x124 .\CortexM3\ARM_GCC_541\Debug\reaction_game_wb.a(ErikaOS_1_ee_evset.o)
                0x00001d98                EE_oo_SetEvent
 .text.EE_oo_WaitEvent
                0x00001ebc      0x12c .\CortexM3\ARM_GCC_541\Debug\reaction_game_wb.a(ErikaOS_1_ee_evwait.o)
                0x00001ebc                EE_oo_WaitEvent
 .text.EE_oo_GetTaskID
                0x00001fe8       0x14 .\CortexM3\ARM_GCC_541\Debug\reaction_game_wb.a(ErikaOS_1_ee_gettaskid.o)
                0x00001fe8                EE_oo_GetTaskID
 .text.EE_IRQ_run_next_task
                0x00001ffc       0x54 .\CortexM3\ARM_GCC_541\Debug\reaction_game_wb.a(ErikaOS_1_ee_irqendin.o)
 .text.EE_IRQ_end_instance
                0x00002050       0x68 .\CortexM3\ARM_GCC_541\Debug\reaction_game_wb.a(ErikaOS_1_ee_irqendin.o)
                0x00002050                EE_IRQ_end_instance
 .text.EE_IRQ_end_post_stub
                0x000020b8       0x14 .\CortexM3\ARM_GCC_541\Debug\reaction_game_wb.a(ErikaOS_1_ee_irqendin.o)
                0x000020b8                EE_IRQ_end_post_stub
 .text.EE_rq2stk_exchange
                0x000020cc       0x88 .\CortexM3\ARM_GCC_541\Debug\reaction_game_wb.a(ErikaOS_1_ee_rq_exchg.o)
                0x000020cc                EE_rq2stk_exchange
 .text.EE_rq_queryfirst
                0x00002154       0x44 .\CortexM3\ARM_GCC_541\Debug\reaction_game_wb.a(ErikaOS_1_ee_rq_first.o)
                0x00002154                EE_rq_queryfirst
 .text.EE_rq_insert
                0x00002198       0x74 .\CortexM3\ARM_GCC_541\Debug\reaction_game_wb.a(ErikaOS_1_ee_rq_inser.o)
                0x00002198                EE_rq_insert
 .text.compute_task_tid
                0x0000220c       0x10 .\CortexM3\ARM_GCC_541\Debug\reaction_game_wb.a(ErikaOS_1_ee_startos.o)
 .text.EE_oo_start_os
                0x0000221c        0xc .\CortexM3\ARM_GCC_541\Debug\reaction_game_wb.a(ErikaOS_1_ee_startos.o)
 .text.EE_oo_creatTaskInfo
                0x00002228       0x88 .\CortexM3\ARM_GCC_541\Debug\reaction_game_wb.a(ErikaOS_1_ee_startos.o)
 .text.EE_oo_autostart_tasks
                0x000022b0       0x60 .\CortexM3\ARM_GCC_541\Debug\reaction_game_wb.a(ErikaOS_1_ee_startos.o)
 .text.EE_oo_autostart_os
                0x00002310        0xc .\CortexM3\ARM_GCC_541\Debug\reaction_game_wb.a(ErikaOS_1_ee_startos.o)
 .text.EE_oo_StartOS
                0x0000231c       0x90 .\CortexM3\ARM_GCC_541\Debug\reaction_game_wb.a(ErikaOS_1_ee_startos.o)
                0x0000231c                EE_oo_StartOS
 .text.EE_oo_TerminateTask
                0x000023ac       0x3c .\CortexM3\ARM_GCC_541\Debug\reaction_game_wb.a(ErikaOS_1_ee_terminat.o)
                0x000023ac                EE_oo_TerminateTask
 .text.EE_system_init
                0x000023e8       0x48 .\CortexM3\ARM_GCC_541\Debug\reaction_game_wb.a(ErikaOS_1_cortex_mx_ee_utils.o)
                0x000023e8                EE_system_init
 .text.UART_LOG_IntClock_Start
                0x00002430       0x1c .\CortexM3\ARM_GCC_541\Debug\reaction_game_wb.a(UART_LOG_IntClock.o)
                0x00002430                UART_LOG_IntClock_Start
 .text.CyDmacConfigure
                0x0000244c       0x34 .\CortexM3\ARM_GCC_541\Debug\reaction_game_wb.a(CyDmac.o)
                0x0000244c                CyDmacConfigure
 .text.CyHalt   0x00002480        0x4 .\CortexM3\ARM_GCC_541\Debug\reaction_game_wb.a(CyLib.o)
                0x00002480                CyHalt
 .text.CyDelayUs
                0x00002484       0x14 .\CortexM3\ARM_GCC_541\Debug\reaction_game_wb.a(CyLib.o)
                0x00002484                CyDelayUs
 .text.CyIntSetPriority
                0x00002498       0x30 .\CortexM3\ARM_GCC_541\Debug\reaction_game_wb.a(CyLib.o)
                0x00002498                CyIntSetPriority
 .text          0x000024c8       0x7c .\CortexM3\ARM_GCC_541\Debug\reaction_game_wb.a(ErikaOS_1_ee_gnu_change_context_isr.o)
                0x000024c8                EE_set_switch_context_pri
                0x000024e2                EE_switch_context
                0x000024ec                EE_cortex_mx_pendsv_ISR
                0x00002528                EE_cortex_mx_svc_ISR
 .text          0x00002544       0x24 .\CortexM3\ARM_GCC_541\Debug\reaction_game_wb.a(ErikaOS_1_ee_gnu_irq_stack.o)
                0x00002544                EE_cortex_mx_change_IRQ_stack
                0x00002556                EE_cortex_mx_change_IRQ_stack_back
 .text          0x00002568       0x68 .\CortexM3\ARM_GCC_541\Debug\reaction_game_wb.a(ErikaOS_1_ee_gnu_multi_context.o)
                0x00002568                EE_cortex_mx_change_context
 .text          0x000025d0       0x80 .\CortexM3\ARM_GCC_541\Debug\reaction_game_wb.a(ErikaOS_1_ee_gnu_oo.o)
                0x000025d0                EE_hal_terminate_savestk
                0x0000261a                EE_hal_terminate_task
 .text          0x00002650       0x20 .\CortexM3\ARM_GCC_541\Debug\reaction_game_wb.a(CyBootAsmGnu.o)
                0x00002650                CyDelayCycles
                0x00002660                CyEnterCriticalSection
                0x00002668                CyExitCriticalSection
 .text.EE_thread_not_terminated
                0x00002670       0x10 .\CortexM3\ARM_GCC_541\Debug\reaction_game_wb.a(ErikaOS_1_ee_tnterm.o)
                0x00002670                EE_thread_not_terminated
 .text.EE_oo_thread_stub
                0x00002680       0x30 .\CortexM3\ARM_GCC_541\Debug\reaction_game_wb.a(ErikaOS_1_ee_tstub.o)
                0x00002680                EE_oo_thread_stub
 .text.EE_std_run_task_code
                0x000026b0       0x18 .\CortexM3\ARM_GCC_541\Debug\reaction_game_wb.a(ErikaOS_1_cortex_mx_ee_context.o)
                0x000026b0                EE_std_run_task_code
 .text.EE_std_need_context_change
                0x000026c8       0x28 .\CortexM3\ARM_GCC_541\Debug\reaction_game_wb.a(ErikaOS_1_cortex_mx_ee_context.o)
                0x000026c8                EE_std_need_context_change
 .text.EE_thread_rnact_max
                0x000026f0       0x20 .\CortexM3\ARM_GCC_541\Debug\reaction_game_wb.a(ErikaOS_1_ee_thendin.o)
 .text.EE_thread_endcycle_next
                0x00002710       0x54 .\CortexM3\ARM_GCC_541\Debug\reaction_game_wb.a(ErikaOS_1_ee_thendin.o)
 .text.EE_thread_end_instance
                0x00002764      0x140 .\CortexM3\ARM_GCC_541\Debug\reaction_game_wb.a(ErikaOS_1_ee_thendin.o)
                0x00002764                EE_thread_end_instance
 .text.__errno  0x000028a4        0xc c:/program files (x86)/cypress/psoc creator/4.4/psoc creator/import/gnu/arm/5.4.1/bin/../lib/gcc/arm-none-eabi/5.4.1/../../../../arm-none-eabi/lib/armv7-m\libg_nano.a(lib_a-errno.o)
                0x000028a4                __errno
 .text.__libc_init_array
                0x000028b0       0x4c c:/program files (x86)/cypress/psoc creator/4.4/psoc creator/import/gnu/arm/5.4.1/bin/../lib/gcc/arm-none-eabi/5.4.1/../../../../arm-none-eabi/lib/armv7-m\libg_nano.a(lib_a-init.o)
                0x000028b0                __libc_init_array
 .text.memcpy   0x000028fc       0x16 c:/program files (x86)/cypress/psoc creator/4.4/psoc creator/import/gnu/arm/5.4.1/bin/../lib/gcc/arm-none-eabi/5.4.1/../../../../arm-none-eabi/lib/armv7-m\libg_nano.a(lib_a-memcpy-stub.o)
                0x000028fc                memcpy
 .text.memset   0x00002912       0x10 c:/program files (x86)/cypress/psoc creator/4.4/psoc creator/import/gnu/arm/5.4.1/bin/../lib/gcc/arm-none-eabi/5.4.1/../../../../arm-none-eabi/lib/armv7-m\libg_nano.a(lib_a-memset.o)
                0x00002912                memset
 *fill*         0x00002922        0x2 
 .text.rand     0x00002924       0x74 c:/program files (x86)/cypress/psoc creator/4.4/psoc creator/import/gnu/arm/5.4.1/bin/../lib/gcc/arm-none-eabi/5.4.1/../../../../arm-none-eabi/lib/armv7-m\libg_nano.a(lib_a-rand.o)
                0x00002924                rand
 .text.malloc   0x00002998       0x10 c:/program files (x86)/cypress/psoc creator/4.4/psoc creator/import/gnu/arm/5.4.1/bin/../lib/gcc/arm-none-eabi/5.4.1/../../../../arm-none-eabi/lib/armv7-m\libg_nano.a(lib_a-malloc.o)
                0x00002998                malloc
 .text._malloc_r
                0x000029a8       0xbc c:/program files (x86)/cypress/psoc creator/4.4/psoc creator/import/gnu/arm/5.4.1/bin/../lib/gcc/arm-none-eabi/5.4.1/../../../../arm-none-eabi/lib/armv7-m\libg_nano.a(lib_a-nano-mallocr.o)
                0x000029a8                _malloc_r
 .text._sbrk_r  0x00002a64       0x20 c:/program files (x86)/cypress/psoc creator/4.4/psoc creator/import/gnu/arm/5.4.1/bin/../lib/gcc/arm-none-eabi/5.4.1/../../../../arm-none-eabi/lib/armv7-m\libg_nano.a(lib_a-sbrkr.o)
                0x00002a64                _sbrk_r
 .text.__malloc_lock
                0x00002a84        0x2 c:/program files (x86)/cypress/psoc creator/4.4/psoc creator/import/gnu/arm/5.4.1/bin/../lib/gcc/arm-none-eabi/5.4.1/../../../../arm-none-eabi/lib/armv7-m\libg_nano.a(lib_a-mlock.o)
                0x00002a84                __malloc_lock
 .text.__malloc_unlock
                0x00002a86        0x2 c:/program files (x86)/cypress/psoc creator/4.4/psoc creator/import/gnu/arm/5.4.1/bin/../lib/gcc/arm-none-eabi/5.4.1/../../../../arm-none-eabi/lib/armv7-m\libg_nano.a(lib_a-mlock.o)
                0x00002a86                __malloc_unlock
 *(.plt)
 *(.gnu.warning)
 *(.glue_7t)
 .glue_7t       0x00002a88        0x0 linker stubs
 *(.glue_7)
 .glue_7        0x00002a88        0x0 linker stubs
 *(.vfp11_veneer)
 .vfp11_veneer  0x00002a88        0x0 linker stubs
 *(.bootloader)
 *(.ARM.extab* .gnu.linkonce.armextab.*)
 *(.gcc_except_table)

.v4_bx          0x00002a88        0x0
 .v4_bx         0x00002a88        0x0 linker stubs

.iplt           0x00002a88        0x0
 .iplt          0x00002a88        0x0 c:/program files (x86)/cypress/psoc creator/4.4/psoc creator/import/gnu/arm/5.4.1/bin/../lib/gcc/arm-none-eabi/5.4.1/armv7-m/crtbegin.o

.eh_frame_hdr
 *(.eh_frame_hdr)

.eh_frame       0x00002a88        0x4
 *(.eh_frame)
 .eh_frame      0x00002a88        0x0 c:/program files (x86)/cypress/psoc creator/4.4/psoc creator/import/gnu/arm/5.4.1/bin/../lib/gcc/arm-none-eabi/5.4.1/armv7-m/crtbegin.o
 .eh_frame      0x00002a88        0x4 c:/program files (x86)/cypress/psoc creator/4.4/psoc creator/import/gnu/arm/5.4.1/bin/../lib/gcc/arm-none-eabi/5.4.1/armv7-m/crtend.o
                [!provide]                PROVIDE (__exidx_start, .)

.ARM.exidx
 *(.ARM.exidx* .gnu.linkonce.armexidx.*)
                0x00002a8c                __exidx_end = .

.rodata         0x00002a8c      0x6dc
 *(.rodata .rodata.* .gnu.linkonce.r.*)
 .rodata.str1.4
                0x00002a8c      0x16c .\CortexM3\ARM_GCC_541\Debug\main.o
 .rodata.str1.4
                0x00002bf8      0x248 .\CortexM3\ARM_GCC_541\Debug\trcStreamingRecorder.o
 .rodata        0x00002e40       0x11 .\CortexM3\ARM_GCC_541\Debug\seven.o
 *fill*         0x00002e51        0x3 
 .rodata        0x00002e54       0x44 .\CortexM3\ARM_GCC_541\Debug\cyfitter_cfg.o
 .rodata        0x00002e98      0x100 .\CortexM3\ARM_GCC_541\Debug\reaction_game_wb.a(ErikaOS_1_ee_lookup.o)
                0x00002e98                EE_rq_lookup
 .rodata        0x00002f98      0x110 .\CortexM3\ARM_GCC_541\Debug\reaction_game_wb.a(ErikaOS_1_eecfg.o)
                0x00002f98                EE_oo_autostart_task_data
                0x00002fa4                EE_oo_action_ROM
                0x00002fe0                EE_oo_counter_object_ROM
                0x00003004                EE_ALARM_ID
                0x00003010                EE_alarm_ROM
                0x0000301c                EE_counter_ROM
                0x00003028                EE_th_is_extended
                0x00003038                EE_th_rnact_max
                0x00003048                EE_th_dispatch_prio
                0x00003058                EE_EVENT_ID
                0x00003064                EE_th_ready_prio
                0x00003074                EE_terminate_real_th_body
                0x00003084                EE_hal_thread_body
                0x00003094                EE_std_thread_tos
 .rodata.str1.4
                0x000030a8       0x88 .\CortexM3\ARM_GCC_541\Debug\reaction_game_wb.a(ErikaOS_1_eecfg.o)
                                 0x86 (size before relaxing)
 .rodata.str1.1
                0x00003130        0x2 c:/program files (x86)/cypress/psoc creator/4.4/psoc creator/import/gnu/arm/5.4.1/bin/../lib/gcc/arm-none-eabi/5.4.1/../../../../arm-none-eabi/lib/armv7-m\libg_nano.a(lib_a-impure.o)
                0x00003134                . = ALIGN (0x4)
 *fill*         0x00003132        0x2 
 *(.init)
 .init          0x00003134        0x4 c:/program files (x86)/cypress/psoc creator/4.4/psoc creator/import/gnu/arm/5.4.1/bin/../lib/gcc/arm-none-eabi/5.4.1/armv7-m/crti.o
                0x00003134                _init
 .init          0x00003138        0x8 c:/program files (x86)/cypress/psoc creator/4.4/psoc creator/import/gnu/arm/5.4.1/bin/../lib/gcc/arm-none-eabi/5.4.1/armv7-m/crtn.o
                0x00003140                . = ALIGN (0x4)
                0x00003140                __preinit_array_start = .
 *(.preinit_array)
                0x00003140                __preinit_array_end = .
                0x00003140                . = ALIGN (0x4)
                0x00003140                __init_array_start = .
 *(SORT(.init_array.*))
 *(.init_array)
 .init_array    0x00003140        0x4 c:/program files (x86)/cypress/psoc creator/4.4/psoc creator/import/gnu/arm/5.4.1/bin/../lib/gcc/arm-none-eabi/5.4.1/armv7-m/crtbegin.o
 .init_array    0x00003144        0x4 .\CortexM3\ARM_GCC_541\Debug\Cm3Start.o
                0x00003148                __init_array_end = .
                0x00003148                . = ALIGN (0x4)
 *(.fini)
 .fini          0x00003148        0x4 c:/program files (x86)/cypress/psoc creator/4.4/psoc creator/import/gnu/arm/5.4.1/bin/../lib/gcc/arm-none-eabi/5.4.1/armv7-m/crti.o
                0x00003148                _fini
 .fini          0x0000314c        0x8 c:/program files (x86)/cypress/psoc creator/4.4/psoc creator/import/gnu/arm/5.4.1/bin/../lib/gcc/arm-none-eabi/5.4.1/armv7-m/crtn.o
                0x00003154                . = ALIGN (0x4)
                0x00003154                __fini_array_start = .
 *(.fini_array)
 .fini_array    0x00003154        0x4 c:/program files (x86)/cypress/psoc creator/4.4/psoc creator/import/gnu/arm/5.4.1/bin/../lib/gcc/arm-none-eabi/5.4.1/armv7-m/crtbegin.o
 *(SORT(.fini_array.*))
                0x00003158                __fini_array_end = .
                0x00003158                . = ALIGN (0x4)
 *crtbegin.o(.ctors)
 *(EXCLUDE_FILE(*crtend.o) .ctors)
 *(SORT(.ctors.*))
 *crtend.o(.ctors)
                0x00003158                . = ALIGN (0x4)
 *crtbegin.o(.dtors)
 *(EXCLUDE_FILE(*crtend.o) .dtors)
 *(SORT(.dtors.*))
 *crtend.o(.dtors)
                0x00003158                . = ALIGN (0x4)
                0x00003158                __cy_regions = .
                0x00003158        0x4 LONG 0x3168 __cy_region_init_ram
                0x0000315c        0x4 LONG 0x1fff80c8 __cy_region_start_data
                0x00003160        0x4 LONG 0x1c8 __cy_region_init_size_ram
                0x00003164        0x4 LONG 0x21e0 __cy_region_zero_size_ram
                0x00003168                __cy_regions_end = .
                0x00003168                . = ALIGN (0x8)
                0x00003168                _etext = .

.cy_checksum_exclude
                0x00003168        0x0
 *(.cy_checksum_exclude)

.ramvectors     0x1fff8000       0xc0
                0x1fff8000                __cy_region_start_ram = .
 *(.ramvectors)
 .ramvectors    0x1fff8000       0xc0 .\CortexM3\ARM_GCC_541\Debug\Cm3Start.o
                0x1fff8000                CyRamVectors

.noinit         0x1fff80c0        0x1
 *(.noinit)
 .noinit        0x1fff80c0        0x1 .\CortexM3\ARM_GCC_541\Debug\reaction_game_wb.a(CyLib.o)
                0x1fff80c0                CyResetStatus

.data           0x1fff80c8      0x1c8 load address 0x00003168
                0x1fff80c8                __cy_region_start_data = .
 *(.jcr)
 .jcr           0x1fff80c8        0x0 c:/program files (x86)/cypress/psoc creator/4.4/psoc creator/import/gnu/arm/5.4.1/bin/../lib/gcc/arm-none-eabi/5.4.1/armv7-m/crtbegin.o
 .jcr           0x1fff80c8        0x4 c:/program files (x86)/cypress/psoc creator/4.4/psoc creator/import/gnu/arm/5.4.1/bin/../lib/gcc/arm-none-eabi/5.4.1/armv7-m/crtend.o
 *(.got.plt)
 *(.got)
 *(.shdata)
 *(.data .data.* .gnu.linkonce.d.*)
 .data          0x1fff80cc       0x15 .\CortexM3\ARM_GCC_541\Debug\trcStreamingRecorder.o
                0x1fff80cc                TotalBytesRemaining
                0x1fff80d2                CurrentFilterMask
                0x1fff80d4                CurrentFilterGroup
                0x1fff80dc                TotalBytesRemaining_LowWaterMark
 *fill*         0x1fff80e1        0x3 
 .data          0x1fff80e4        0x2 .\CortexM3\ARM_GCC_541\Debug\seven.o
 *fill*         0x1fff80e6        0x2 
 .data          0x1fff80e8        0x4 .\CortexM3\ARM_GCC_541\Debug\Cm3Start.o
 .data          0x1fff80ec      0x124 .\CortexM3\ARM_GCC_541\Debug\reaction_game_wb.a(ErikaOS_1_eecfg.o)
                0x1fff80ec                EE_ALARM_NAME
                0x1fff80f8                EE_counter_RAM
                0x1fff8100                EE_th_terminate_nextask
                0x1fff8110                EE_rq_pairs_next
                0x1fff8120                EE_rq_link
                0x1fff8130                EE_th_rnact
                0x1fff8140                EE_rq_queues_tail
                0x1fff8180                EE_rq_queues_head
                0x1fff81c0                EE_stkfirst
                0x1fff81c4                EE_th_next
                0x1fff81d4                EE_th_status
                0x1fff81e4                EE_EVENT_NAME
                0x1fff81f0                EE_TASK_NAME
                0x1fff8200                EE_cortex_mx_IRQ_tos
                0x1fff8204                EE_cortex_mx_system_tos
 .data          0x1fff8210        0x8 .\CortexM3\ARM_GCC_541\Debug\reaction_game_wb.a(CyDmac.o)
 .data          0x1fff8218       0x10 .\CortexM3\ARM_GCC_541\Debug\reaction_game_wb.a(CyLib.o)
                0x1fff8218                cydelay_32k_ms
                0x1fff821c                cydelay_freq_khz
                0x1fff8220                cydelay_freq_mhz
                0x1fff8224                cydelay_freq_hz
 .data          0x1fff8228        0x4 .\CortexM3\ARM_GCC_541\Debug\reaction_game_wb.a(ErikaOS_1_ee_gnu_irq_stack.o)
 .data.impure_data
                0x1fff822c       0x60 c:/program files (x86)/cypress/psoc creator/4.4/psoc creator/import/gnu/arm/5.4.1/bin/../lib/gcc/arm-none-eabi/5.4.1/../../../../arm-none-eabi/lib/armv7-m\libg_nano.a(lib_a-impure.o)
 .data._impure_ptr
                0x1fff828c        0x4 c:/program files (x86)/cypress/psoc creator/4.4/psoc creator/import/gnu/arm/5.4.1/bin/../lib/gcc/arm-none-eabi/5.4.1/../../../../arm-none-eabi/lib/armv7-m\libg_nano.a(lib_a-impure.o)
                0x1fff828c                _impure_ptr
                0x1fff8290                . = ALIGN (0x8)
 *(.ram)
                0x1fff8290                _edata = .

.igot.plt       0x1fff8290        0x0 load address 0x00003330
 .igot.plt      0x1fff8290        0x0 c:/program files (x86)/cypress/psoc creator/4.4/psoc creator/import/gnu/arm/5.4.1/bin/../lib/gcc/arm-none-eabi/5.4.1/armv7-m/crtbegin.o

.bss            0x1fff8290     0x21e0 load address 0x00003330
                0x1fff8290                PROVIDE (__bss_start__, .)
 *(.shbss)
 *(.bss .bss.* .gnu.linkonce.b.*)
 .bss           0x1fff8290       0x1c c:/program files (x86)/cypress/psoc creator/4.4/psoc creator/import/gnu/arm/5.4.1/bin/../lib/gcc/arm-none-eabi/5.4.1/armv7-m/crtbegin.o
 .bss           0x1fff82ac        0x9 .\CortexM3\ARM_GCC_541\Debug\main.o
                0x1fff82b0                ev
 *fill*         0x1fff82b5        0x3 
 .bss           0x1fff82b8      0x69c .\CortexM3\ARM_GCC_541\Debug\trcStreamingRecorder.o
                0x1fff82b8                EventBuffer
                0x1fff82bc                timestampFrequency
                0x1fff82c4                NoRoomForSymbol
                0x1fff82c8                LongestSymbolName
                0x1fff82cc                NoRoomForObjectData
                0x1fff82d0                MaxBytesTruncated
                0x1fff82d4                RecorderEnabled
                0x1fff8920                DroppedEventCounter
                0x1fff8928                uiTraceTickCount
                0x1fff8930                isPendingContextSwitch
 .bss           0x1fff8954        0x3 .\CortexM3\ARM_GCC_541\Debug\led.o
 *fill*         0x1fff8957        0x1 
 .bss           0x1fff8958        0x2 .\CortexM3\ARM_GCC_541\Debug\seven.o
 .bss           0x1fff895a        0x2 .\CortexM3\ARM_GCC_541\Debug\reaction_game_wb.a(UART_LOG.o)
                0x1fff895a                UART_LOG_initVar
 .bss           0x1fff895c        0x1 .\CortexM3\ARM_GCC_541\Debug\reaction_game_wb.a(RGB_PWM_red.o)
                0x1fff895c                RGB_PWM_red_initVar
 .bss           0x1fff895d        0x1 .\CortexM3\ARM_GCC_541\Debug\reaction_game_wb.a(RGB_PWM_green.o)
                0x1fff895d                RGB_PWM_green_initVar
 .bss           0x1fff895e        0x1 .\CortexM3\ARM_GCC_541\Debug\reaction_game_wb.a(RGB_PWM_blue.o)
                0x1fff895e                RGB_PWM_blue_initVar
 *fill*         0x1fff895f        0x1 
 .bss           0x1fff8960       0x40 .\CortexM3\ARM_GCC_541\Debug\reaction_game_wb.a(ErikaOS_1_eecfg.o)
                0x1fff8960                EE_th_waswaiting
                0x1fff8970                EE_th_event_waitmask
                0x1fff8980                EE_th_event_active
                0x1fff8990                EE_rq_free
                0x1fff8994                EE_rq_bitmask
                0x1fff8998                EE_sys_ceiling
                0x1fff899c                EE_cortex_mx_active_tos
 .bss.__malloc_sbrk_start
                0x1fff89a0        0x4 c:/program files (x86)/cypress/psoc creator/4.4/psoc creator/import/gnu/arm/5.4.1/bin/../lib/gcc/arm-none-eabi/5.4.1/../../../../arm-none-eabi/lib/armv7-m\libg_nano.a(lib_a-nano-mallocr.o)
                0x1fff89a0                __malloc_sbrk_start
 .bss.__malloc_free_list
                0x1fff89a4        0x4 c:/program files (x86)/cypress/psoc creator/4.4/psoc creator/import/gnu/arm/5.4.1/bin/../lib/gcc/arm-none-eabi/5.4.1/../../../../arm-none-eabi/lib/armv7-m\libg_nano.a(lib_a-nano-mallocr.o)
                0x1fff89a4                __malloc_free_list
 *(COMMON)
 COMMON         0x1fff89a8        0xc .\CortexM3\ARM_GCC_541\Debug\main.o
                0x1fff89a8                randTime
                0x1fff89ac                button
                0x1fff89ad                state
                0x1fff89b0                SSDnum
 COMMON         0x1fff89b4     0x138c .\CortexM3\ARM_GCC_541\Debug\trcKernelPort.o
                0x1fff89b4                _TzTraceData
                0x1fff9d3c                trcWarningChannel
 COMMON         0x1fff9d40       0x10 .\CortexM3\ARM_GCC_541\Debug\trcStreamingRecorder.o
                0x1fff9d40                PageInfo
 COMMON         0x1fff9d50        0x8 .\CortexM3\ARM_GCC_541\Debug\reaction_game_wb.a(ErikaOS_1_ee_lookup.o)
                0x1fff9d50                EE_oo_IRQ_disable_count
                0x1fff9d54                EE_oo_IRQ_suspend_status
 COMMON         0x1fff9d58        0x4 .\CortexM3\ARM_GCC_541\Debug\reaction_game_wb.a(ErikaOS_1_ee_startos.o)
                0x1fff9d58                EE_oo_started
 COMMON         0x1fff9d5c        0x8 .\CortexM3\ARM_GCC_541\Debug\reaction_game_wb.a(ErikaOS_1_common_ee_hal_structs.o)
                0x1fff9d5c                EE_IRQ_nesting_level
                0x1fff9d60                EE_std_endcycle_next_tid
 COMMON         0x1fff9d64      0x704 .\CortexM3\ARM_GCC_541\Debug\reaction_game_wb.a(ErikaOS_1_eecfg.o)
                0x1fff9d64                EE_cortex_mx_stack_3
                0x1fffa14c                EE_rq_pairs_tid
                0x1fffa15c                EE_terminate_data
                0x1fffa16c                EE_oo_counter_object_RAM
                0x1fffa19c                EE_ApplicationMode
                0x1fffa1a0                EE_cortex_mx_stack_4
                0x1fffa268                EE_cortex_mx_stack_9
 COMMON         0x1fffa468        0x4 c:/program files (x86)/cypress/psoc creator/4.4/psoc creator/import/gnu/arm/5.4.1/bin/../lib/gcc/arm-none-eabi/5.4.1/../../../../arm-none-eabi/lib/armv7-m\libg_nano.a(lib_a-reent.o)
                0x1fffa468                errno
                0x1fffa470                . = ALIGN (0x8)
 *fill*         0x1fffa46c        0x4 
 *(.ram.b)
                0x1fffa470                _end = .
                0x1fffa470                __end = .
                0x1fffa470                PROVIDE (end, .)
                0x1fffa470                PROVIDE (__bss_end__, .)
                0x00003168                __cy_region_init_ram = LOADADDR (.data)
                0x000001c8                __cy_region_init_size_ram = (_edata - ADDR (.data))
                0x000021e0                __cy_region_zero_size_ram = (_end - _edata)

.heap           0x1fffa470       0x80 load address 0x00003330
                0x1fffa470                . = _end
                0x1fffa4f0                . = (. + 0x80)
 *fill*         0x1fffa470       0x80 
                0x1fffa4f0                __cy_heap_limit = .

.stack          0x20007800      0x800
                0x20007800                __cy_stack_limit = .
                0x20008000                . = (. + 0x800)
 *fill*         0x20007800      0x800 
                0x00000001                ASSERT ((__cy_stack_limit >= __cy_heap_limit), region RAM overflowed with stack)
                0x00000000                cy_checksum_exclude_size = (CY_APPL_LOADABLE == 0x1)?SIZEOF (.cy_checksum_exclude):0x0
                0x00000001                ASSERT ((cy_checksum_exclude_size <= CY_CHECKSUM_EXCLUDE_SIZE), CY_BOOT: Section .cy_checksum_exclude size exceedes specified limit.)

.cyloadermeta
 *(.cyloadermeta)

.cyloadablemeta
 *(.cyloadablemeta)

.cyconfigecc    0x80000000      0xd3c
 *(.cyconfigecc)
 .cyconfigecc   0x80000000      0xd3c .\CortexM3\ARM_GCC_541\Debug\cymetadata.o
                0x80000000                cy_meta_configecc

.cycustnvl      0x90000000        0x4
 *(.cycustnvl)
 .cycustnvl     0x90000000        0x4 .\CortexM3\ARM_GCC_541\Debug\cymetadata.o
                0x90000000                cy_meta_custnvl

.cywolatch      0x90100000        0x4
 *(.cywolatch)
 .cywolatch     0x90100000        0x4 .\CortexM3\ARM_GCC_541\Debug\cymetadata.o
                0x90100000                cy_meta_wonvl

.cyeeprom       0x90200000        0x0
 *(.cyeeprom)
                0x00000001                ASSERT ((. <= ((0x90200000 + ee_offset) + ee_size)), .cyeeprom data will not fit in EEPROM)

.cyflashprotect
                0x90400000      0x100
 *(.cyflashprotect)
 .cyflashprotect
                0x90400000      0x100 .\CortexM3\ARM_GCC_541\Debug\cymetadata.o
                0x90400000                cy_meta_flashprotect

.cymeta         0x90500000        0xc
 *(.cymeta)
 .cymeta        0x90500000        0xc .\CortexM3\ARM_GCC_541\Debug\cymetadata.o
                0x90500000                cy_metadata

.rel.dyn        0x00003330        0x0 load address 0x9050000c
 .rel.iplt      0x00003330        0x0 c:/program files (x86)/cypress/psoc creator/4.4/psoc creator/import/gnu/arm/5.4.1/bin/../lib/gcc/arm-none-eabi/5.4.1/armv7-m/crtbegin.o

.stab
 *(.stab)

.stabstr
 *(.stabstr)

.debug
 *(.debug)

.line
 *(.line)

.debug_srcinfo
 *(.debug_srcinfo)

.debug_sfnames
 *(.debug_sfnames)

.debug_aranges  0x00000000     0x1d40
 *(.debug_aranges)
 .debug_aranges
                0x00000000       0xa8 .\CortexM3\ARM_GCC_541\Debug\main.o
 .debug_aranges
                0x000000a8       0x30 .\CortexM3\ARM_GCC_541\Debug\trcStreamingPort.o
 .debug_aranges
                0x000000d8       0x78 .\CortexM3\ARM_GCC_541\Debug\trcKernelPort.o
 .debug_aranges
                0x00000150       0x18 .\CortexM3\ARM_GCC_541\Debug\trcSnapshotRecorder.o
 .debug_aranges
                0x00000168      0x188 .\CortexM3\ARM_GCC_541\Debug\trcStreamingRecorder.o
 .debug_aranges
                0x000002f0       0x28 .\CortexM3\ARM_GCC_541\Debug\button.o
 .debug_aranges
                0x00000318       0x28 .\CortexM3\ARM_GCC_541\Debug\joystick.o
 .debug_aranges
                0x00000340       0x38 .\CortexM3\ARM_GCC_541\Debug\led.o
 .debug_aranges
                0x00000378       0x48 .\CortexM3\ARM_GCC_541\Debug\seven.o
 .debug_aranges
                0x000003c0       0x28 .\CortexM3\ARM_GCC_541\Debug\logging.o
 .debug_aranges
                0x000003e8      0x178 .\CortexM3\ARM_GCC_541\Debug\tft.o
 .debug_aranges
                0x00000560       0x58 .\CortexM3\ARM_GCC_541\Debug\cyfitter_cfg.o
 .debug_aranges
                0x000005b8       0x18 .\CortexM3\ARM_GCC_541\Debug\cymetadata.o
 .debug_aranges
                0x000005d0       0x48 .\CortexM3\ARM_GCC_541\Debug\Cm3Start.o
 .debug_aranges
                0x00000618       0x38 .\CortexM3\ARM_GCC_541\Debug\reaction_game_wb.a(SEVEN_DP.o)
 .debug_aranges
                0x00000650       0x38 .\CortexM3\ARM_GCC_541\Debug\reaction_game_wb.a(SEVEN_SELECT.o)
 .debug_aranges
                0x00000688       0x28 .\CortexM3\ARM_GCC_541\Debug\reaction_game_wb.a(SEVEN_reg.o)
 .debug_aranges
                0x000006b0       0x38 .\CortexM3\ARM_GCC_541\Debug\reaction_game_wb.a(BUTTON_1.o)
 .debug_aranges
                0x000006e8       0x80 .\CortexM3\ARM_GCC_541\Debug\reaction_game_wb.a(isr_Button.o)
 .debug_aranges
                0x00000768       0x38 .\CortexM3\ARM_GCC_541\Debug\reaction_game_wb.a(BUTTON_2.o)
 .debug_aranges
                0x000007a0       0x38 .\CortexM3\ARM_GCC_541\Debug\reaction_game_wb.a(BUTTON_3.o)
 .debug_aranges
                0x000007d8       0x38 .\CortexM3\ARM_GCC_541\Debug\reaction_game_wb.a(BUTTON_4.o)
 .debug_aranges
                0x00000810       0x38 .\CortexM3\ARM_GCC_541\Debug\reaction_game_wb.a(LED_red.o)
 .debug_aranges
                0x00000848       0x38 .\CortexM3\ARM_GCC_541\Debug\reaction_game_wb.a(LED_yellow.o)
 .debug_aranges
                0x00000880       0x38 .\CortexM3\ARM_GCC_541\Debug\reaction_game_wb.a(LED_green.o)
 .debug_aranges
                0x000008b8       0xf0 .\CortexM3\ARM_GCC_541\Debug\reaction_game_wb.a(UART_LOG.o)
 .debug_aranges
                0x000009a8       0x80 .\CortexM3\ARM_GCC_541\Debug\reaction_game_wb.a(RGB_PWM_red.o)
 .debug_aranges
                0x00000a28       0x80 .\CortexM3\ARM_GCC_541\Debug\reaction_game_wb.a(RGB_PWM_green.o)
 .debug_aranges
                0x00000aa8       0x80 .\CortexM3\ARM_GCC_541\Debug\reaction_game_wb.a(RGB_PWM_blue.o)
 .debug_aranges
                0x00000b28       0xa0 .\CortexM3\ARM_GCC_541\Debug\reaction_game_wb.a(JOYSTICK_ADC_XY.o)
 .debug_aranges
                0x00000bc8       0x20 .\CortexM3\ARM_GCC_541\Debug\reaction_game_wb.a(JOYSTICK_ADC_XY_INT.o)
 .debug_aranges
                0x00000be8       0xd8 .\CortexM3\ARM_GCC_541\Debug\reaction_game_wb.a(TFT_SPI.o)
 .debug_aranges
                0x00000cc0       0x38 .\CortexM3\ARM_GCC_541\Debug\reaction_game_wb.a(TFT_DC.o)
 .debug_aranges
                0x00000cf8       0x38 .\CortexM3\ARM_GCC_541\Debug\reaction_game_wb.a(TFT_RES.o)
 .debug_aranges
                0x00000d30       0x78 .\CortexM3\ARM_GCC_541\Debug\reaction_game_wb.a(TFT_BackLight.o)
 .debug_aranges
                0x00000da8       0x20 .\CortexM3\ARM_GCC_541\Debug\reaction_game_wb.a(ErikaOS_1_ee_activate.o)
 .debug_aranges
                0x00000dc8       0x20 .\CortexM3\ARM_GCC_541\Debug\reaction_game_wb.a(ErikaOS_1_ee_alcancel.o)
 .debug_aranges
                0x00000de8       0x20 .\CortexM3\ARM_GCC_541\Debug\reaction_game_wb.a(ErikaOS_1_ee_alget.o)
 .debug_aranges
                0x00000e08       0x20 .\CortexM3\ARM_GCC_541\Debug\reaction_game_wb.a(ErikaOS_1_ee_alsetrel.o)
 .debug_aranges
                0x00000e28       0x58 .\CortexM3\ARM_GCC_541\Debug\reaction_game_wb.a(ErikaOS_1_ee_altick.o)
 .debug_aranges
                0x00000e80       0x20 .\CortexM3\ARM_GCC_541\Debug\reaction_game_wb.a(ErikaOS_1_ee_evclear.o)
 .debug_aranges
                0x00000ea0       0x20 .\CortexM3\ARM_GCC_541\Debug\reaction_game_wb.a(ErikaOS_1_ee_evget.o)
 .debug_aranges
                0x00000ec0       0x20 .\CortexM3\ARM_GCC_541\Debug\reaction_game_wb.a(ErikaOS_1_ee_evset.o)
 .debug_aranges
                0x00000ee0       0x20 .\CortexM3\ARM_GCC_541\Debug\reaction_game_wb.a(ErikaOS_1_ee_evwait.o)
 .debug_aranges
                0x00000f00       0x20 .\CortexM3\ARM_GCC_541\Debug\reaction_game_wb.a(ErikaOS_1_ee_gettaskid.o)
 .debug_aranges
                0x00000f20       0x30 .\CortexM3\ARM_GCC_541\Debug\reaction_game_wb.a(ErikaOS_1_ee_irqendin.o)
 .debug_aranges
                0x00000f50       0x18 .\CortexM3\ARM_GCC_541\Debug\reaction_game_wb.a(ErikaOS_1_ee_lookup.o)
 .debug_aranges
                0x00000f68       0x20 .\CortexM3\ARM_GCC_541\Debug\reaction_game_wb.a(ErikaOS_1_ee_rq_exchg.o)
 .debug_aranges
                0x00000f88       0x20 .\CortexM3\ARM_GCC_541\Debug\reaction_game_wb.a(ErikaOS_1_ee_rq_first.o)
 .debug_aranges
                0x00000fa8       0x20 .\CortexM3\ARM_GCC_541\Debug\reaction_game_wb.a(ErikaOS_1_ee_rq_inser.o)
 .debug_aranges
                0x00000fc8       0x30 .\CortexM3\ARM_GCC_541\Debug\reaction_game_wb.a(ErikaOS_1_ee_shtdown.o)
 .debug_aranges
                0x00000ff8       0x48 .\CortexM3\ARM_GCC_541\Debug\reaction_game_wb.a(ErikaOS_1_ee_startos.o)
 .debug_aranges
                0x00001040       0x20 .\CortexM3\ARM_GCC_541\Debug\reaction_game_wb.a(ErikaOS_1_ee_terminat.o)
 .debug_aranges
                0x00001060       0x20 .\CortexM3\ARM_GCC_541\Debug\reaction_game_wb.a(ErikaOS_1_cortex_mx_ee_utils.o)
 .debug_aranges
                0x00001080       0x18 .\CortexM3\ARM_GCC_541\Debug\reaction_game_wb.a(ErikaOS_1_common_ee_hal_structs.o)
 .debug_aranges
                0x00001098       0x18 .\CortexM3\ARM_GCC_541\Debug\reaction_game_wb.a(ErikaOS_1_eecfg.o)
 .debug_aranges
                0x000010b0       0xc8 .\CortexM3\ARM_GCC_541\Debug\reaction_game_wb.a(USBUART.o)
 .debug_aranges
                0x00001178       0xe8 .\CortexM3\ARM_GCC_541\Debug\reaction_game_wb.a(USBUART_cdc.o)
 .debug_aranges
                0x00001260       0x98 .\CortexM3\ARM_GCC_541\Debug\reaction_game_wb.a(USBUART_drv.o)
 .debug_aranges
                0x000012f8       0x40 .\CortexM3\ARM_GCC_541\Debug\reaction_game_wb.a(USBUART_episr.o)
 .debug_aranges
                0x00001338       0x40 .\CortexM3\ARM_GCC_541\Debug\reaction_game_wb.a(USBUART_pm.o)
 .debug_aranges
                0x00001378       0x80 .\CortexM3\ARM_GCC_541\Debug\reaction_game_wb.a(USBUART_std.o)
 .debug_aranges
                0x000013f8       0x20 .\CortexM3\ARM_GCC_541\Debug\reaction_game_wb.a(USBUART_vnd.o)
 .debug_aranges
                0x00001418       0x70 .\CortexM3\ARM_GCC_541\Debug\reaction_game_wb.a(UART_LOG_IntClock.o)
 .debug_aranges
                0x00001488       0xa8 .\CortexM3\ARM_GCC_541\Debug\reaction_game_wb.a(JOYSTICK_ADC_XY_SAR.o)
 .debug_aranges
                0x00001530       0x28 .\CortexM3\ARM_GCC_541\Debug\reaction_game_wb.a(JOYSTICK_ADC_XY_TempBuf_dma.o)
 .debug_aranges
                0x00001558       0x28 .\CortexM3\ARM_GCC_541\Debug\reaction_game_wb.a(JOYSTICK_ADC_XY_FinalBuf_dma.o)
 .debug_aranges
                0x00001580       0x80 .\CortexM3\ARM_GCC_541\Debug\reaction_game_wb.a(JOYSTICK_ADC_XY_IRQ.o)
 .debug_aranges
                0x00001600       0x70 .\CortexM3\ARM_GCC_541\Debug\reaction_game_wb.a(TFT_SPI_IntClock.o)
 .debug_aranges
                0x00001670       0x48 .\CortexM3\ARM_GCC_541\Debug\reaction_game_wb.a(USBUART_Dp.o)
 .debug_aranges
                0x000016b8       0xd8 .\CortexM3\ARM_GCC_541\Debug\reaction_game_wb.a(CyDmac.o)
 .debug_aranges
                0x00001790      0x2a0 .\CortexM3\ARM_GCC_541\Debug\reaction_game_wb.a(CyLib.o)
 .debug_aranges
                0x00001a30       0x98 .\CortexM3\ARM_GCC_541\Debug\reaction_game_wb.a(cyPm.o)
 .debug_aranges
                0x00001ac8       0x20 .\CortexM3\ARM_GCC_541\Debug\reaction_game_wb.a(ErikaOS_1_ee_gnu_change_context_isr.o)
 .debug_aranges
                0x00001ae8       0x20 .\CortexM3\ARM_GCC_541\Debug\reaction_game_wb.a(ErikaOS_1_ee_gnu_irq_stack.o)
 .debug_aranges
                0x00001b08       0x20 .\CortexM3\ARM_GCC_541\Debug\reaction_game_wb.a(ErikaOS_1_ee_gnu_multi_context.o)
 .debug_aranges
                0x00001b28       0x20 .\CortexM3\ARM_GCC_541\Debug\reaction_game_wb.a(ErikaOS_1_ee_gnu_oo.o)
 .debug_aranges
                0x00001b48       0x20 .\CortexM3\ARM_GCC_541\Debug\reaction_game_wb.a(CyBootAsmGnu.o)
 .debug_aranges
                0x00001b68       0x20 .\CortexM3\ARM_GCC_541\Debug\reaction_game_wb.a(ErikaOS_1_ee_tnterm.o)
 .debug_aranges
                0x00001b88       0x20 .\CortexM3\ARM_GCC_541\Debug\reaction_game_wb.a(ErikaOS_1_ee_tstub.o)
 .debug_aranges
                0x00001ba8       0x28 .\CortexM3\ARM_GCC_541\Debug\reaction_game_wb.a(ErikaOS_1_cortex_mx_ee_context.o)
 .debug_aranges
                0x00001bd0       0x20 .\CortexM3\ARM_GCC_541\Debug\reaction_game_wb.a(USBUART_cls.o)
 .debug_aranges
                0x00001bf0       0x18 .\CortexM3\ARM_GCC_541\Debug\reaction_game_wb.a(USBUART_descr.o)
 .debug_aranges
                0x00001c08       0x88 .\CortexM3\ARM_GCC_541\Debug\reaction_game_wb.a(CyFlash.o)
 .debug_aranges
                0x00001c90       0x80 .\CortexM3\ARM_GCC_541\Debug\reaction_game_wb.a(CySpc.o)
 .debug_aranges
                0x00001d10       0x30 .\CortexM3\ARM_GCC_541\Debug\reaction_game_wb.a(ErikaOS_1_ee_thendin.o)

.debug_pubnames
 *(.debug_pubnames)

.debug_info     0x00000000    0x1c87f
 *(.debug_info .gnu.linkonce.wi.*)
 .debug_info    0x00000000      0xe0e .\CortexM3\ARM_GCC_541\Debug\main.o
 .debug_info    0x00000e0e      0x30e .\CortexM3\ARM_GCC_541\Debug\trcStreamingPort.o
 .debug_info    0x0000111c      0x72c .\CortexM3\ARM_GCC_541\Debug\trcKernelPort.o
 .debug_info    0x00001848      0x11c .\CortexM3\ARM_GCC_541\Debug\trcSnapshotRecorder.o
 .debug_info    0x00001964     0x213c .\CortexM3\ARM_GCC_541\Debug\trcStreamingRecorder.o
 .debug_info    0x00003aa0      0x2f7 .\CortexM3\ARM_GCC_541\Debug\button.o
 .debug_info    0x00003d97      0x2de .\CortexM3\ARM_GCC_541\Debug\joystick.o
 .debug_info    0x00004075      0x58b .\CortexM3\ARM_GCC_541\Debug\led.o
 .debug_info    0x00004600      0x4a6 .\CortexM3\ARM_GCC_541\Debug\seven.o
 .debug_info    0x00004aa6      0x3b5 .\CortexM3\ARM_GCC_541\Debug\logging.o
 .debug_info    0x00004e5b     0x2733 .\CortexM3\ARM_GCC_541\Debug\tft.o
 .debug_info    0x0000758e      0x692 .\CortexM3\ARM_GCC_541\Debug\cyfitter_cfg.o
 .debug_info    0x00007c20      0x139 .\CortexM3\ARM_GCC_541\Debug\cymetadata.o
 .debug_info    0x00007d59      0x3cf .\CortexM3\ARM_GCC_541\Debug\Cm3Start.o
 .debug_info    0x00008128      0x11f .\CortexM3\ARM_GCC_541\Debug\reaction_game_wb.a(SEVEN_DP.o)
 .debug_info    0x00008247      0x11f .\CortexM3\ARM_GCC_541\Debug\reaction_game_wb.a(SEVEN_SELECT.o)
 .debug_info    0x00008366       0xd6 .\CortexM3\ARM_GCC_541\Debug\reaction_game_wb.a(SEVEN_reg.o)
 .debug_info    0x0000843c      0x11f .\CortexM3\ARM_GCC_541\Debug\reaction_game_wb.a(BUTTON_1.o)
 .debug_info    0x0000855b      0x2d2 .\CortexM3\ARM_GCC_541\Debug\reaction_game_wb.a(isr_Button.o)
 .debug_info    0x0000882d      0x11f .\CortexM3\ARM_GCC_541\Debug\reaction_game_wb.a(BUTTON_2.o)
 .debug_info    0x0000894c      0x11f .\CortexM3\ARM_GCC_541\Debug\reaction_game_wb.a(BUTTON_3.o)
 .debug_info    0x00008a6b      0x11f .\CortexM3\ARM_GCC_541\Debug\reaction_game_wb.a(BUTTON_4.o)
 .debug_info    0x00008b8a      0x11f .\CortexM3\ARM_GCC_541\Debug\reaction_game_wb.a(LED_red.o)
 .debug_info    0x00008ca9      0x11f .\CortexM3\ARM_GCC_541\Debug\reaction_game_wb.a(LED_yellow.o)
 .debug_info    0x00008dc8      0x11f .\CortexM3\ARM_GCC_541\Debug\reaction_game_wb.a(LED_green.o)
 .debug_info    0x00008ee7      0x60c .\CortexM3\ARM_GCC_541\Debug\reaction_game_wb.a(UART_LOG.o)
 .debug_info    0x000094f3      0x295 .\CortexM3\ARM_GCC_541\Debug\reaction_game_wb.a(RGB_PWM_red.o)
 .debug_info    0x00009788      0x295 .\CortexM3\ARM_GCC_541\Debug\reaction_game_wb.a(RGB_PWM_green.o)
 .debug_info    0x00009a1d      0x295 .\CortexM3\ARM_GCC_541\Debug\reaction_game_wb.a(RGB_PWM_blue.o)
 .debug_info    0x00009cb2      0x6f2 .\CortexM3\ARM_GCC_541\Debug\reaction_game_wb.a(JOYSTICK_ADC_XY.o)
 .debug_info    0x0000a3a4       0xa0 .\CortexM3\ARM_GCC_541\Debug\reaction_game_wb.a(JOYSTICK_ADC_XY_INT.o)
 .debug_info    0x0000a444      0x4bb .\CortexM3\ARM_GCC_541\Debug\reaction_game_wb.a(TFT_SPI.o)
 .debug_info    0x0000a8ff      0x11f .\CortexM3\ARM_GCC_541\Debug\reaction_game_wb.a(TFT_DC.o)
 .debug_info    0x0000aa1e      0x11f .\CortexM3\ARM_GCC_541\Debug\reaction_game_wb.a(TFT_RES.o)
 .debug_info    0x0000ab3d      0x27e .\CortexM3\ARM_GCC_541\Debug\reaction_game_wb.a(TFT_BackLight.o)
 .debug_info    0x0000adbb      0x80d .\CortexM3\ARM_GCC_541\Debug\reaction_game_wb.a(ErikaOS_1_ee_activate.o)
 .debug_info    0x0000b5c8      0x645 .\CortexM3\ARM_GCC_541\Debug\reaction_game_wb.a(ErikaOS_1_ee_alcancel.o)
 .debug_info    0x0000bc0d      0x60b .\CortexM3\ARM_GCC_541\Debug\reaction_game_wb.a(ErikaOS_1_ee_alget.o)
 .debug_info    0x0000c218      0x671 .\CortexM3\ARM_GCC_541\Debug\reaction_game_wb.a(ErikaOS_1_ee_alsetrel.o)
 .debug_info    0x0000c889      0xcf5 .\CortexM3\ARM_GCC_541\Debug\reaction_game_wb.a(ErikaOS_1_ee_altick.o)
 .debug_info    0x0000d57e      0x637 .\CortexM3\ARM_GCC_541\Debug\reaction_game_wb.a(ErikaOS_1_ee_evclear.o)
 .debug_info    0x0000dbb5      0x555 .\CortexM3\ARM_GCC_541\Debug\reaction_game_wb.a(ErikaOS_1_ee_evget.o)
 .debug_info    0x0000e10a      0x8b1 .\CortexM3\ARM_GCC_541\Debug\reaction_game_wb.a(ErikaOS_1_ee_evset.o)
 .debug_info    0x0000e9bb      0x930 .\CortexM3\ARM_GCC_541\Debug\reaction_game_wb.a(ErikaOS_1_ee_evwait.o)
 .debug_info    0x0000f2eb      0x4a6 .\CortexM3\ARM_GCC_541\Debug\reaction_game_wb.a(ErikaOS_1_ee_gettaskid.o)
 .debug_info    0x0000f791      0x6a7 .\CortexM3\ARM_GCC_541\Debug\reaction_game_wb.a(ErikaOS_1_ee_irqendin.o)
 .debug_info    0x0000fe38      0x3d0 .\CortexM3\ARM_GCC_541\Debug\reaction_game_wb.a(ErikaOS_1_ee_lookup.o)
 .debug_info    0x00010208      0x46f .\CortexM3\ARM_GCC_541\Debug\reaction_game_wb.a(ErikaOS_1_ee_rq_exchg.o)
 .debug_info    0x00010677      0x421 .\CortexM3\ARM_GCC_541\Debug\reaction_game_wb.a(ErikaOS_1_ee_rq_first.o)
 .debug_info    0x00010a98      0x475 .\CortexM3\ARM_GCC_541\Debug\reaction_game_wb.a(ErikaOS_1_ee_rq_inser.o)
 .debug_info    0x00010f0d      0x4f5 .\CortexM3\ARM_GCC_541\Debug\reaction_game_wb.a(ErikaOS_1_ee_shtdown.o)
 .debug_info    0x00011402      0xbeb .\CortexM3\ARM_GCC_541\Debug\reaction_game_wb.a(ErikaOS_1_ee_startos.o)
 .debug_info    0x00011fed      0x589 .\CortexM3\ARM_GCC_541\Debug\reaction_game_wb.a(ErikaOS_1_ee_terminat.o)
 .debug_info    0x00012576      0x513 .\CortexM3\ARM_GCC_541\Debug\reaction_game_wb.a(ErikaOS_1_cortex_mx_ee_utils.o)
 .debug_info    0x00012a89      0x3cb .\CortexM3\ARM_GCC_541\Debug\reaction_game_wb.a(ErikaOS_1_common_ee_hal_structs.o)
 .debug_info    0x00012e54      0x8b7 .\CortexM3\ARM_GCC_541\Debug\reaction_game_wb.a(ErikaOS_1_eecfg.o)
 .debug_info    0x0001370b      0x993 .\CortexM3\ARM_GCC_541\Debug\reaction_game_wb.a(USBUART.o)
 .debug_info    0x0001409e      0xaf7 .\CortexM3\ARM_GCC_541\Debug\reaction_game_wb.a(USBUART_cdc.o)
 .debug_info    0x00014b95      0x655 .\CortexM3\ARM_GCC_541\Debug\reaction_game_wb.a(USBUART_drv.o)
 .debug_info    0x000151ea      0x254 .\CortexM3\ARM_GCC_541\Debug\reaction_game_wb.a(USBUART_episr.o)
 .debug_info    0x0001543e      0x2e4 .\CortexM3\ARM_GCC_541\Debug\reaction_game_wb.a(USBUART_pm.o)
 .debug_info    0x00015722      0xb26 .\CortexM3\ARM_GCC_541\Debug\reaction_game_wb.a(USBUART_std.o)
 .debug_info    0x00016248       0xed .\CortexM3\ARM_GCC_541\Debug\reaction_game_wb.a(USBUART_vnd.o)
 .debug_info    0x00016335      0x283 .\CortexM3\ARM_GCC_541\Debug\reaction_game_wb.a(UART_LOG_IntClock.o)
 .debug_info    0x000165b8      0x544 .\CortexM3\ARM_GCC_541\Debug\reaction_game_wb.a(JOYSTICK_ADC_XY_SAR.o)
 .debug_info    0x00016afc      0x1a8 .\CortexM3\ARM_GCC_541\Debug\reaction_game_wb.a(JOYSTICK_ADC_XY_TempBuf_dma.o)
 .debug_info    0x00016ca4      0x1aa .\CortexM3\ARM_GCC_541\Debug\reaction_game_wb.a(JOYSTICK_ADC_XY_FinalBuf_dma.o)
 .debug_info    0x00016e4e      0x2d2 .\CortexM3\ARM_GCC_541\Debug\reaction_game_wb.a(JOYSTICK_ADC_XY_IRQ.o)
 .debug_info    0x00017120      0x283 .\CortexM3\ARM_GCC_541\Debug\reaction_game_wb.a(TFT_SPI_IntClock.o)
 .debug_info    0x000173a3      0x174 .\CortexM3\ARM_GCC_541\Debug\reaction_game_wb.a(USBUART_Dp.o)
 .debug_info    0x00017517      0x94e .\CortexM3\ARM_GCC_541\Debug\reaction_game_wb.a(CyDmac.o)
 .debug_info    0x00017e65     0x1374 .\CortexM3\ARM_GCC_541\Debug\reaction_game_wb.a(CyLib.o)
 .debug_info    0x000191d9      0xa2a .\CortexM3\ARM_GCC_541\Debug\reaction_game_wb.a(cyPm.o)
 .debug_info    0x00019c03      0x10d .\CortexM3\ARM_GCC_541\Debug\reaction_game_wb.a(ErikaOS_1_ee_gnu_change_context_isr.o)
 .debug_info    0x00019d10      0x104 .\CortexM3\ARM_GCC_541\Debug\reaction_game_wb.a(ErikaOS_1_ee_gnu_irq_stack.o)
 .debug_info    0x00019e14      0x108 .\CortexM3\ARM_GCC_541\Debug\reaction_game_wb.a(ErikaOS_1_ee_gnu_multi_context.o)
 .debug_info    0x00019f1c       0xfd .\CortexM3\ARM_GCC_541\Debug\reaction_game_wb.a(ErikaOS_1_ee_gnu_oo.o)
 .debug_info    0x0001a019       0xf6 .\CortexM3\ARM_GCC_541\Debug\reaction_game_wb.a(CyBootAsmGnu.o)
 .debug_info    0x0001a10f      0x43d .\CortexM3\ARM_GCC_541\Debug\reaction_game_wb.a(ErikaOS_1_ee_tnterm.o)
 .debug_info    0x0001a54c      0x559 .\CortexM3\ARM_GCC_541\Debug\reaction_game_wb.a(ErikaOS_1_ee_tstub.o)
 .debug_info    0x0001aaa5      0x501 .\CortexM3\ARM_GCC_541\Debug\reaction_game_wb.a(ErikaOS_1_cortex_mx_ee_context.o)
 .debug_info    0x0001afa6      0x1de .\CortexM3\ARM_GCC_541\Debug\reaction_game_wb.a(USBUART_cls.o)
 .debug_info    0x0001b184      0x2a3 .\CortexM3\ARM_GCC_541\Debug\reaction_game_wb.a(USBUART_descr.o)
 .debug_info    0x0001b427      0x64d .\CortexM3\ARM_GCC_541\Debug\reaction_game_wb.a(CyFlash.o)
 .debug_info    0x0001ba74      0x550 .\CortexM3\ARM_GCC_541\Debug\reaction_game_wb.a(CySpc.o)
 .debug_info    0x0001bfc4      0x8bb .\CortexM3\ARM_GCC_541\Debug\reaction_game_wb.a(ErikaOS_1_ee_thendin.o)

.debug_abbrev   0x00000000     0x7494
 *(.debug_abbrev)
 .debug_abbrev  0x00000000      0x2d5 .\CortexM3\ARM_GCC_541\Debug\main.o
 .debug_abbrev  0x000002d5       0xff .\CortexM3\ARM_GCC_541\Debug\trcStreamingPort.o
 .debug_abbrev  0x000003d4      0x21f .\CortexM3\ARM_GCC_541\Debug\trcKernelPort.o
 .debug_abbrev  0x000005f3       0x5c .\CortexM3\ARM_GCC_541\Debug\trcSnapshotRecorder.o
 .debug_abbrev  0x0000064f      0x388 .\CortexM3\ARM_GCC_541\Debug\trcStreamingRecorder.o
 .debug_abbrev  0x000009d7      0x11c .\CortexM3\ARM_GCC_541\Debug\button.o
 .debug_abbrev  0x00000af3      0x11e .\CortexM3\ARM_GCC_541\Debug\joystick.o
 .debug_abbrev  0x00000c11      0x1c5 .\CortexM3\ARM_GCC_541\Debug\led.o
 .debug_abbrev  0x00000dd6      0x155 .\CortexM3\ARM_GCC_541\Debug\seven.o
 .debug_abbrev  0x00000f2b      0x14a .\CortexM3\ARM_GCC_541\Debug\logging.o
 .debug_abbrev  0x00001075      0x2bf .\CortexM3\ARM_GCC_541\Debug\tft.o
 .debug_abbrev  0x00001334      0x20d .\CortexM3\ARM_GCC_541\Debug\cyfitter_cfg.o
 .debug_abbrev  0x00001541       0x77 .\CortexM3\ARM_GCC_541\Debug\cymetadata.o
 .debug_abbrev  0x000015b8      0x1e8 .\CortexM3\ARM_GCC_541\Debug\Cm3Start.o
 .debug_abbrev  0x000017a0       0x90 .\CortexM3\ARM_GCC_541\Debug\reaction_game_wb.a(SEVEN_DP.o)
 .debug_abbrev  0x00001830       0x90 .\CortexM3\ARM_GCC_541\Debug\reaction_game_wb.a(SEVEN_SELECT.o)
 .debug_abbrev  0x000018c0       0x81 .\CortexM3\ARM_GCC_541\Debug\reaction_game_wb.a(SEVEN_reg.o)
 .debug_abbrev  0x00001941       0x90 .\CortexM3\ARM_GCC_541\Debug\reaction_game_wb.a(BUTTON_1.o)
 .debug_abbrev  0x000019d1      0x173 .\CortexM3\ARM_GCC_541\Debug\reaction_game_wb.a(isr_Button.o)
 .debug_abbrev  0x00001b44       0x90 .\CortexM3\ARM_GCC_541\Debug\reaction_game_wb.a(BUTTON_2.o)
 .debug_abbrev  0x00001bd4       0x90 .\CortexM3\ARM_GCC_541\Debug\reaction_game_wb.a(BUTTON_3.o)
 .debug_abbrev  0x00001c64       0x90 .\CortexM3\ARM_GCC_541\Debug\reaction_game_wb.a(BUTTON_4.o)
 .debug_abbrev  0x00001cf4       0x90 .\CortexM3\ARM_GCC_541\Debug\reaction_game_wb.a(LED_red.o)
 .debug_abbrev  0x00001d84       0x90 .\CortexM3\ARM_GCC_541\Debug\reaction_game_wb.a(LED_yellow.o)
 .debug_abbrev  0x00001e14       0x90 .\CortexM3\ARM_GCC_541\Debug\reaction_game_wb.a(LED_green.o)
 .debug_abbrev  0x00001ea4      0x175 .\CortexM3\ARM_GCC_541\Debug\reaction_game_wb.a(UART_LOG.o)
 .debug_abbrev  0x00002019      0x12d .\CortexM3\ARM_GCC_541\Debug\reaction_game_wb.a(RGB_PWM_red.o)
 .debug_abbrev  0x00002146      0x12d .\CortexM3\ARM_GCC_541\Debug\reaction_game_wb.a(RGB_PWM_green.o)
 .debug_abbrev  0x00002273      0x12d .\CortexM3\ARM_GCC_541\Debug\reaction_game_wb.a(RGB_PWM_blue.o)
 .debug_abbrev  0x000023a0      0x13e .\CortexM3\ARM_GCC_541\Debug\reaction_game_wb.a(JOYSTICK_ADC_XY.o)
 .debug_abbrev  0x000024de       0x42 .\CortexM3\ARM_GCC_541\Debug\reaction_game_wb.a(JOYSTICK_ADC_XY_INT.o)
 .debug_abbrev  0x00002520      0x146 .\CortexM3\ARM_GCC_541\Debug\reaction_game_wb.a(TFT_SPI.o)
 .debug_abbrev  0x00002666       0x90 .\CortexM3\ARM_GCC_541\Debug\reaction_game_wb.a(TFT_DC.o)
 .debug_abbrev  0x000026f6       0x90 .\CortexM3\ARM_GCC_541\Debug\reaction_game_wb.a(TFT_RES.o)
 .debug_abbrev  0x00002786      0x12d .\CortexM3\ARM_GCC_541\Debug\reaction_game_wb.a(TFT_BackLight.o)
 .debug_abbrev  0x000028b3      0x284 .\CortexM3\ARM_GCC_541\Debug\reaction_game_wb.a(ErikaOS_1_ee_activate.o)
 .debug_abbrev  0x00002b37      0x230 .\CortexM3\ARM_GCC_541\Debug\reaction_game_wb.a(ErikaOS_1_ee_alcancel.o)
 .debug_abbrev  0x00002d67      0x22c .\CortexM3\ARM_GCC_541\Debug\reaction_game_wb.a(ErikaOS_1_ee_alget.o)
 .debug_abbrev  0x00002f93      0x216 .\CortexM3\ARM_GCC_541\Debug\reaction_game_wb.a(ErikaOS_1_ee_alsetrel.o)
 .debug_abbrev  0x000031a9      0x38c .\CortexM3\ARM_GCC_541\Debug\reaction_game_wb.a(ErikaOS_1_ee_altick.o)
 .debug_abbrev  0x00003535      0x218 .\CortexM3\ARM_GCC_541\Debug\reaction_game_wb.a(ErikaOS_1_ee_evclear.o)
 .debug_abbrev  0x0000374d      0x188 .\CortexM3\ARM_GCC_541\Debug\reaction_game_wb.a(ErikaOS_1_ee_evget.o)
 .debug_abbrev  0x000038d5      0x2bc .\CortexM3\ARM_GCC_541\Debug\reaction_game_wb.a(ErikaOS_1_ee_evset.o)
 .debug_abbrev  0x00003b91      0x2b4 .\CortexM3\ARM_GCC_541\Debug\reaction_game_wb.a(ErikaOS_1_ee_evwait.o)
 .debug_abbrev  0x00003e45      0x161 .\CortexM3\ARM_GCC_541\Debug\reaction_game_wb.a(ErikaOS_1_ee_gettaskid.o)
 .debug_abbrev  0x00003fa6      0x24c .\CortexM3\ARM_GCC_541\Debug\reaction_game_wb.a(ErikaOS_1_ee_irqendin.o)
 .debug_abbrev  0x000041f2       0xcf .\CortexM3\ARM_GCC_541\Debug\reaction_game_wb.a(ErikaOS_1_ee_lookup.o)
 .debug_abbrev  0x000042c1       0xfc .\CortexM3\ARM_GCC_541\Debug\reaction_game_wb.a(ErikaOS_1_ee_rq_exchg.o)
 .debug_abbrev  0x000043bd       0xed .\CortexM3\ARM_GCC_541\Debug\reaction_game_wb.a(ErikaOS_1_ee_rq_first.o)
 .debug_abbrev  0x000044aa      0x109 .\CortexM3\ARM_GCC_541\Debug\reaction_game_wb.a(ErikaOS_1_ee_rq_inser.o)
 .debug_abbrev  0x000045b3      0x193 .\CortexM3\ARM_GCC_541\Debug\reaction_game_wb.a(ErikaOS_1_ee_shtdown.o)
 .debug_abbrev  0x00004746      0x36f .\CortexM3\ARM_GCC_541\Debug\reaction_game_wb.a(ErikaOS_1_ee_startos.o)
 .debug_abbrev  0x00004ab5      0x1de .\CortexM3\ARM_GCC_541\Debug\reaction_game_wb.a(ErikaOS_1_ee_terminat.o)
 .debug_abbrev  0x00004c93      0x1e3 .\CortexM3\ARM_GCC_541\Debug\reaction_game_wb.a(ErikaOS_1_cortex_mx_ee_utils.o)
 .debug_abbrev  0x00004e76       0xcf .\CortexM3\ARM_GCC_541\Debug\reaction_game_wb.a(ErikaOS_1_common_ee_hal_structs.o)
 .debug_abbrev  0x00004f45      0x127 .\CortexM3\ARM_GCC_541\Debug\reaction_game_wb.a(ErikaOS_1_eecfg.o)
 .debug_abbrev  0x0000506c      0x215 .\CortexM3\ARM_GCC_541\Debug\reaction_game_wb.a(USBUART.o)
 .debug_abbrev  0x00005281      0x245 .\CortexM3\ARM_GCC_541\Debug\reaction_game_wb.a(USBUART_cdc.o)
 .debug_abbrev  0x000054c6      0x189 .\CortexM3\ARM_GCC_541\Debug\reaction_game_wb.a(USBUART_drv.o)
 .debug_abbrev  0x0000564f      0x11b .\CortexM3\ARM_GCC_541\Debug\reaction_game_wb.a(USBUART_episr.o)
 .debug_abbrev  0x0000576a      0x108 .\CortexM3\ARM_GCC_541\Debug\reaction_game_wb.a(USBUART_pm.o)
 .debug_abbrev  0x00005872      0x20a .\CortexM3\ARM_GCC_541\Debug\reaction_game_wb.a(USBUART_std.o)
 .debug_abbrev  0x00005a7c       0x9b .\CortexM3\ARM_GCC_541\Debug\reaction_game_wb.a(USBUART_vnd.o)
 .debug_abbrev  0x00005b17      0x139 .\CortexM3\ARM_GCC_541\Debug\reaction_game_wb.a(UART_LOG_IntClock.o)
 .debug_abbrev  0x00005c50      0x1ac .\CortexM3\ARM_GCC_541\Debug\reaction_game_wb.a(JOYSTICK_ADC_XY_SAR.o)
 .debug_abbrev  0x00005dfc       0xcd .\CortexM3\ARM_GCC_541\Debug\reaction_game_wb.a(JOYSTICK_ADC_XY_TempBuf_dma.o)
 .debug_abbrev  0x00005ec9       0xcd .\CortexM3\ARM_GCC_541\Debug\reaction_game_wb.a(JOYSTICK_ADC_XY_FinalBuf_dma.o)
 .debug_abbrev  0x00005f96      0x173 .\CortexM3\ARM_GCC_541\Debug\reaction_game_wb.a(JOYSTICK_ADC_XY_IRQ.o)
 .debug_abbrev  0x00006109      0x139 .\CortexM3\ARM_GCC_541\Debug\reaction_game_wb.a(TFT_SPI_IntClock.o)
 .debug_abbrev  0x00006242       0x90 .\CortexM3\ARM_GCC_541\Debug\reaction_game_wb.a(USBUART_Dp.o)
 .debug_abbrev  0x000062d2      0x1b2 .\CortexM3\ARM_GCC_541\Debug\reaction_game_wb.a(CyDmac.o)
 .debug_abbrev  0x00006484      0x254 .\CortexM3\ARM_GCC_541\Debug\reaction_game_wb.a(CyLib.o)
 .debug_abbrev  0x000066d8      0x1ab .\CortexM3\ARM_GCC_541\Debug\reaction_game_wb.a(cyPm.o)
 .debug_abbrev  0x00006883       0x14 .\CortexM3\ARM_GCC_541\Debug\reaction_game_wb.a(ErikaOS_1_ee_gnu_change_context_isr.o)
 .debug_abbrev  0x00006897       0x14 .\CortexM3\ARM_GCC_541\Debug\reaction_game_wb.a(ErikaOS_1_ee_gnu_irq_stack.o)
 .debug_abbrev  0x000068ab       0x14 .\CortexM3\ARM_GCC_541\Debug\reaction_game_wb.a(ErikaOS_1_ee_gnu_multi_context.o)
 .debug_abbrev  0x000068bf       0x14 .\CortexM3\ARM_GCC_541\Debug\reaction_game_wb.a(ErikaOS_1_ee_gnu_oo.o)
 .debug_abbrev  0x000068d3       0x14 .\CortexM3\ARM_GCC_541\Debug\reaction_game_wb.a(CyBootAsmGnu.o)
 .debug_abbrev  0x000068e7      0x157 .\CortexM3\ARM_GCC_541\Debug\reaction_game_wb.a(ErikaOS_1_ee_tnterm.o)
 .debug_abbrev  0x00006a3e      0x1ae .\CortexM3\ARM_GCC_541\Debug\reaction_game_wb.a(ErikaOS_1_ee_tstub.o)
 .debug_abbrev  0x00006bec      0x156 .\CortexM3\ARM_GCC_541\Debug\reaction_game_wb.a(ErikaOS_1_cortex_mx_ee_context.o)
 .debug_abbrev  0x00006d42       0xe1 .\CortexM3\ARM_GCC_541\Debug\reaction_game_wb.a(USBUART_cls.o)
 .debug_abbrev  0x00006e23       0xb4 .\CortexM3\ARM_GCC_541\Debug\reaction_game_wb.a(USBUART_descr.o)
 .debug_abbrev  0x00006ed7      0x1a7 .\CortexM3\ARM_GCC_541\Debug\reaction_game_wb.a(CyFlash.o)
 .debug_abbrev  0x0000707e      0x194 .\CortexM3\ARM_GCC_541\Debug\reaction_game_wb.a(CySpc.o)
 .debug_abbrev  0x00007212      0x282 .\CortexM3\ARM_GCC_541\Debug\reaction_game_wb.a(ErikaOS_1_ee_thendin.o)

.debug_line     0x00000000     0xae51
 *(.debug_line)
 .debug_line    0x00000000      0x6a1 .\CortexM3\ARM_GCC_541\Debug\main.o
 .debug_line    0x000006a1      0x290 .\CortexM3\ARM_GCC_541\Debug\trcStreamingPort.o
 .debug_line    0x00000931      0x3fd .\CortexM3\ARM_GCC_541\Debug\trcKernelPort.o
 .debug_line    0x00000d2e      0x1ed .\CortexM3\ARM_GCC_541\Debug\trcSnapshotRecorder.o
 .debug_line    0x00000f1b      0xae7 .\CortexM3\ARM_GCC_541\Debug\trcStreamingRecorder.o
 .debug_line    0x00001a02      0x2bc .\CortexM3\ARM_GCC_541\Debug\button.o
 .debug_line    0x00001cbe      0x265 .\CortexM3\ARM_GCC_541\Debug\joystick.o
 .debug_line    0x00001f23      0x372 .\CortexM3\ARM_GCC_541\Debug\led.o
 .debug_line    0x00002295      0x2e4 .\CortexM3\ARM_GCC_541\Debug\seven.o
 .debug_line    0x00002579      0x26b .\CortexM3\ARM_GCC_541\Debug\logging.o
 .debug_line    0x000027e4      0x8c7 .\CortexM3\ARM_GCC_541\Debug\tft.o
 .debug_line    0x000030ab      0x209 .\CortexM3\ARM_GCC_541\Debug\cyfitter_cfg.o
 .debug_line    0x000032b4      0x141 .\CortexM3\ARM_GCC_541\Debug\cymetadata.o
 .debug_line    0x000033f5      0x241 .\CortexM3\ARM_GCC_541\Debug\Cm3Start.o
 .debug_line    0x00003636       0x95 .\CortexM3\ARM_GCC_541\Debug\reaction_game_wb.a(SEVEN_DP.o)
 .debug_line    0x000036cb       0x99 .\CortexM3\ARM_GCC_541\Debug\reaction_game_wb.a(SEVEN_SELECT.o)
 .debug_line    0x00003764       0x71 .\CortexM3\ARM_GCC_541\Debug\reaction_game_wb.a(SEVEN_reg.o)
 .debug_line    0x000037d5       0x95 .\CortexM3\ARM_GCC_541\Debug\reaction_game_wb.a(BUTTON_1.o)
 .debug_line    0x0000386a      0x137 .\CortexM3\ARM_GCC_541\Debug\reaction_game_wb.a(isr_Button.o)
 .debug_line    0x000039a1       0x95 .\CortexM3\ARM_GCC_541\Debug\reaction_game_wb.a(BUTTON_2.o)
 .debug_line    0x00003a36       0x95 .\CortexM3\ARM_GCC_541\Debug\reaction_game_wb.a(BUTTON_3.o)
 .debug_line    0x00003acb       0x95 .\CortexM3\ARM_GCC_541\Debug\reaction_game_wb.a(BUTTON_4.o)
 .debug_line    0x00003b60       0x94 .\CortexM3\ARM_GCC_541\Debug\reaction_game_wb.a(LED_red.o)
 .debug_line    0x00003bf4       0x97 .\CortexM3\ARM_GCC_541\Debug\reaction_game_wb.a(LED_yellow.o)
 .debug_line    0x00003c8b       0x96 .\CortexM3\ARM_GCC_541\Debug\reaction_game_wb.a(LED_green.o)
 .debug_line    0x00003d21      0x2c4 .\CortexM3\ARM_GCC_541\Debug\reaction_game_wb.a(UART_LOG.o)
 .debug_line    0x00003fe5      0x143 .\CortexM3\ARM_GCC_541\Debug\reaction_game_wb.a(RGB_PWM_red.o)
 .debug_line    0x00004128      0x145 .\CortexM3\ARM_GCC_541\Debug\reaction_game_wb.a(RGB_PWM_green.o)
 .debug_line    0x0000426d      0x144 .\CortexM3\ARM_GCC_541\Debug\reaction_game_wb.a(RGB_PWM_blue.o)
 .debug_line    0x000043b1      0x23e .\CortexM3\ARM_GCC_541\Debug\reaction_game_wb.a(JOYSTICK_ADC_XY.o)
 .debug_line    0x000045ef       0x5c .\CortexM3\ARM_GCC_541\Debug\reaction_game_wb.a(JOYSTICK_ADC_XY_INT.o)
 .debug_line    0x0000464b      0x249 .\CortexM3\ARM_GCC_541\Debug\reaction_game_wb.a(TFT_SPI.o)
 .debug_line    0x00004894       0x93 .\CortexM3\ARM_GCC_541\Debug\reaction_game_wb.a(TFT_DC.o)
 .debug_line    0x00004927       0x94 .\CortexM3\ARM_GCC_541\Debug\reaction_game_wb.a(TFT_RES.o)
 .debug_line    0x000049bb      0x13b .\CortexM3\ARM_GCC_541\Debug\reaction_game_wb.a(TFT_BackLight.o)
 .debug_line    0x00004af6      0x1fa .\CortexM3\ARM_GCC_541\Debug\reaction_game_wb.a(ErikaOS_1_ee_activate.o)
 .debug_line    0x00004cf0      0x2d2 .\CortexM3\ARM_GCC_541\Debug\reaction_game_wb.a(ErikaOS_1_ee_alcancel.o)
 .debug_line    0x00004fc2      0x2c6 .\CortexM3\ARM_GCC_541\Debug\reaction_game_wb.a(ErikaOS_1_ee_alget.o)
 .debug_line    0x00005288      0x2df .\CortexM3\ARM_GCC_541\Debug\reaction_game_wb.a(ErikaOS_1_ee_alsetrel.o)
 .debug_line    0x00005567      0x413 .\CortexM3\ARM_GCC_541\Debug\reaction_game_wb.a(ErikaOS_1_ee_altick.o)
 .debug_line    0x0000597a      0x2d2 .\CortexM3\ARM_GCC_541\Debug\reaction_game_wb.a(ErikaOS_1_ee_evclear.o)
 .debug_line    0x00005c4c      0x267 .\CortexM3\ARM_GCC_541\Debug\reaction_game_wb.a(ErikaOS_1_ee_evget.o)
 .debug_line    0x00005eb3      0x30b .\CortexM3\ARM_GCC_541\Debug\reaction_game_wb.a(ErikaOS_1_ee_evset.o)
 .debug_line    0x000061be      0x318 .\CortexM3\ARM_GCC_541\Debug\reaction_game_wb.a(ErikaOS_1_ee_evwait.o)
 .debug_line    0x000064d6      0x161 .\CortexM3\ARM_GCC_541\Debug\reaction_game_wb.a(ErikaOS_1_ee_gettaskid.o)
 .debug_line    0x00006637      0x2c3 .\CortexM3\ARM_GCC_541\Debug\reaction_game_wb.a(ErikaOS_1_ee_irqendin.o)
 .debug_line    0x000068fa      0x119 .\CortexM3\ARM_GCC_541\Debug\reaction_game_wb.a(ErikaOS_1_ee_lookup.o)
 .debug_line    0x00006a13      0x15b .\CortexM3\ARM_GCC_541\Debug\reaction_game_wb.a(ErikaOS_1_ee_rq_exchg.o)
 .debug_line    0x00006b6e      0x152 .\CortexM3\ARM_GCC_541\Debug\reaction_game_wb.a(ErikaOS_1_ee_rq_first.o)
 .debug_line    0x00006cc0      0x156 .\CortexM3\ARM_GCC_541\Debug\reaction_game_wb.a(ErikaOS_1_ee_rq_inser.o)
 .debug_line    0x00006e16      0x179 .\CortexM3\ARM_GCC_541\Debug\reaction_game_wb.a(ErikaOS_1_ee_shtdown.o)
 .debug_line    0x00006f8f      0x380 .\CortexM3\ARM_GCC_541\Debug\reaction_game_wb.a(ErikaOS_1_ee_startos.o)
 .debug_line    0x0000730f      0x1c0 .\CortexM3\ARM_GCC_541\Debug\reaction_game_wb.a(ErikaOS_1_ee_terminat.o)
 .debug_line    0x000074cf      0x184 .\CortexM3\ARM_GCC_541\Debug\reaction_game_wb.a(ErikaOS_1_cortex_mx_ee_utils.o)
 .debug_line    0x00007653       0xf9 .\CortexM3\ARM_GCC_541\Debug\reaction_game_wb.a(ErikaOS_1_common_ee_hal_structs.o)
 .debug_line    0x0000774c      0x13c .\CortexM3\ARM_GCC_541\Debug\reaction_game_wb.a(ErikaOS_1_eecfg.o)
 .debug_line    0x00007888      0x2dc .\CortexM3\ARM_GCC_541\Debug\reaction_game_wb.a(USBUART.o)
 .debug_line    0x00007b64      0x2f2 .\CortexM3\ARM_GCC_541\Debug\reaction_game_wb.a(USBUART_cdc.o)
 .debug_line    0x00007e56      0x221 .\CortexM3\ARM_GCC_541\Debug\reaction_game_wb.a(USBUART_drv.o)
 .debug_line    0x00008077       0xe6 .\CortexM3\ARM_GCC_541\Debug\reaction_game_wb.a(USBUART_episr.o)
 .debug_line    0x0000815d      0x10e .\CortexM3\ARM_GCC_541\Debug\reaction_game_wb.a(USBUART_pm.o)
 .debug_line    0x0000826b      0x3e2 .\CortexM3\ARM_GCC_541\Debug\reaction_game_wb.a(USBUART_std.o)
 .debug_line    0x0000864d       0x73 .\CortexM3\ARM_GCC_541\Debug\reaction_game_wb.a(USBUART_vnd.o)
 .debug_line    0x000086c0      0x180 .\CortexM3\ARM_GCC_541\Debug\reaction_game_wb.a(UART_LOG_IntClock.o)
 .debug_line    0x00008840      0x20f .\CortexM3\ARM_GCC_541\Debug\reaction_game_wb.a(JOYSTICK_ADC_XY_SAR.o)
 .debug_line    0x00008a4f       0x94 .\CortexM3\ARM_GCC_541\Debug\reaction_game_wb.a(JOYSTICK_ADC_XY_TempBuf_dma.o)
 .debug_line    0x00008ae3       0x95 .\CortexM3\ARM_GCC_541\Debug\reaction_game_wb.a(JOYSTICK_ADC_XY_FinalBuf_dma.o)
 .debug_line    0x00008b78      0x140 .\CortexM3\ARM_GCC_541\Debug\reaction_game_wb.a(JOYSTICK_ADC_XY_IRQ.o)
 .debug_line    0x00008cb8      0x17f .\CortexM3\ARM_GCC_541\Debug\reaction_game_wb.a(TFT_SPI_IntClock.o)
 .debug_line    0x00008e37       0xbb .\CortexM3\ARM_GCC_541\Debug\reaction_game_wb.a(USBUART_Dp.o)
 .debug_line    0x00008ef2      0x2e4 .\CortexM3\ARM_GCC_541\Debug\reaction_game_wb.a(CyDmac.o)
 .debug_line    0x000091d6      0x816 .\CortexM3\ARM_GCC_541\Debug\reaction_game_wb.a(CyLib.o)
 .debug_line    0x000099ec      0x367 .\CortexM3\ARM_GCC_541\Debug\reaction_game_wb.a(cyPm.o)
 .debug_line    0x00009d53       0xae .\CortexM3\ARM_GCC_541\Debug\reaction_game_wb.a(ErikaOS_1_ee_gnu_change_context_isr.o)
 .debug_line    0x00009e01       0x74 .\CortexM3\ARM_GCC_541\Debug\reaction_game_wb.a(ErikaOS_1_ee_gnu_irq_stack.o)
 .debug_line    0x00009e75       0x9d .\CortexM3\ARM_GCC_541\Debug\reaction_game_wb.a(ErikaOS_1_ee_gnu_multi_context.o)
 .debug_line    0x00009f12       0x99 .\CortexM3\ARM_GCC_541\Debug\reaction_game_wb.a(ErikaOS_1_ee_gnu_oo.o)
 .debug_line    0x00009fab       0x66 .\CortexM3\ARM_GCC_541\Debug\reaction_game_wb.a(CyBootAsmGnu.o)
 .debug_line    0x0000a011      0x17b .\CortexM3\ARM_GCC_541\Debug\reaction_game_wb.a(ErikaOS_1_ee_tnterm.o)
 .debug_line    0x0000a18c      0x293 .\CortexM3\ARM_GCC_541\Debug\reaction_game_wb.a(ErikaOS_1_ee_tstub.o)
 .debug_line    0x0000a41f      0x1ac .\CortexM3\ARM_GCC_541\Debug\reaction_game_wb.a(ErikaOS_1_cortex_mx_ee_context.o)
 .debug_line    0x0000a5cb       0x95 .\CortexM3\ARM_GCC_541\Debug\reaction_game_wb.a(USBUART_cls.o)
 .debug_line    0x0000a660       0x61 .\CortexM3\ARM_GCC_541\Debug\reaction_game_wb.a(USBUART_descr.o)
 .debug_line    0x0000a6c1      0x21a .\CortexM3\ARM_GCC_541\Debug\reaction_game_wb.a(CyFlash.o)
 .debug_line    0x0000a8db      0x260 .\CortexM3\ARM_GCC_541\Debug\reaction_game_wb.a(CySpc.o)
 .debug_line    0x0000ab3b      0x316 .\CortexM3\ARM_GCC_541\Debug\reaction_game_wb.a(ErikaOS_1_ee_thendin.o)

.debug_frame    0x00000000     0x4760
 *(.debug_frame)
 .debug_frame   0x00000000      0x218 .\CortexM3\ARM_GCC_541\Debug\main.o
 .debug_frame   0x00000218       0x6c .\CortexM3\ARM_GCC_541\Debug\trcStreamingPort.o
 .debug_frame   0x00000284      0x128 .\CortexM3\ARM_GCC_541\Debug\trcKernelPort.o
 .debug_frame   0x000003ac      0x614 .\CortexM3\ARM_GCC_541\Debug\trcStreamingRecorder.o
 .debug_frame   0x000009c0       0x4c .\CortexM3\ARM_GCC_541\Debug\button.o
 .debug_frame   0x00000a0c       0x4c .\CortexM3\ARM_GCC_541\Debug\joystick.o
 .debug_frame   0x00000a58       0x8c .\CortexM3\ARM_GCC_541\Debug\led.o
 .debug_frame   0x00000ae4       0xcc .\CortexM3\ARM_GCC_541\Debug\seven.o
 .debug_frame   0x00000bb0       0x48 .\CortexM3\ARM_GCC_541\Debug\logging.o
 .debug_frame   0x00000bf8      0x5bc .\CortexM3\ARM_GCC_541\Debug\tft.o
 .debug_frame   0x000011b4       0xfc .\CortexM3\ARM_GCC_541\Debug\cyfitter_cfg.o
 .debug_frame   0x000012b0       0xb8 .\CortexM3\ARM_GCC_541\Debug\Cm3Start.o
 .debug_frame   0x00001368       0x50 .\CortexM3\ARM_GCC_541\Debug\reaction_game_wb.a(SEVEN_DP.o)
 .debug_frame   0x000013b8       0x50 .\CortexM3\ARM_GCC_541\Debug\reaction_game_wb.a(SEVEN_SELECT.o)
 .debug_frame   0x00001408       0x30 .\CortexM3\ARM_GCC_541\Debug\reaction_game_wb.a(SEVEN_reg.o)
 .debug_frame   0x00001438       0x50 .\CortexM3\ARM_GCC_541\Debug\reaction_game_wb.a(BUTTON_1.o)
 .debug_frame   0x00001488      0x104 .\CortexM3\ARM_GCC_541\Debug\reaction_game_wb.a(isr_Button.o)
 .debug_frame   0x0000158c       0x50 .\CortexM3\ARM_GCC_541\Debug\reaction_game_wb.a(BUTTON_2.o)
 .debug_frame   0x000015dc       0x50 .\CortexM3\ARM_GCC_541\Debug\reaction_game_wb.a(BUTTON_3.o)
 .debug_frame   0x0000162c       0x50 .\CortexM3\ARM_GCC_541\Debug\reaction_game_wb.a(BUTTON_4.o)
 .debug_frame   0x0000167c       0x50 .\CortexM3\ARM_GCC_541\Debug\reaction_game_wb.a(LED_red.o)
 .debug_frame   0x000016cc       0x50 .\CortexM3\ARM_GCC_541\Debug\reaction_game_wb.a(LED_yellow.o)
 .debug_frame   0x0000171c       0x50 .\CortexM3\ARM_GCC_541\Debug\reaction_game_wb.a(LED_green.o)
 .debug_frame   0x0000176c      0x250 .\CortexM3\ARM_GCC_541\Debug\reaction_game_wb.a(UART_LOG.o)
 .debug_frame   0x000019bc       0xf8 .\CortexM3\ARM_GCC_541\Debug\reaction_game_wb.a(RGB_PWM_red.o)
 .debug_frame   0x00001ab4       0xf8 .\CortexM3\ARM_GCC_541\Debug\reaction_game_wb.a(RGB_PWM_green.o)
 .debug_frame   0x00001bac       0xf8 .\CortexM3\ARM_GCC_541\Debug\reaction_game_wb.a(RGB_PWM_blue.o)
 .debug_frame   0x00001ca4      0x1dc .\CortexM3\ARM_GCC_541\Debug\reaction_game_wb.a(JOYSTICK_ADC_XY.o)
 .debug_frame   0x00001e80       0x20 .\CortexM3\ARM_GCC_541\Debug\reaction_game_wb.a(JOYSTICK_ADC_XY_INT.o)
 .debug_frame   0x00001ea0      0x1e8 .\CortexM3\ARM_GCC_541\Debug\reaction_game_wb.a(TFT_SPI.o)
 .debug_frame   0x00002088       0x50 .\CortexM3\ARM_GCC_541\Debug\reaction_game_wb.a(TFT_DC.o)
 .debug_frame   0x000020d8       0x50 .\CortexM3\ARM_GCC_541\Debug\reaction_game_wb.a(TFT_RES.o)
 .debug_frame   0x00002128       0xe8 .\CortexM3\ARM_GCC_541\Debug\reaction_game_wb.a(TFT_BackLight.o)
 .debug_frame   0x00002210       0x30 .\CortexM3\ARM_GCC_541\Debug\reaction_game_wb.a(ErikaOS_1_ee_activate.o)
 .debug_frame   0x00002240       0x30 .\CortexM3\ARM_GCC_541\Debug\reaction_game_wb.a(ErikaOS_1_ee_alcancel.o)
 .debug_frame   0x00002270       0x30 .\CortexM3\ARM_GCC_541\Debug\reaction_game_wb.a(ErikaOS_1_ee_alget.o)
 .debug_frame   0x000022a0       0x38 .\CortexM3\ARM_GCC_541\Debug\reaction_game_wb.a(ErikaOS_1_ee_alsetrel.o)
 .debug_frame   0x000022d8      0x10c .\CortexM3\ARM_GCC_541\Debug\reaction_game_wb.a(ErikaOS_1_ee_altick.o)
 .debug_frame   0x000023e4       0x30 .\CortexM3\ARM_GCC_541\Debug\reaction_game_wb.a(ErikaOS_1_ee_evclear.o)
 .debug_frame   0x00002414       0x2c .\CortexM3\ARM_GCC_541\Debug\reaction_game_wb.a(ErikaOS_1_ee_evget.o)
 .debug_frame   0x00002440       0x30 .\CortexM3\ARM_GCC_541\Debug\reaction_game_wb.a(ErikaOS_1_ee_evset.o)
 .debug_frame   0x00002470       0x38 .\CortexM3\ARM_GCC_541\Debug\reaction_game_wb.a(ErikaOS_1_ee_evwait.o)
 .debug_frame   0x000024a8       0x20 .\CortexM3\ARM_GCC_541\Debug\reaction_game_wb.a(ErikaOS_1_ee_gettaskid.o)
 .debug_frame   0x000024c8       0x5c .\CortexM3\ARM_GCC_541\Debug\reaction_game_wb.a(ErikaOS_1_ee_irqendin.o)
 .debug_frame   0x00002524       0x3c .\CortexM3\ARM_GCC_541\Debug\reaction_game_wb.a(ErikaOS_1_ee_rq_exchg.o)
 .debug_frame   0x00002560       0x20 .\CortexM3\ARM_GCC_541\Debug\reaction_game_wb.a(ErikaOS_1_ee_rq_first.o)
 .debug_frame   0x00002580       0x30 .\CortexM3\ARM_GCC_541\Debug\reaction_game_wb.a(ErikaOS_1_ee_rq_inser.o)
 .debug_frame   0x000025b0       0x58 .\CortexM3\ARM_GCC_541\Debug\reaction_game_wb.a(ErikaOS_1_ee_shtdown.o)
 .debug_frame   0x00002608       0xb8 .\CortexM3\ARM_GCC_541\Debug\reaction_game_wb.a(ErikaOS_1_ee_startos.o)
 .debug_frame   0x000026c0       0x2c .\CortexM3\ARM_GCC_541\Debug\reaction_game_wb.a(ErikaOS_1_ee_terminat.o)
 .debug_frame   0x000026ec       0x30 .\CortexM3\ARM_GCC_541\Debug\reaction_game_wb.a(ErikaOS_1_cortex_mx_ee_utils.o)
 .debug_frame   0x0000271c      0x1dc .\CortexM3\ARM_GCC_541\Debug\reaction_game_wb.a(USBUART.o)
 .debug_frame   0x000028f8      0x27c .\CortexM3\ARM_GCC_541\Debug\reaction_game_wb.a(USBUART_cdc.o)
 .debug_frame   0x00002b74      0x194 .\CortexM3\ARM_GCC_541\Debug\reaction_game_wb.a(USBUART_drv.o)
 .debug_frame   0x00002d08       0x6c .\CortexM3\ARM_GCC_541\Debug\reaction_game_wb.a(USBUART_episr.o)
 .debug_frame   0x00002d74       0xa0 .\CortexM3\ARM_GCC_541\Debug\reaction_game_wb.a(USBUART_pm.o)
 .debug_frame   0x00002e14      0x17c .\CortexM3\ARM_GCC_541\Debug\reaction_game_wb.a(USBUART_std.o)
 .debug_frame   0x00002f90       0x20 .\CortexM3\ARM_GCC_541\Debug\reaction_game_wb.a(USBUART_vnd.o)
 .debug_frame   0x00002fb0       0xe0 .\CortexM3\ARM_GCC_541\Debug\reaction_game_wb.a(UART_LOG_IntClock.o)
 .debug_frame   0x00003090      0x1b0 .\CortexM3\ARM_GCC_541\Debug\reaction_game_wb.a(JOYSTICK_ADC_XY_SAR.o)
 .debug_frame   0x00003240       0x54 .\CortexM3\ARM_GCC_541\Debug\reaction_game_wb.a(JOYSTICK_ADC_XY_TempBuf_dma.o)
 .debug_frame   0x00003294       0x54 .\CortexM3\ARM_GCC_541\Debug\reaction_game_wb.a(JOYSTICK_ADC_XY_FinalBuf_dma.o)
 .debug_frame   0x000032e8      0x104 .\CortexM3\ARM_GCC_541\Debug\reaction_game_wb.a(JOYSTICK_ADC_XY_IRQ.o)
 .debug_frame   0x000033ec       0xe0 .\CortexM3\ARM_GCC_541\Debug\reaction_game_wb.a(TFT_SPI_IntClock.o)
 .debug_frame   0x000034cc       0x70 .\CortexM3\ARM_GCC_541\Debug\reaction_game_wb.a(USBUART_Dp.o)
 .debug_frame   0x0000353c      0x1f8 .\CortexM3\ARM_GCC_541\Debug\reaction_game_wb.a(CyDmac.o)
 .debug_frame   0x00003734      0x738 .\CortexM3\ARM_GCC_541\Debug\reaction_game_wb.a(CyLib.o)
 .debug_frame   0x00003e6c      0x1f8 .\CortexM3\ARM_GCC_541\Debug\reaction_game_wb.a(cyPm.o)
 .debug_frame   0x00004064       0x2c .\CortexM3\ARM_GCC_541\Debug\reaction_game_wb.a(ErikaOS_1_ee_tnterm.o)
 .debug_frame   0x00004090       0x2c .\CortexM3\ARM_GCC_541\Debug\reaction_game_wb.a(ErikaOS_1_ee_tstub.o)
 .debug_frame   0x000040bc       0x3c .\CortexM3\ARM_GCC_541\Debug\reaction_game_wb.a(ErikaOS_1_cortex_mx_ee_context.o)
 .debug_frame   0x000040f8       0x2c .\CortexM3\ARM_GCC_541\Debug\reaction_game_wb.a(USBUART_cls.o)
 .debug_frame   0x00004124      0x194 .\CortexM3\ARM_GCC_541\Debug\reaction_game_wb.a(CyFlash.o)
 .debug_frame   0x000042b8      0x180 .\CortexM3\ARM_GCC_541\Debug\reaction_game_wb.a(CySpc.o)