Archive member included to satisfy reference by file (symbol)

.\CortexM3\ARM_GCC_541\Debug\4.1_Blink_an_LED.a(SEVEN_DP.o)
                              .\CortexM3\ARM_GCC_541\Debug\seven.o (SEVEN_DP_Write)
.\CortexM3\ARM_GCC_541\Debug\4.1_Blink_an_LED.a(SEVEN_SELECT.o)
                              .\CortexM3\ARM_GCC_541\Debug\seven.o (SEVEN_SELECT_Write)
.\CortexM3\ARM_GCC_541\Debug\4.1_Blink_an_LED.a(SEVEN_reg.o)
                              .\CortexM3\ARM_GCC_541\Debug\seven.o (SEVEN_reg_Write)
.\CortexM3\ARM_GCC_541\Debug\4.1_Blink_an_LED.a(BUTTON_1.o)
                              .\CortexM3\ARM_GCC_541\Debug\button.o (BUTTON_1_Read)
.\CortexM3\ARM_GCC_541\Debug\4.1_Blink_an_LED.a(isr_Button.o)
                              .\CortexM3\ARM_GCC_541\Debug\button.o (isr_Button_StartEx)
.\CortexM3\ARM_GCC_541\Debug\4.1_Blink_an_LED.a(BUTTON_2.o)
                              .\CortexM3\ARM_GCC_541\Debug\button.o (BUTTON_2_Read)
.\CortexM3\ARM_GCC_541\Debug\4.1_Blink_an_LED.a(BUTTON_3.o)
                              .\CortexM3\ARM_GCC_541\Debug\button.o (BUTTON_3_Read)
.\CortexM3\ARM_GCC_541\Debug\4.1_Blink_an_LED.a(BUTTON_4.o)
                              .\CortexM3\ARM_GCC_541\Debug\button.o (BUTTON_4_Read)
.\CortexM3\ARM_GCC_541\Debug\4.1_Blink_an_LED.a(LED_red.o)
                              .\CortexM3\ARM_GCC_541\Debug\led.o (LED_red_Write)
.\CortexM3\ARM_GCC_541\Debug\4.1_Blink_an_LED.a(LED_yellow.o)
                              .\CortexM3\ARM_GCC_541\Debug\led.o (LED_yellow_Write)
.\CortexM3\ARM_GCC_541\Debug\4.1_Blink_an_LED.a(LED_green.o)
                              .\CortexM3\ARM_GCC_541\Debug\led.o (LED_green_Write)
.\CortexM3\ARM_GCC_541\Debug\4.1_Blink_an_LED.a(UART_LOG.o)
                              .\CortexM3\ARM_GCC_541\Debug\main.o (UART_LOG_Start)
.\CortexM3\ARM_GCC_541\Debug\4.1_Blink_an_LED.a(RGB_PWM_red.o)
                              .\CortexM3\ARM_GCC_541\Debug\led.o (RGB_PWM_red_WriteCompare)
.\CortexM3\ARM_GCC_541\Debug\4.1_Blink_an_LED.a(RGB_PWM_green.o)
                              .\CortexM3\ARM_GCC_541\Debug\led.o (RGB_PWM_green_WriteCompare)
.\CortexM3\ARM_GCC_541\Debug\4.1_Blink_an_LED.a(RGB_PWM_blue.o)
                              .\CortexM3\ARM_GCC_541\Debug\led.o (RGB_PWM_blue_WriteCompare)
.\CortexM3\ARM_GCC_541\Debug\4.1_Blink_an_LED.a(JOYSTICK_ADC_XY.o)
                              .\CortexM3\ARM_GCC_541\Debug\joystick.o (JOYSTICK_ADC_XY_Start)
.\CortexM3\ARM_GCC_541\Debug\4.1_Blink_an_LED.a(JOYSTICK_ADC_XY_INT.o)
                              .\CortexM3\ARM_GCC_541\Debug\4.1_Blink_an_LED.a(JOYSTICK_ADC_XY.o) (JOYSTICK_ADC_XY_ISR)
.\CortexM3\ARM_GCC_541\Debug\4.1_Blink_an_LED.a(TFT_SPI.o)
                              .\CortexM3\ARM_GCC_541\Debug\tft.o (TFT_SPI_WriteTxData)
.\CortexM3\ARM_GCC_541\Debug\4.1_Blink_an_LED.a(TFT_DC.o)
                              .\CortexM3\ARM_GCC_541\Debug\tft.o (TFT_DC_Write)
.\CortexM3\ARM_GCC_541\Debug\4.1_Blink_an_LED.a(TFT_RES.o)
                              .\CortexM3\ARM_GCC_541\Debug\tft.o (TFT_RES_Write)
.\CortexM3\ARM_GCC_541\Debug\4.1_Blink_an_LED.a(TFT_BackLight.o)
                              .\CortexM3\ARM_GCC_541\Debug\tft.o (TFT_BackLight_WriteCompare)
.\CortexM3\ARM_GCC_541\Debug\4.1_Blink_an_LED.a(ErikaOS_1_ee_activate.o)
                              .\CortexM3\ARM_GCC_541\Debug\main.o (EE_oo_ActivateTask)
.\CortexM3\ARM_GCC_541\Debug\4.1_Blink_an_LED.a(ErikaOS_1_ee_alsetrel.o)
                              .\CortexM3\ARM_GCC_541\Debug\main.o (EE_oo_SetRelAlarm)
.\CortexM3\ARM_GCC_541\Debug\4.1_Blink_an_LED.a(ErikaOS_1_ee_altick.o)
                              .\CortexM3\ARM_GCC_541\Debug\4.1_Blink_an_LED.a(ErikaOS_1_ee_alsetrel.o) (EE_oo_counter_object_insert)
.\CortexM3\ARM_GCC_541\Debug\4.1_Blink_an_LED.a(ErikaOS_1_ee_gettaskid.o)
                              .\CortexM3\ARM_GCC_541\Debug\trcKernelPort.o (EE_oo_GetTaskID)
.\CortexM3\ARM_GCC_541\Debug\4.1_Blink_an_LED.a(ErikaOS_1_ee_irqendin.o)
                              .\CortexM3\ARM_GCC_541\Debug\main.o (EE_IRQ_end_post_stub)
.\CortexM3\ARM_GCC_541\Debug\4.1_Blink_an_LED.a(ErikaOS_1_ee_lookup.o)
                              .\CortexM3\ARM_GCC_541\Debug\4.1_Blink_an_LED.a(ErikaOS_1_ee_irqendin.o) (EE_oo_IRQ_disable_count)
.\CortexM3\ARM_GCC_541\Debug\4.1_Blink_an_LED.a(ErikaOS_1_ee_rq_exchg.o)
                              .\CortexM3\ARM_GCC_541\Debug\4.1_Blink_an_LED.a(ErikaOS_1_ee_activate.o) (EE_rq2stk_exchange)
.\CortexM3\ARM_GCC_541\Debug\4.1_Blink_an_LED.a(ErikaOS_1_ee_rq_first.o)
                              .\CortexM3\ARM_GCC_541\Debug\4.1_Blink_an_LED.a(ErikaOS_1_ee_activate.o) (EE_rq_queryfirst)
.\CortexM3\ARM_GCC_541\Debug\4.1_Blink_an_LED.a(ErikaOS_1_ee_rq_inser.o)
                              .\CortexM3\ARM_GCC_541\Debug\4.1_Blink_an_LED.a(ErikaOS_1_ee_activate.o) (EE_rq_insert)
.\CortexM3\ARM_GCC_541\Debug\4.1_Blink_an_LED.a(ErikaOS_1_ee_shtdown.o)
[...]
Memory Configuration

Name             Origin             Length             Attributes
rom              0x00000000         0x00040000         xr
ram              0x1fff8000         0x00010000         xrw
*default*        0x00000000         0xffffffff

Linker script and memory map

LOAD c:/program files (x86)/cypress/psoc creator/4.4/psoc creator/import/gnu/arm/5.4.1/bin/../lib/gcc/arm-none-eabi/5.4.1/armv7-m/crti.o
LOAD c:/program files (x86)/cypress/psoc creator/4.4/psoc creator/import/gnu/arm/5.4.1/bin/../lib/gcc/arm-none-eabi/5.4.1/armv7-m/crtbegin.o
LOAD c:/program files (x86)/cypress/psoc creator/4.4/psoc creator/import/gnu/arm/5.4.1/bin/../lib/gcc/arm-none-eabi/5.4.1/../../../../arm-none-eabi/lib/armv7-m/crt0.o
START GROUP
LOAD .\CortexM3\ARM_GCC_541\Debug\main.o
LOAD .\CortexM3\ARM_GCC_541\Debug\trcStreamingPort.o
LOAD .\CortexM3\ARM_GCC_541\Debug\trcKernelPort.o
LOAD .\CortexM3\ARM_GCC_541\Debug\trcSnapshotRecorder.o
LOAD .\CortexM3\ARM_GCC_541\Debug\trcStreamingRecorder.o
LOAD .\CortexM3\ARM_GCC_541\Debug\button.o
LOAD .\CortexM3\ARM_GCC_541\Debug\joystick.o
LOAD .\CortexM3\ARM_GCC_541\Debug\led.o
LOAD .\CortexM3\ARM_GCC_541\Debug\seven.o
LOAD .\CortexM3\ARM_GCC_541\Debug\logging.o
LOAD .\CortexM3\ARM_GCC_541\Debug\tft.o
LOAD .\CortexM3\ARM_GCC_541\Debug\cyfitter_cfg.o
LOAD .\CortexM3\ARM_GCC_541\Debug\cymetadata.o
LOAD .\CortexM3\ARM_GCC_541\Debug\Cm3Start.o
LOAD .\CortexM3\ARM_GCC_541\Debug\4.1_Blink_an_LED.a
LOAD C:\Program Files (x86)\Cypress\PSoC Creator\4.4\PSoC Creator\psoc\content\cycomponentlibrary\CyComponentLibrary.cylib\CortexM3\ARM_GCC_541\Debug\CyComponentLibrary.a
END GROUP
START GROUP
LOAD c:/program files (x86)/cypress/psoc creator/4.4/psoc creator/import/gnu/arm/5.4.1/bin/../lib/gcc/arm-none-eabi/5.4.1/armv7-m\libgcc.a
LOAD c:/program files (x86)/cypress/psoc creator/4.4/psoc creator/import/gnu/arm/5.4.1/bin/../lib/gcc/arm-none-eabi/5.4.1/../../../../arm-none-eabi/lib/armv7-m\libg_nano.a
LOAD c:/program files (x86)/cypress/psoc creator/4.4/psoc creator/import/gnu/arm/5.4.1/bin/../lib/gcc/arm-none-eabi/5.4.1/../../../../arm-none-eabi/lib/armv7-m\libc_nano.a
END GROUP
START GROUP
LOAD c:/program files (x86)/cypress/psoc creator/4.4/psoc creator/import/gnu/arm/5.4.1/bin/../lib/gcc/arm-none-eabi/5.4.1/armv7-m\libgcc.a
LOAD c:/program files (x86)/cypress/psoc creator/4.4/psoc creator/import/gnu/arm/5.4.1/bin/../lib/gcc/arm-none-eabi/5.4.1/../../../../arm-none-eabi/lib/armv7-m\libc_nano.a
END GROUP
LOAD c:/program files (x86)/cypress/psoc creator/4.4/psoc creator/import/gnu/arm/5.4.1/bin/../lib/gcc/arm-none-eabi/5.4.1/armv7-m/crtend.o
LOAD c:/program files (x86)/cypress/psoc creator/4.4/psoc creator/import/gnu/arm/5.4.1/bin/../lib/gcc/arm-none-eabi/5.4.1/armv7-m/crtn.o
START GROUP
LOAD c:/program files (x86)/cypress/psoc creator/4.4/psoc creator/import/gnu/arm/5.4.1/bin/../lib/gcc/arm-none-eabi/5.4.1/armv7-m\libgcc.a
LOAD c:/program files (x86)/cypress/psoc creator/4.4/psoc creator/import/gnu/arm/5.4.1/bin/../lib/gcc/arm-none-eabi/5.4.1/../../../../arm-none-eabi/lib/armv7-m\libc.a
LOAD c:/program files (x86)/cypress/psoc creator/4.4/psoc creator/import/gnu/arm/5.4.1/bin/../lib/gcc/arm-none-eabi/5.4.1/../../../../arm-none-eabi/lib/armv7-m\libnosys.a
END GROUP
                0x00000000                CY_APPL_ORIGIN = 0x0
                0x00000100                CY_FLASH_ROW_SIZE = 0x100
                0x00000020                CY_ECC_ROW_SIZE = 0x20
                0x00000000                CY_EE_IN_BTLDR = 0x0
                0x00000000                CY_APPL_LOADABLE = 0x0
                0x00000800                CY_EE_SIZE = 0x800
                0x00000001                CY_APPL_NUM = 0x1
                0x00000001                CY_APPL_MAX = 0x1
                0x00000040                CY_METADATA_SIZE = 0x40
                0x00000000                CY_APPL_LOADABLE = 0x0
                0x00000000                CY_CHECKSUM_EXCLUDE_SIZE = ALIGN (0x0, CY_FLASH_ROW_SIZE)
                [!provide]                PROVIDE (__cy_heap_start, _end)
                0x00000001                PROVIDE (__cy_region_num, ((__cy_regions_end - __cy_regions) / 0x10))
                0x20008000                PROVIDE (__cy_stack, (ORIGIN (ram) + LENGTH (ram)))
                [!provide]                PROVIDE (__cy_heap_end, (__cy_stack - 0x800))

.cybootloader   0x00000000        0x0
 *(.cybootloader)
                0x00000000                appl1_start = CY_APPL_ORIGIN?CY_APPL_ORIGIN:ALIGN (CY_FLASH_ROW_SIZE)
                0x0001ff00                appl2_start = (appl1_start + ALIGN ((((LENGTH (rom) - appl1_start) - (0x2 * CY_FLASH_ROW_SIZE)) / 0x2), CY_FLASH_ROW_SIZE))
                0x00000000                appl_start = (CY_APPL_NUM == 0x1)?appl1_start:appl2_start
                0x00000000                ecc_offset = ((appl_start / CY_FLASH_ROW_SIZE) * CY_ECC_ROW_SIZE)
                0x00000000                ee_offset = (CY_APPL_LOADABLE && ! (CY_EE_IN_BTLDR))?((CY_EE_SIZE / CY_APPL_MAX) * (CY_APPL_NUM - 0x1)):0x0
                0x00000800                ee_size = (CY_APPL_LOADABLE && ! (CY_EE_IN_BTLDR))?(CY_EE_SIZE / CY_APPL_MAX):CY_EE_SIZE
                [!provide]                PROVIDE (CY_ECC_OFFSET, ecc_offset)

.text           0x00000000     0x1dc2
 CREATE_OBJECT_SYMBOLS
                0x00000000                PROVIDE (__cy_interrupt_vector, RomVectors)
 *(.romvectors)
 .romvectors    0x00000000       0x10 .\CortexM3\ARM_GCC_541\Debug\Cm3Start.o
                0x00000000                RomVectors
                0x00000001                ASSERT ((. != __cy_interrupt_vector), No interrupt vector)
                0x00000001                ASSERT (CY_APPL_ORIGIN?(SIZEOF (.cybootloader) <= CY_APPL_ORIGIN):0x1, Wrong image location)
                0x00000010                PROVIDE (__cy_reset, Reset)
 *(.text.Reset)
 .text.Reset    0x00000010       0x18 .\CortexM3\ARM_GCC_541\Debug\Cm3Start.o
                0x00000010                Reset
                0x00000001                ASSERT ((. != __cy_reset), No reset code)
 *(.dma_init)
                0x00000001                ASSERT ((((appl_start + .) <= 0x10000) || 0x1), DMA Init must be within the first 64k of flash)
 *(.text .text.* .gnu.linkonce.t.*)
 .text          0x00000028       0x5c c:/program files (x86)/cypress/psoc creator/4.4/psoc creator/import/gnu/arm/5.4.1/bin/../lib/gcc/arm-none-eabi/5.4.1/armv7-m/crtbegin.o
 .text.ISR2_systick_handler
                0x00000084        0xc .\CortexM3\ARM_GCC_541\Debug\main.o
                0x00000084                ISR2_systick_handler
 .text.systick_handler
                0x00000090       0x98 .\CortexM3\ARM_GCC_541\Debug\main.o
                0x00000090                systick_handler
 .text.main     0x00000128       0x28 .\CortexM3\ARM_GCC_541\Debug\main.o
                0x00000128                main
 .text.Functsk_init
                0x00000150       0x30 .\CortexM3\ARM_GCC_541\Debug\main.o
                0x00000150                Functsk_init
 .text.Functsk_background
                0x00000180        0x4 .\CortexM3\ARM_GCC_541\Debug\main.o
                0x00000180                Functsk_background
 .text.Functsk_SampleTask
                0x00000184       0x18 .\CortexM3\ARM_GCC_541\Debug\main.o
                0x00000184                Functsk_SampleTask
 .text.prvTraceGetCurrentTaskId
                0x0000019c       0x14 .\CortexM3\ARM_GCC_541\Debug\trcKernelPort.o
                0x0000019c                prvTraceGetCurrentTaskId
 .text.prvGetTimestamp32
                0x000001b0        0xc .\CortexM3\ARM_GCC_541\Debug\trcStreamingRecorder.o
 .text.prvAllocateBufferPage
                0x000001bc       0x44 .\CortexM3\ARM_GCC_541\Debug\trcStreamingRecorder.o
 .text.xTraceGetLastError
                0x00000200       0xd8 .\CortexM3\ARM_GCC_541\Debug\trcStreamingRecorder.o
                0x00000200                xTraceGetLastError
 .text.prvTraceSaveSymbol
                0x000002d8       0x8c .\CortexM3\ARM_GCC_541\Debug\trcStreamingRecorder.o
                0x000002d8                prvTraceSaveSymbol
 .text.prvTraceSaveObjectData
                0x00000364       0x6c .\CortexM3\ARM_GCC_541\Debug\trcStreamingRecorder.o
                0x00000364                prvTraceSaveObjectData
 .text.prvPagedEventBufferGetWritePointer
                0x000003d0       0xb0 .\CortexM3\ARM_GCC_541\Debug\trcStreamingRecorder.o
                0x000003d0                prvPagedEventBufferGetWritePointer
 .text.prvTraceStoreHeader
                0x00000480       0x48 .\CortexM3\ARM_GCC_541\Debug\trcStreamingRecorder.o
 .text.prvTraceStoreSymbolTable
                0x000004c8       0x50 .\CortexM3\ARM_GCC_541\Debug\trcStreamingRecorder.o
 .text.prvTraceStoreObjectDataTable
                0x00000518       0x50 .\CortexM3\ARM_GCC_541\Debug\trcStreamingRecorder.o
 .text.prvTraceStoreSimpleStringEventHelper
                0x00000568       0xcc .\CortexM3\ARM_GCC_541\Debug\trcStreamingRecorder.o
                0x00000568                prvTraceStoreSimpleStringEventHelper
 .text.vTracePrint
                0x00000634        0x8 .\CortexM3\ARM_GCC_541\Debug\trcStreamingRecorder.o
                0x00000634                vTracePrint
 .text.prvTraceStoreWarnings
                0x0000063c       0x24 .\CortexM3\ARM_GCC_541\Debug\trcStreamingRecorder.o
 .text.prvPagedEventBufferInit
                0x00000660       0x48 .\CortexM3\ARM_GCC_541\Debug\trcStreamingRecorder.o
                0x00000660                prvPagedEventBufferInit
 .text.prvSetRecorderEnabled
                0x000006a8       0x80 .\CortexM3\ARM_GCC_541\Debug\trcStreamingRecorder.o
 .text.prvTraceError
                0x00000728       0x30 .\CortexM3\ARM_GCC_541\Debug\trcStreamingRecorder.o
                0x00000728                prvTraceError
 .text.prvTraceStoreStringEventHelper
                0x00000758       0xe8 .\CortexM3\ARM_GCC_541\Debug\trcStreamingRecorder.o
 .text.vTracePrintF
                0x00000840       0x68 .\CortexM3\ARM_GCC_541\Debug\trcStreamingRecorder.o
                0x00000840                vTracePrintF
 .text.prvTraceStoreStringEvent
                0x000008a8       0x34 .\CortexM3\ARM_GCC_541\Debug\trcStreamingRecorder.o
                0x000008a8                prvTraceStoreStringEvent
 .text.prvTraceStoreEvent1
                0x000008dc       0x5c .\CortexM3\ARM_GCC_541\Debug\trcStreamingRecorder.o
                0x000008dc                prvTraceStoreEvent1
 .text.prvTraceStoreEvent2
                0x00000938       0x6c .\CortexM3\ARM_GCC_541\Debug\trcStreamingRecorder.o
                0x00000938                prvTraceStoreEvent2
 .text.prvTraceStoreEvent3
                0x000009a4       0x70 .\CortexM3\ARM_GCC_541\Debug\trcStreamingRecorder.o
                0x000009a4                prvTraceStoreEvent3
 .text.prvTraceStoreEvent
                0x00000a14       0x88 .\CortexM3\ARM_GCC_541\Debug\trcStreamingRecorder.o
                0x00000a14                prvTraceStoreEvent
 .text.prvTraceStoreTSConfig
                0x00000a9c       0x38 .\CortexM3\ARM_GCC_541\Debug\trcStreamingRecorder.o
 .text.LED_Toggle
                0x00000ad4       0x84 .\CortexM3\ARM_GCC_541\Debug\led.o
                0x00000ad4                LED_Toggle
 .text.CyClockStartupError
                0x00000b58        0x4 .\CortexM3\ARM_GCC_541\Debug\cyfitter_cfg.o
 .text.cfg_write_bytes32
                0x00000b5c       0x34 .\CortexM3\ARM_GCC_541\Debug\cyfitter_cfg.o
 .text.ClockSetup
                0x00000b90       0xec .\CortexM3\ARM_GCC_541\Debug\cyfitter_cfg.o
 .text.CYMEMZERO
                0x00000c7c        0xc .\CortexM3\ARM_GCC_541\Debug\cyfitter_cfg.o
 .text.AnalogSetDefault
                0x00000c88       0x7c .\CortexM3\ARM_GCC_541\Debug\cyfitter_cfg.o
 .text.CYCONFIGCPY
                0x00000d04        0x8 .\CortexM3\ARM_GCC_541\Debug\cyfitter_cfg.o
 .text.cyfitter_cfg
                0x00000d0c      0x148 .\CortexM3\ARM_GCC_541\Debug\cyfitter_cfg.o
                0x00000d0c                cyfitter_cfg
 .text.IntDefaultHandler
                0x00000e54       0x10 .\CortexM3\ARM_GCC_541\Debug\Cm3Start.o
                0x00000e54                IntDefaultHandler
 .text.Start_c  0x00000e64       0x4c .\CortexM3\ARM_GCC_541\Debug\Cm3Start.o
                0x00000e64                Start_c
 .text.initialize_psoc
                0x00000eb0       0x6c .\CortexM3\ARM_GCC_541\Debug\Cm3Start.o
                0x00000eb0                initialize_psoc
 .text.LED_red_Write
                0x00000f1c       0x18 .\CortexM3\ARM_GCC_541\Debug\4.1_Blink_an_LED.a(LED_red.o)
                0x00000f1c                LED_red_Write
 .text.LED_yellow_Write
                0x00000f34       0x18 .\CortexM3\ARM_GCC_541\Debug\4.1_Blink_an_LED.a(LED_yellow.o)
                0x00000f34                LED_yellow_Write
 .text.LED_green_Write
                0x00000f4c       0x18 .\CortexM3\ARM_GCC_541\Debug\4.1_Blink_an_LED.a(LED_green.o)
                0x00000f4c                LED_green_Write
 .text.UART_LOG_Init
                0x00000f64       0x28 .\CortexM3\ARM_GCC_541\Debug\4.1_Blink_an_LED.a(UART_LOG.o)
                0x00000f64                UART_LOG_Init
 .text.UART_LOG_Enable
                0x00000f8c       0x38 .\CortexM3\ARM_GCC_541\Debug\4.1_Blink_an_LED.a(UART_LOG.o)
                0x00000f8c                UART_LOG_Enable
 .text.UART_LOG_Start
                0x00000fc4       0x1c .\CortexM3\ARM_GCC_541\Debug\4.1_Blink_an_LED.a(UART_LOG.o)
                0x00000fc4                UART_LOG_Start
 .text.UART_LOG_PutChar
                0x00000fe0       0x18 .\CortexM3\ARM_GCC_541\Debug\4.1_Blink_an_LED.a(UART_LOG.o)
                0x00000fe0                UART_LOG_PutChar
 .text.UART_LOG_PutString
                0x00000ff8       0x24 .\CortexM3\ARM_GCC_541\Debug\4.1_Blink_an_LED.a(UART_LOG.o)
                0x00000ff8                UART_LOG_PutString
 .text.EE_oo_ActivateTask
                0x0000101c       0xe8 .\CortexM3\ARM_GCC_541\Debug\4.1_Blink_an_LED.a(ErikaOS_1_ee_activate.o)
                0x0000101c                EE_oo_ActivateTask
 .text.EE_oo_SetRelAlarm
                0x00001104       0x90 .\CortexM3\ARM_GCC_541\Debug\4.1_Blink_an_LED.a(ErikaOS_1_ee_alsetrel.o)
                0x00001104                EE_oo_SetRelAlarm
 .text.EE_oo_handle_action_callback
                0x00001194        0xc .\CortexM3\ARM_GCC_541\Debug\4.1_Blink_an_LED.a(ErikaOS_1_ee_altick.o)
 .text.EE_oo_handle_action_task
                0x000011a0       0x4c .\CortexM3\ARM_GCC_541\Debug\4.1_Blink_an_LED.a(ErikaOS_1_ee_altick.o)
 .text.EE_oo_handle_action_event
                0x000011ec       0x60 .\CortexM3\ARM_GCC_541\Debug\4.1_Blink_an_LED.a(ErikaOS_1_ee_altick.o)
 .text.EE_oo_handle_action
                0x0000124c       0x28 .\CortexM3\ARM_GCC_541\Debug\4.1_Blink_an_LED.a(ErikaOS_1_ee_altick.o)
 .text.EE_oo_counter_object_insert
                0x00001274       0x9c .\CortexM3\ARM_GCC_541\Debug\4.1_Blink_an_LED.a(ErikaOS_1_ee_altick.o)
                0x00001274                EE_oo_counter_object_insert
 .text.EE_oo_IncrementCounterImplementation
                0x00001310      0x120 .\CortexM3\ARM_GCC_541\Debug\4.1_Blink_an_LED.a(ErikaOS_1_ee_altick.o)
                0x00001310                EE_oo_IncrementCounterImplementation
 .text.EE_oo_IncrementCounter
                0x00001430       0xb0 .\CortexM3\ARM_GCC_541\Debug\4.1_Blink_an_LED.a(ErikaOS_1_ee_altick.o)
                0x00001430                EE_oo_IncrementCounter
 .text.EE_oo_GetTaskID
                0x000014e0       0x14 .\CortexM3\ARM_GCC_541\Debug\4.1_Blink_an_LED.a(ErikaOS_1_ee_gettaskid.o)
                0x000014e0                EE_oo_GetTaskID
 .text.EE_IRQ_run_next_task
                0x000014f4       0x54 .\CortexM3\ARM_GCC_541\Debug\4.1_Blink_an_LED.a(ErikaOS_1_ee_irqendin.o)
 .text.EE_IRQ_end_instance
                0x00001548       0x68 .\CortexM3\ARM_GCC_541\Debug\4.1_Blink_an_LED.a(ErikaOS_1_ee_irqendin.o)
                0x00001548                EE_IRQ_end_instance
 .text.EE_IRQ_end_post_stub
                0x000015b0       0x14 .\CortexM3\ARM_GCC_541\Debug\4.1_Blink_an_LED.a(ErikaOS_1_ee_irqendin.o)
                0x000015b0                EE_IRQ_end_post_stub
 .text.EE_rq2stk_exchange
                0x000015c4       0x88 .\CortexM3\ARM_GCC_541\Debug\4.1_Blink_an_LED.a(ErikaOS_1_ee_rq_exchg.o)
                0x000015c4                EE_rq2stk_exchange
 .text.EE_rq_queryfirst
                0x0000164c       0x44 .\CortexM3\ARM_GCC_541\Debug\4.1_Blink_an_LED.a(ErikaOS_1_ee_rq_first.o)
                0x0000164c                EE_rq_queryfirst
 .text.EE_rq_insert
                0x00001690       0x74 .\CortexM3\ARM_GCC_541\Debug\4.1_Blink_an_LED.a(ErikaOS_1_ee_rq_inser.o)
                0x00001690                EE_rq_insert
 .text.compute_task_tid
                0x00001704       0x10 .\CortexM3\ARM_GCC_541\Debug\4.1_Blink_an_LED.a(ErikaOS_1_ee_startos.o)
 .text.EE_oo_start_os
                0x00001714        0xc .\CortexM3\ARM_GCC_541\Debug\4.1_Blink_an_LED.a(ErikaOS_1_ee_startos.o)
 .text.EE_oo_creatTaskInfo
                0x00001720       0x88 .\CortexM3\ARM_GCC_541\Debug\4.1_Blink_an_LED.a(ErikaOS_1_ee_startos.o)
 .text.EE_oo_autostart_tasks
                0x000017a8       0x60 .\CortexM3\ARM_GCC_541\Debug\4.1_Blink_an_LED.a(ErikaOS_1_ee_startos.o)
 .text.EE_oo_autostart_os
                0x00001808        0xc .\CortexM3\ARM_GCC_541\Debug\4.1_Blink_an_LED.a(ErikaOS_1_ee_startos.o)
 .text.EE_oo_StartOS
                0x00001814       0x90 .\CortexM3\ARM_GCC_541\Debug\4.1_Blink_an_LED.a(ErikaOS_1_ee_startos.o)
                0x00001814                EE_oo_StartOS
 .text.EE_oo_TerminateTask
                0x000018a4       0x3c .\CortexM3\ARM_GCC_541\Debug\4.1_Blink_an_LED.a(ErikaOS_1_ee_terminat.o)
                0x000018a4                EE_oo_TerminateTask
 .text.EE_system_init
                0x000018e0       0x20 .\CortexM3\ARM_GCC_541\Debug\4.1_Blink_an_LED.a(ErikaOS_1_cortex_mx_ee_utils.o)
                0x000018e0                EE_system_init
 .text.UART_LOG_IntClock_Start
                0x00001900       0x1c .\CortexM3\ARM_GCC_541\Debug\4.1_Blink_an_LED.a(UART_LOG_IntClock.o)
                0x00001900                UART_LOG_IntClock_Start
 .text.CyDmacConfigure
                0x0000191c       0x34 .\CortexM3\ARM_GCC_541\Debug\4.1_Blink_an_LED.a(CyDmac.o)
                0x0000191c                CyDmacConfigure
 .text.CyDelayUs
                0x00001950       0x14 .\CortexM3\ARM_GCC_541\Debug\4.1_Blink_an_LED.a(CyLib.o)
                0x00001950                CyDelayUs
 .text          0x00001964       0x7c .\CortexM3\ARM_GCC_541\Debug\4.1_Blink_an_LED.a(ErikaOS_1_ee_gnu_change_context_isr.o)
                0x00001964                EE_set_switch_context_pri
                0x0000197e                EE_switch_context
                0x00001988                EE_cortex_mx_pendsv_ISR
                0x000019c4                EE_cortex_mx_svc_ISR
 .text          0x000019e0       0x24 .\CortexM3\ARM_GCC_541\Debug\4.1_Blink_an_LED.a(ErikaOS_1_ee_gnu_irq_stack.o)
                0x000019e0                EE_cortex_mx_change_IRQ_stack
                0x000019f2                EE_cortex_mx_change_IRQ_stack_back
 .text          0x00001a04       0x68 .\CortexM3\ARM_GCC_541\Debug\4.1_Blink_an_LED.a(ErikaOS_1_ee_gnu_multi_context.o)
                0x00001a04                EE_cortex_mx_change_context
 .text          0x00001a6c       0x80 .\CortexM3\ARM_GCC_541\Debug\4.1_Blink_an_LED.a(ErikaOS_1_ee_gnu_oo.o)
                0x00001a6c                EE_hal_terminate_savestk
                0x00001ab6                EE_hal_terminate_task
 *fill*         0x00001aec        0x4 
 .text          0x00001af0       0x20 .\CortexM3\ARM_GCC_541\Debug\4.1_Blink_an_LED.a(CyBootAsmGnu.o)
                0x00001af0                CyDelayCycles
                0x00001b00                CyEnterCriticalSection
                0x00001b08                CyExitCriticalSection
 .text.EE_thread_not_terminated
                0x00001b10       0x10 .\CortexM3\ARM_GCC_541\Debug\4.1_Blink_an_LED.a(ErikaOS_1_ee_tnterm.o)
                0x00001b10                EE_thread_not_terminated
 .text.EE_oo_thread_stub
                0x00001b20       0x30 .\CortexM3\ARM_GCC_541\Debug\4.1_Blink_an_LED.a(ErikaOS_1_ee_tstub.o)
                0x00001b20                EE_oo_thread_stub
 .text.EE_std_run_task_code
                0x00001b50       0x18 .\CortexM3\ARM_GCC_541\Debug\4.1_Blink_an_LED.a(ErikaOS_1_cortex_mx_ee_context.o)
                0x00001b50                EE_std_run_task_code
 .text.EE_std_need_context_change
                0x00001b68       0x28 .\CortexM3\ARM_GCC_541\Debug\4.1_Blink_an_LED.a(ErikaOS_1_cortex_mx_ee_context.o)
                0x00001b68                EE_std_need_context_change
 .text.EE_thread_rnact_max
                0x00001b90       0x20 .\CortexM3\ARM_GCC_541\Debug\4.1_Blink_an_LED.a(ErikaOS_1_ee_thendin.o)
 .text.EE_thread_endcycle_next
                0x00001bb0       0x54 .\CortexM3\ARM_GCC_541\Debug\4.1_Blink_an_LED.a(ErikaOS_1_ee_thendin.o)
 .text.EE_thread_end_instance
                0x00001c04      0x140 .\CortexM3\ARM_GCC_541\Debug\4.1_Blink_an_LED.a(ErikaOS_1_ee_thendin.o)
                0x00001c04                EE_thread_end_instance
 .text.__errno  0x00001d44        0xc c:/program files (x86)/cypress/psoc creator/4.4/psoc creator/import/gnu/arm/5.4.1/bin/../lib/gcc/arm-none-eabi/5.4.1/../../../../arm-none-eabi/lib/armv7-m\libg_nano.a(lib_a-errno.o)
                0x00001d44                __errno
 .text.__libc_init_array
                0x00001d50       0x4c c:/program files (x86)/cypress/psoc creator/4.4/psoc creator/import/gnu/arm/5.4.1/bin/../lib/gcc/arm-none-eabi/5.4.1/../../../../arm-none-eabi/lib/armv7-m\libg_nano.a(lib_a-init.o)
                0x00001d50                __libc_init_array
 .text.memcpy   0x00001d9c       0x16 c:/program files (x86)/cypress/psoc creator/4.4/psoc creator/import/gnu/arm/5.4.1/bin/../lib/gcc/arm-none-eabi/5.4.1/../../../../arm-none-eabi/lib/armv7-m\libg_nano.a(lib_a-memcpy-stub.o)
                0x00001d9c                memcpy
 .text.memset   0x00001db2       0x10 c:/program files (x86)/cypress/psoc creator/4.4/psoc creator/import/gnu/arm/5.4.1/bin/../lib/gcc/arm-none-eabi/5.4.1/../../../../arm-none-eabi/lib/armv7-m\libg_nano.a(lib_a-memset.o)
                0x00001db2                memset
 *(.plt)
 *(.gnu.warning)
 *(.glue_7t)
 .glue_7t       0x00001dc2        0x0 linker stubs
 *(.glue_7)
 .glue_7        0x00001dc2        0x0 linker stubs
 *(.vfp11_veneer)
 .vfp11_veneer  0x00001dc2        0x0 linker stubs
 *(.bootloader)
 *(.ARM.extab* .gnu.linkonce.armextab.*)
 *(.gcc_except_table)

.v4_bx          0x00001dc4        0x0
 .v4_bx         0x00001dc4        0x0 linker stubs

.iplt           0x00001dc4        0x0
 .iplt          0x00001dc4        0x0 c:/program files (x86)/cypress/psoc creator/4.4/psoc creator/import/gnu/arm/5.4.1/bin/../lib/gcc/arm-none-eabi/5.4.1/armv7-m/crtbegin.o

.eh_frame_hdr
 *(.eh_frame_hdr)

.eh_frame       0x00001dc4        0x4
 *(.eh_frame)
 .eh_frame      0x00001dc4        0x0 c:/program files (x86)/cypress/psoc creator/4.4/psoc creator/import/gnu/arm/5.4.1/bin/../lib/gcc/arm-none-eabi/5.4.1/armv7-m/crtbegin.o
 .eh_frame      0x00001dc4        0x4 c:/program files (x86)/cypress/psoc creator/4.4/psoc creator/import/gnu/arm/5.4.1/bin/../lib/gcc/arm-none-eabi/5.4.1/armv7-m/crtend.o
                [!provide]                PROVIDE (__exidx_start, .)

.ARM.exidx
 *(.ARM.exidx* .gnu.linkonce.armexidx.*)
                0x00001dc8                __exidx_end = .

.rodata         0x00001dc8      0x4b0
 *(.rodata .rodata.* .gnu.linkonce.r.*)
 .rodata.str1.4
                0x00001dc8        0xd .\CortexM3\ARM_GCC_541\Debug\main.o
 *fill*         0x00001dd5        0x3 
 .rodata.str1.4
                0x00001dd8      0x248 .\CortexM3\ARM_GCC_541\Debug\trcStreamingRecorder.o
 .rodata        0x00002020       0x44 .\CortexM3\ARM_GCC_541\Debug\cyfitter_cfg.o
 .rodata        0x00002064      0x100 .\CortexM3\ARM_GCC_541\Debug\4.1_Blink_an_LED.a(ErikaOS_1_ee_lookup.o)
                0x00002064                EE_rq_lookup
 .rodata        0x00002164       0x98 .\CortexM3\ARM_GCC_541\Debug\4.1_Blink_an_LED.a(ErikaOS_1_eecfg.o)
                0x00002164                EE_oo_autostart_task_data
                0x00002170                EE_oo_action_ROM
                0x00002184                EE_oo_counter_object_ROM
                0x00002190                EE_ALARM_ID
                0x00002194                EE_alarm_ROM
                0x00002198                EE_counter_ROM
                0x000021a4                EE_th_is_extended
                0x000021b0                EE_th_rnact_max
                0x000021bc                EE_th_dispatch_prio
                0x000021c8                EE_th_ready_prio
                0x000021c8                EE_EVENT_ID
                0x000021d4                EE_terminate_real_th_body
                0x000021e0                EE_hal_thread_body
                0x000021ec                EE_std_thread_tos
 .rodata.str1.4
                0x000021fc       0x40 .\CortexM3\ARM_GCC_541\Debug\4.1_Blink_an_LED.a(ErikaOS_1_eecfg.o)
                                 0x3f (size before relaxing)
 .rodata.str1.1
                0x0000223c        0x2 c:/program files (x86)/cypress/psoc creator/4.4/psoc creator/import/gnu/arm/5.4.1/bin/../lib/gcc/arm-none-eabi/5.4.1/../../../../arm-none-eabi/lib/armv7-m\libg_nano.a(lib_a-impure.o)
                0x00002240                . = ALIGN (0x4)
 *fill*         0x0000223e        0x2 
 *(.init)
 .init          0x00002240        0x4 c:/program files (x86)/cypress/psoc creator/4.4/psoc creator/import/gnu/arm/5.4.1/bin/../lib/gcc/arm-none-eabi/5.4.1/armv7-m/crti.o
                0x00002240                _init
 .init          0x00002244        0x8 c:/program files (x86)/cypress/psoc creator/4.4/psoc creator/import/gnu/arm/5.4.1/bin/../lib/gcc/arm-none-eabi/5.4.1/armv7-m/crtn.o
                0x0000224c                . = ALIGN (0x4)
                0x0000224c                __preinit_array_start = .
 *(.preinit_array)
                0x0000224c                __preinit_array_end = .
                0x0000224c                . = ALIGN (0x4)
                0x0000224c                __init_array_start = .
 *(SORT(.init_array.*))
 *(.init_array)
 .init_array    0x0000224c        0x4 c:/program files (x86)/cypress/psoc creator/4.4/psoc creator/import/gnu/arm/5.4.1/bin/../lib/gcc/arm-none-eabi/5.4.1/armv7-m/crtbegin.o
 .init_array    0x00002250        0x4 .\CortexM3\ARM_GCC_541\Debug\Cm3Start.o
                0x00002254                __init_array_end = .
                0x00002254                . = ALIGN (0x4)
 *(.fini)
 .fini          0x00002254        0x4 c:/program files (x86)/cypress/psoc creator/4.4/psoc creator/import/gnu/arm/5.4.1/bin/../lib/gcc/arm-none-eabi/5.4.1/armv7-m/crti.o
                0x00002254                _fini
 .fini          0x00002258        0x8 c:/program files (x86)/cypress/psoc creator/4.4/psoc creator/import/gnu/arm/5.4.1/bin/../lib/gcc/arm-none-eabi/5.4.1/armv7-m/crtn.o
                0x00002260                . = ALIGN (0x4)
                0x00002260                __fini_array_start = .
 *(.fini_array)
 .fini_array    0x00002260        0x4 c:/program files (x86)/cypress/psoc creator/4.4/psoc creator/import/gnu/arm/5.4.1/bin/../lib/gcc/arm-none-eabi/5.4.1/armv7-m/crtbegin.o
 *(SORT(.fini_array.*))
                0x00002264                __fini_array_end = .
                0x00002264                . = ALIGN (0x4)
 *crtbegin.o(.ctors)
 *(EXCLUDE_FILE(*crtend.o) .ctors)
 *(SORT(.ctors.*))
 *crtend.o(.ctors)
                0x00002264                . = ALIGN (0x4)
 *crtbegin.o(.dtors)
 *(EXCLUDE_FILE(*crtend.o) .dtors)
 *(SORT(.dtors.*))
 *crtend.o(.dtors)
                0x00002264                . = ALIGN (0x4)
                0x00002264                __cy_regions = .
                0x00002264        0x4 LONG 0x2278 __cy_region_init_ram
                0x00002268        0x4 LONG 0x1fff80c8 __cy_region_start_data
                0x0000226c        0x4 LONG 0x190 __cy_region_init_size_ram
                0x00002270        0x4 LONG 0x1d38 __cy_region_zero_size_ram
                0x00002274                __cy_regions_end = .
                0x00002278                . = ALIGN (0x8)
 *fill*         0x00002274        0x4 
                0x00002278                _etext = .

.cy_checksum_exclude
                0x00002278        0x0
 *(.cy_checksum_exclude)

.ramvectors     0x1fff8000       0xc0
                0x1fff8000                __cy_region_start_ram = .
 *(.ramvectors)
 .ramvectors    0x1fff8000       0xc0 .\CortexM3\ARM_GCC_541\Debug\Cm3Start.o
                0x1fff8000                CyRamVectors

.noinit         0x1fff80c0        0x1
 *(.noinit)
 .noinit        0x1fff80c0        0x1 .\CortexM3\ARM_GCC_541\Debug\4.1_Blink_an_LED.a(CyLib.o)
                0x1fff80c0                CyResetStatus

.data           0x1fff80c8      0x190 load address 0x00002278
                0x1fff80c8                __cy_region_start_data = .
 *(.jcr)
 .jcr           0x1fff80c8        0x0 c:/program files (x86)/cypress/psoc creator/4.4/psoc creator/import/gnu/arm/5.4.1/bin/../lib/gcc/arm-none-eabi/5.4.1/armv7-m/crtbegin.o
 .jcr           0x1fff80c8        0x4 c:/program files (x86)/cypress/psoc creator/4.4/psoc creator/import/gnu/arm/5.4.1/bin/../lib/gcc/arm-none-eabi/5.4.1/armv7-m/crtend.o
 *(.got.plt)
 *(.got)
 *(.shdata)
 *(.data .data.* .gnu.linkonce.d.*)
 .data          0x1fff80cc       0x15 .\CortexM3\ARM_GCC_541\Debug\trcStreamingRecorder.o
                0x1fff80cc                TotalBytesRemaining
                0x1fff80d2                CurrentFilterMask
                0x1fff80d4                CurrentFilterGroup
                0x1fff80dc                TotalBytesRemaining_LowWaterMark
 *fill*         0x1fff80e1        0x3 
 .data          0x1fff80e4       0xf0 .\CortexM3\ARM_GCC_541\Debug\4.1_Blink_an_LED.a(ErikaOS_1_eecfg.o)
                0x1fff80e4                EE_ALARM_NAME
                0x1fff80e8                EE_counter_RAM
                0x1fff80f0                EE_th_terminate_nextask
                0x1fff80fc                EE_rq_pairs_next
                0x1fff8108                EE_rq_link
                0x1fff8114                EE_th_rnact
                0x1fff8120                EE_rq_queues_tail
                0x1fff8160                EE_rq_queues_head
                0x1fff81a0                EE_stkfirst
                0x1fff81a4                EE_th_next
                0x1fff81b0                EE_th_status
                0x1fff81bc                EE_TASK_NAME
                0x1fff81c8                EE_cortex_mx_IRQ_tos
                0x1fff81cc                EE_cortex_mx_system_tos
 .data          0x1fff81d4        0x8 .\CortexM3\ARM_GCC_541\Debug\4.1_Blink_an_LED.a(CyDmac.o)
 .data          0x1fff81dc       0x10 .\CortexM3\ARM_GCC_541\Debug\4.1_Blink_an_LED.a(CyLib.o)
                0x1fff81dc                cydelay_32k_ms
                0x1fff81e0                cydelay_freq_khz
                0x1fff81e4                cydelay_freq_mhz
                0x1fff81e8                cydelay_freq_hz
 .data          0x1fff81ec        0x4 .\CortexM3\ARM_GCC_541\Debug\4.1_Blink_an_LED.a(ErikaOS_1_ee_gnu_irq_stack.o)
 .data.impure_data
                0x1fff81f0       0x60 c:/program files (x86)/cypress/psoc creator/4.4/psoc creator/import/gnu/arm/5.4.1/bin/../lib/gcc/arm-none-eabi/5.4.1/../../../../arm-none-eabi/lib/armv7-m\libg_nano.a(lib_a-impure.o)
 .data._impure_ptr
                0x1fff8250        0x4 c:/program files (x86)/cypress/psoc creator/4.4/psoc creator/import/gnu/arm/5.4.1/bin/../lib/gcc/arm-none-eabi/5.4.1/../../../../arm-none-eabi/lib/armv7-m\libg_nano.a(lib_a-impure.o)
                0x1fff8250                _impure_ptr
                0x1fff8258                . = ALIGN (0x8)
 *fill*         0x1fff8254        0x4 
 *(.ram)
                0x1fff8258                _edata = .

.igot.plt       0x1fff8258        0x0 load address 0x00002408
 .igot.plt      0x1fff8258        0x0 c:/program files (x86)/cypress/psoc creator/4.4/psoc creator/import/gnu/arm/5.4.1/bin/../lib/gcc/arm-none-eabi/5.4.1/armv7-m/crtbegin.o

.bss            0x1fff8258     0x1d38 load address 0x00002408
                0x1fff8258                PROVIDE (__bss_start__, .)
 *(.shbss)
 *(.bss .bss.* .gnu.linkonce.b.*)
 .bss           0x1fff8258       0x1c c:/program files (x86)/cypress/psoc creator/4.4/psoc creator/import/gnu/arm/5.4.1/bin/../lib/gcc/arm-none-eabi/5.4.1/armv7-m/crtbegin.o
 .bss           0x1fff8274      0x69c .\CortexM3\ARM_GCC_541\Debug\trcStreamingRecorder.o
                0x1fff8274                EventBuffer
                0x1fff8278                timestampFrequency
                0x1fff8280                NoRoomForSymbol
                0x1fff8284                LongestSymbolName
                0x1fff8288                NoRoomForObjectData
                0x1fff828c                MaxBytesTruncated
                0x1fff8290                RecorderEnabled
                0x1fff88dc                DroppedEventCounter
                0x1fff88e4                uiTraceTickCount
                0x1fff88ec                isPendingContextSwitch
 .bss           0x1fff8910        0x3 .\CortexM3\ARM_GCC_541\Debug\led.o
 .bss           0x1fff8913        0x2 .\CortexM3\ARM_GCC_541\Debug\4.1_Blink_an_LED.a(UART_LOG.o)
                0x1fff8913                UART_LOG_initVar
 *fill*         0x1fff8915        0x3 
 .bss           0x1fff8918       0x34 .\CortexM3\ARM_GCC_541\Debug\4.1_Blink_an_LED.a(ErikaOS_1_eecfg.o)
                0x1fff8918                EE_th_waswaiting
                0x1fff8924                EE_th_event_waitmask
                0x1fff8930                EE_th_event_active
                0x1fff893c                EE_rq_free
                0x1fff8940                EE_rq_bitmask
                0x1fff8944                EE_sys_ceiling
                0x1fff8948                EE_EVENT_NAME
                0x1fff8948                EE_cortex_mx_active_tos
 *(COMMON)
 COMMON         0x1fff894c     0x138c .\CortexM3\ARM_GCC_541\Debug\trcKernelPort.o
                0x1fff894c                _TzTraceData
                0x1fff9cd4                trcWarningChannel
 COMMON         0x1fff9cd8       0x10 .\CortexM3\ARM_GCC_541\Debug\trcStreamingRecorder.o
                0x1fff9cd8                PageInfo
 COMMON         0x1fff9ce8        0x8 .\CortexM3\ARM_GCC_541\Debug\4.1_Blink_an_LED.a(ErikaOS_1_ee_lookup.o)
                0x1fff9ce8                EE_oo_IRQ_disable_count
                0x1fff9cec                EE_oo_IRQ_suspend_status
 COMMON         0x1fff9cf0        0x4 .\CortexM3\ARM_GCC_541\Debug\4.1_Blink_an_LED.a(ErikaOS_1_ee_startos.o)
                0x1fff9cf0                EE_oo_started
 COMMON         0x1fff9cf4        0x8 .\CortexM3\ARM_GCC_541\Debug\4.1_Blink_an_LED.a(ErikaOS_1_common_ee_hal_structs.o)
                0x1fff9cf4                EE_IRQ_nesting_level
                0x1fff9cf8                EE_std_endcycle_next_tid
 COMMON         0x1fff9cfc      0x290 .\CortexM3\ARM_GCC_541\Debug\4.1_Blink_an_LED.a(ErikaOS_1_eecfg.o)
                0x1fff9cfc                EE_cortex_mx_stack_3
                0x1fff9d60                EE_rq_pairs_tid
                0x1fff9d6c                EE_terminate_data
                0x1fff9d78                EE_oo_counter_object_RAM
                0x1fff9d88                EE_ApplicationMode
                0x1fff9d8c                EE_cortex_mx_stack_9
                0x1fff9f90                . = ALIGN (0x8)
 *fill*         0x1fff9f8c        0x4 
 *(.ram.b)
                0x1fff9f90                _end = .
                0x1fff9f90                __end = .
                0x1fff9f90                PROVIDE (end, .)
                0x1fff9f90                PROVIDE (__bss_end__, .)
                0x00002278                __cy_region_init_ram = LOADADDR (.data)
                0x00000190                __cy_region_init_size_ram = (_edata - ADDR (.data))
                0x00001d38                __cy_region_zero_size_ram = (_end - _edata)

.heap           0x1fff9f90       0x80 load address 0x00002408
                0x1fff9f90                . = _end
                0x1fffa010                . = (. + 0x80)
 *fill*         0x1fff9f90       0x80 
                0x1fffa010                __cy_heap_limit = .

.stack          0x20007800      0x800
                0x20007800                __cy_stack_limit = .
                0x20008000                . = (. + 0x800)
 *fill*         0x20007800      0x800 
                0x00000001                ASSERT ((__cy_stack_limit >= __cy_heap_limit), region RAM overflowed with stack)
                0x00000000                cy_checksum_exclude_size = (CY_APPL_LOADABLE == 0x1)?SIZEOF (.cy_checksum_exclude):0x0
                0x00000001                ASSERT ((cy_checksum_exclude_size <= CY_CHECKSUM_EXCLUDE_SIZE), CY_BOOT: Section .cy_checksum_exclude size exceedes specified limit.)

.cyloadermeta
 *(.cyloadermeta)

.cyloadablemeta
 *(.cyloadablemeta)

.cyconfigecc    0x80000000      0xd3c
 *(.cyconfigecc)
 .cyconfigecc   0x80000000      0xd3c .\CortexM3\ARM_GCC_541\Debug\cymetadata.o
                0x80000000                cy_meta_configecc

.cycustnvl      0x90000000        0x4
 *(.cycustnvl)
 .cycustnvl     0x90000000        0x4 .\CortexM3\ARM_GCC_541\Debug\cymetadata.o
                0x90000000                cy_meta_custnvl

.cywolatch      0x90100000        0x4
 *(.cywolatch)
 .cywolatch     0x90100000        0x4 .\CortexM3\ARM_GCC_541\Debug\cymetadata.o
                0x90100000                cy_meta_wonvl

.cyeeprom       0x90200000        0x0
 *(.cyeeprom)
                0x00000001                ASSERT ((. <= ((0x90200000 + ee_offset) + ee_size)), .cyeeprom data will not fit in EEPROM)

.cyflashprotect
                0x90400000      0x100
 *(.cyflashprotect)
 .cyflashprotect
                0x90400000      0x100 .\CortexM3\ARM_GCC_541\Debug\cymetadata.o
                0x90400000                cy_meta_flashprotect

.cymeta         0x90500000        0xc
 *(.cymeta)
 .cymeta        0x90500000        0xc .\CortexM3\ARM_GCC_541\Debug\cymetadata.o
                0x90500000                cy_metadata

.rel.dyn        0x00002408        0x0 load address 0x9050000c
 .rel.iplt      0x00002408        0x0 c:/program files (x86)/cypress/psoc creator/4.4/psoc creator/import/gnu/arm/5.4.1/bin/../lib/gcc/arm-none-eabi/5.4.1/armv7-m/crtbegin.o

.stab
 *(.stab)

.stabstr
 *(.stabstr)

.debug
 *(.debug)

.line
 *(.line)

.debug_srcinfo
 *(.debug_srcinfo)

.debug_sfnames
 *(.debug_sfnames)

.debug_aranges  0x00000000     0x1c28
 *(.debug_aranges)
 .debug_aranges
                0x00000000       0x50 .\CortexM3\ARM_GCC_541\Debug\main.o
 .debug_aranges
                0x00000050       0x30 .\CortexM3\ARM_GCC_541\Debug\trcStreamingPort.o
 .debug_aranges
                0x00000080       0x78 .\CortexM3\ARM_GCC_541\Debug\trcKernelPort.o
 .debug_aranges
                0x000000f8       0x18 .\CortexM3\ARM_GCC_541\Debug\trcSnapshotRecorder.o
 .debug_aranges
                0x00000110      0x188 .\CortexM3\ARM_GCC_541\Debug\trcStreamingRecorder.o
 .debug_aranges
                0x00000298       0x28 .\CortexM3\ARM_GCC_541\Debug\button.o
 .debug_aranges
                0x000002c0       0x28 .\CortexM3\ARM_GCC_541\Debug\joystick.o
 .debug_aranges
                0x000002e8       0x38 .\CortexM3\ARM_GCC_541\Debug\led.o
 .debug_aranges
                0x00000320       0x48 .\CortexM3\ARM_GCC_541\Debug\seven.o
 .debug_aranges
                0x00000368       0x28 .\CortexM3\ARM_GCC_541\Debug\logging.o
 .debug_aranges
                0x00000390      0x178 .\CortexM3\ARM_GCC_541\Debug\tft.o
 .debug_aranges
                0x00000508       0x58 .\CortexM3\ARM_GCC_541\Debug\cyfitter_cfg.o
 .debug_aranges
                0x00000560       0x18 .\CortexM3\ARM_GCC_541\Debug\cymetadata.o
 .debug_aranges
                0x00000578       0x48 .\CortexM3\ARM_GCC_541\Debug\Cm3Start.o
 .debug_aranges
                0x000005c0       0x38 .\CortexM3\ARM_GCC_541\Debug\4.1_Blink_an_LED.a(SEVEN_DP.o)
 .debug_aranges
                0x000005f8       0x38 .\CortexM3\ARM_GCC_541\Debug\4.1_Blink_an_LED.a(SEVEN_SELECT.o)
 .debug_aranges
                0x00000630       0x28 .\CortexM3\ARM_GCC_541\Debug\4.1_Blink_an_LED.a(SEVEN_reg.o)
 .debug_aranges
                0x00000658       0x38 .\CortexM3\ARM_GCC_541\Debug\4.1_Blink_an_LED.a(BUTTON_1.o)
 .debug_aranges
                0x00000690       0x80 .\CortexM3\ARM_GCC_541\Debug\4.1_Blink_an_LED.a(isr_Button.o)
 .debug_aranges
                0x00000710       0x38 .\CortexM3\ARM_GCC_541\Debug\4.1_Blink_an_LED.a(BUTTON_2.o)
 .debug_aranges
                0x00000748       0x38 .\CortexM3\ARM_GCC_541\Debug\4.1_Blink_an_LED.a(BUTTON_3.o)
 .debug_aranges
                0x00000780       0x38 .\CortexM3\ARM_GCC_541\Debug\4.1_Blink_an_LED.a(BUTTON_4.o)
 .debug_aranges
                0x000007b8       0x38 .\CortexM3\ARM_GCC_541\Debug\4.1_Blink_an_LED.a(LED_red.o)
 .debug_aranges
                0x000007f0       0x38 .\CortexM3\ARM_GCC_541\Debug\4.1_Blink_an_LED.a(LED_yellow.o)
 .debug_aranges
                0x00000828       0x38 .\CortexM3\ARM_GCC_541\Debug\4.1_Blink_an_LED.a(LED_green.o)
 .debug_aranges
                0x00000860       0xf0 .\CortexM3\ARM_GCC_541\Debug\4.1_Blink_an_LED.a(UART_LOG.o)
 .debug_aranges
                0x00000950       0x80 .\CortexM3\ARM_GCC_541\Debug\4.1_Blink_an_LED.a(RGB_PWM_red.o)
 .debug_aranges
                0x000009d0       0x80 .\CortexM3\ARM_GCC_541\Debug\4.1_Blink_an_LED.a(RGB_PWM_green.o)
 .debug_aranges
                0x00000a50       0x80 .\CortexM3\ARM_GCC_541\Debug\4.1_Blink_an_LED.a(RGB_PWM_blue.o)
 .debug_aranges
                0x00000ad0       0xa0 .\CortexM3\ARM_GCC_541\Debug\4.1_Blink_an_LED.a(JOYSTICK_ADC_XY.o)
 .debug_aranges
                0x00000b70       0x20 .\CortexM3\ARM_GCC_541\Debug\4.1_Blink_an_LED.a(JOYSTICK_ADC_XY_INT.o)
 .debug_aranges
                0x00000b90       0xd8 .\CortexM3\ARM_GCC_541\Debug\4.1_Blink_an_LED.a(TFT_SPI.o)
 .debug_aranges
                0x00000c68       0x38 .\CortexM3\ARM_GCC_541\Debug\4.1_Blink_an_LED.a(TFT_DC.o)
 .debug_aranges
                0x00000ca0       0x38 .\CortexM3\ARM_GCC_541\Debug\4.1_Blink_an_LED.a(TFT_RES.o)
 .debug_aranges
                0x00000cd8       0x78 .\CortexM3\ARM_GCC_541\Debug\4.1_Blink_an_LED.a(TFT_BackLight.o)
 .debug_aranges
                0x00000d50       0x20 .\CortexM3\ARM_GCC_541\Debug\4.1_Blink_an_LED.a(ErikaOS_1_ee_activate.o)
 .debug_aranges
                0x00000d70       0x20 .\CortexM3\ARM_GCC_541\Debug\4.1_Blink_an_LED.a(ErikaOS_1_ee_alsetrel.o)
 .debug_aranges
                0x00000d90       0x58 .\CortexM3\ARM_GCC_541\Debug\4.1_Blink_an_LED.a(ErikaOS_1_ee_altick.o)
 .debug_aranges
                0x00000de8       0x20 .\CortexM3\ARM_GCC_541\Debug\4.1_Blink_an_LED.a(ErikaOS_1_ee_gettaskid.o)
 .debug_aranges
                0x00000e08       0x30 .\CortexM3\ARM_GCC_541\Debug\4.1_Blink_an_LED.a(ErikaOS_1_ee_irqendin.o)
 .debug_aranges
                0x00000e38       0x18 .\CortexM3\ARM_GCC_541\Debug\4.1_Blink_an_LED.a(ErikaOS_1_ee_lookup.o)
 .debug_aranges
                0x00000e50       0x20 .\CortexM3\ARM_GCC_541\Debug\4.1_Blink_an_LED.a(ErikaOS_1_ee_rq_exchg.o)
 .debug_aranges
                0x00000e70       0x20 .\CortexM3\ARM_GCC_541\Debug\4.1_Blink_an_LED.a(ErikaOS_1_ee_rq_first.o)
 .debug_aranges
                0x00000e90       0x20 .\CortexM3\ARM_GCC_541\Debug\4.1_Blink_an_LED.a(ErikaOS_1_ee_rq_inser.o)
 .debug_aranges
                0x00000eb0       0x30 .\CortexM3\ARM_GCC_541\Debug\4.1_Blink_an_LED.a(ErikaOS_1_ee_shtdown.o)
 .debug_aranges
                0x00000ee0       0x48 .\CortexM3\ARM_GCC_541\Debug\4.1_Blink_an_LED.a(ErikaOS_1_ee_startos.o)
 .debug_aranges
                0x00000f28       0x20 .\CortexM3\ARM_GCC_541\Debug\4.1_Blink_an_LED.a(ErikaOS_1_ee_terminat.o)
 .debug_aranges
                0x00000f48       0x20 .\CortexM3\ARM_GCC_541\Debug\4.1_Blink_an_LED.a(ErikaOS_1_cortex_mx_ee_utils.o)
 .debug_aranges
                0x00000f68       0x18 .\CortexM3\ARM_GCC_541\Debug\4.1_Blink_an_LED.a(ErikaOS_1_common_ee_hal_structs.o)
 .debug_aranges
                0x00000f80       0x18 .\CortexM3\ARM_GCC_541\Debug\4.1_Blink_an_LED.a(ErikaOS_1_eecfg.o)
 .debug_aranges
                0x00000f98       0xc8 .\CortexM3\ARM_GCC_541\Debug\4.1_Blink_an_LED.a(USBUART.o)
 .debug_aranges
                0x00001060       0xe8 .\CortexM3\ARM_GCC_541\Debug\4.1_Blink_an_LED.a(USBUART_cdc.o)
 .debug_aranges
                0x00001148       0x98 .\CortexM3\ARM_GCC_541\Debug\4.1_Blink_an_LED.a(USBUART_drv.o)
 .debug_aranges
                0x000011e0       0x40 .\CortexM3\ARM_GCC_541\Debug\4.1_Blink_an_LED.a(USBUART_episr.o)
 .debug_aranges
                0x00001220       0x40 .\CortexM3\ARM_GCC_541\Debug\4.1_Blink_an_LED.a(USBUART_pm.o)
 .debug_aranges
                0x00001260       0x80 .\CortexM3\ARM_GCC_541\Debug\4.1_Blink_an_LED.a(USBUART_std.o)
 .debug_aranges
                0x000012e0       0x20 .\CortexM3\ARM_GCC_541\Debug\4.1_Blink_an_LED.a(USBUART_vnd.o)
 .debug_aranges
                0x00001300       0x70 .\CortexM3\ARM_GCC_541\Debug\4.1_Blink_an_LED.a(UART_LOG_IntClock.o)
 .debug_aranges
                0x00001370       0xa8 .\CortexM3\ARM_GCC_541\Debug\4.1_Blink_an_LED.a(JOYSTICK_ADC_XY_SAR.o)
 .debug_aranges
                0x00001418       0x28 .\CortexM3\ARM_GCC_541\Debug\4.1_Blink_an_LED.a(JOYSTICK_ADC_XY_TempBuf_dma.o)
 .debug_aranges
                0x00001440       0x28 .\CortexM3\ARM_GCC_541\Debug\4.1_Blink_an_LED.a(JOYSTICK_ADC_XY_FinalBuf_dma.o)
 .debug_aranges
                0x00001468       0x80 .\CortexM3\ARM_GCC_541\Debug\4.1_Blink_an_LED.a(JOYSTICK_ADC_XY_IRQ.o)
 .debug_aranges
                0x000014e8       0x70 .\CortexM3\ARM_GCC_541\Debug\4.1_Blink_an_LED.a(TFT_SPI_IntClock.o)
 .debug_aranges
                0x00001558       0x48 .\CortexM3\ARM_GCC_541\Debug\4.1_Blink_an_LED.a(USBUART_Dp.o)
 .debug_aranges
                0x000015a0       0xd8 .\CortexM3\ARM_GCC_541\Debug\4.1_Blink_an_LED.a(CyDmac.o)
 .debug_aranges
                0x00001678      0x2a0 .\CortexM3\ARM_GCC_541\Debug\4.1_Blink_an_LED.a(CyLib.o)
 .debug_aranges
                0x00001918       0x98 .\CortexM3\ARM_GCC_541\Debug\4.1_Blink_an_LED.a(cyPm.o)
 .debug_aranges
                0x000019b0       0x20 .\CortexM3\ARM_GCC_541\Debug\4.1_Blink_an_LED.a(ErikaOS_1_ee_gnu_change_context_isr.o)
 .debug_aranges
                0x000019d0       0x20 .\CortexM3\ARM_GCC_541\Debug\4.1_Blink_an_LED.a(ErikaOS_1_ee_gnu_irq_stack.o)
 .debug_aranges
                0x000019f0       0x20 .\CortexM3\ARM_GCC_541\Debug\4.1_Blink_an_LED.a(ErikaOS_1_ee_gnu_multi_context.o)
 .debug_aranges
                0x00001a10       0x20 .\CortexM3\ARM_GCC_541\Debug\4.1_Blink_an_LED.a(ErikaOS_1_ee_gnu_oo.o)
 .debug_aranges
                0x00001a30       0x20 .\CortexM3\ARM_GCC_541\Debug\4.1_Blink_an_LED.a(CyBootAsmGnu.o)
 .debug_aranges
                0x00001a50       0x20 .\CortexM3\ARM_GCC_541\Debug\4.1_Blink_an_LED.a(ErikaOS_1_ee_tnterm.o)
 .debug_aranges
                0x00001a70       0x20 .\CortexM3\ARM_GCC_541\Debug\4.1_Blink_an_LED.a(ErikaOS_1_ee_tstub.o)
 .debug_aranges
                0x00001a90       0x28 .\CortexM3\ARM_GCC_541\Debug\4.1_Blink_an_LED.a(ErikaOS_1_cortex_mx_ee_context.o)
 .debug_aranges
                0x00001ab8       0x20 .\CortexM3\ARM_GCC_541\Debug\4.1_Blink_an_LED.a(USBUART_cls.o)
 .debug_aranges
                0x00001ad8       0x18 .\CortexM3\ARM_GCC_541\Debug\4.1_Blink_an_LED.a(USBUART_descr.o)
 .debug_aranges
                0x00001af0       0x88 .\CortexM3\ARM_GCC_541\Debug\4.1_Blink_an_LED.a(CyFlash.o)
 .debug_aranges
                0x00001b78       0x80 .\CortexM3\ARM_GCC_541\Debug\4.1_Blink_an_LED.a(CySpc.o)
 .debug_aranges
                0x00001bf8       0x30 .\CortexM3\ARM_GCC_541\Debug\4.1_Blink_an_LED.a(ErikaOS_1_ee_thendin.o)

.debug_pubnames
 *(.debug_pubnames)

.debug_info     0x00000000    0x19630
 *(.debug_info .gnu.linkonce.wi.*)
 .debug_info    0x00000000      0x594 .\CortexM3\ARM_GCC_541\Debug\main.o
 .debug_info    0x00000594      0x30e .\CortexM3\ARM_GCC_541\Debug\trcStreamingPort.o
 .debug_info    0x000008a2      0x72c .\CortexM3\ARM_GCC_541\Debug\trcKernelPort.o
 .debug_info    0x00000fce      0x11c .\CortexM3\ARM_GCC_541\Debug\trcSnapshotRecorder.o
 .debug_info    0x000010ea     0x213c .\CortexM3\ARM_GCC_541\Debug\trcStreamingRecorder.o
 .debug_info    0x00003226      0x2f7 .\CortexM3\ARM_GCC_541\Debug\button.o
 .debug_info    0x0000351d      0x2de .\CortexM3\ARM_GCC_541\Debug\joystick.o
 .debug_info    0x000037fb      0x58b .\CortexM3\ARM_GCC_541\Debug\led.o
 .debug_info    0x00003d86      0x4a6 .\CortexM3\ARM_GCC_541\Debug\seven.o
 .debug_info    0x0000422c      0x3b5 .\CortexM3\ARM_GCC_541\Debug\logging.o
 .debug_info    0x000045e1     0x2733 .\CortexM3\ARM_GCC_541\Debug\tft.o
 .debug_info    0x00006d14      0x692 .\CortexM3\ARM_GCC_541\Debug\cyfitter_cfg.o
 .debug_info    0x000073a6      0x139 .\CortexM3\ARM_GCC_541\Debug\cymetadata.o
 .debug_info    0x000074df      0x3cf .\CortexM3\ARM_GCC_541\Debug\Cm3Start.o
 .debug_info    0x000078ae      0x11f .\CortexM3\ARM_GCC_541\Debug\4.1_Blink_an_LED.a(SEVEN_DP.o)
 .debug_info    0x000079cd      0x11f .\CortexM3\ARM_GCC_541\Debug\4.1_Blink_an_LED.a(SEVEN_SELECT.o)
 .debug_info    0x00007aec       0xd6 .\CortexM3\ARM_GCC_541\Debug\4.1_Blink_an_LED.a(SEVEN_reg.o)
 .debug_info    0x00007bc2      0x11f .\CortexM3\ARM_GCC_541\Debug\4.1_Blink_an_LED.a(BUTTON_1.o)
 .debug_info    0x00007ce1      0x2d2 .\CortexM3\ARM_GCC_541\Debug\4.1_Blink_an_LED.a(isr_Button.o)
 .debug_info    0x00007fb3      0x11f .\CortexM3\ARM_GCC_541\Debug\4.1_Blink_an_LED.a(BUTTON_2.o)
 .debug_info    0x000080d2      0x11f .\CortexM3\ARM_GCC_541\Debug\4.1_Blink_an_LED.a(BUTTON_3.o)
 .debug_info    0x000081f1      0x11f .\CortexM3\ARM_GCC_541\Debug\4.1_Blink_an_LED.a(BUTTON_4.o)
 .debug_info    0x00008310      0x11f .\CortexM3\ARM_GCC_541\Debug\4.1_Blink_an_LED.a(LED_red.o)
 .debug_info    0x0000842f      0x11f .\CortexM3\ARM_GCC_541\Debug\4.1_Blink_an_LED.a(LED_yellow.o)
 .debug_info    0x0000854e      0x11f .\CortexM3\ARM_GCC_541\Debug\4.1_Blink_an_LED.a(LED_green.o)
 .debug_info    0x0000866d      0x60c .\CortexM3\ARM_GCC_541\Debug\4.1_Blink_an_LED.a(UART_LOG.o)
 .debug_info    0x00008c79      0x295 .\CortexM3\ARM_GCC_541\Debug\4.1_Blink_an_LED.a(RGB_PWM_red.o)
 .debug_info    0x00008f0e      0x295 .\CortexM3\ARM_GCC_541\Debug\4.1_Blink_an_LED.a(RGB_PWM_green.o)
 .debug_info    0x000091a3      0x295 .\CortexM3\ARM_GCC_541\Debug\4.1_Blink_an_LED.a(RGB_PWM_blue.o)
 .debug_info    0x00009438      0x6f2 .\CortexM3\ARM_GCC_541\Debug\4.1_Blink_an_LED.a(JOYSTICK_ADC_XY.o)
 .debug_info    0x00009b2a       0xa0 .\CortexM3\ARM_GCC_541\Debug\4.1_Blink_an_LED.a(JOYSTICK_ADC_XY_INT.o)
 .debug_info    0x00009bca      0x4bb .\CortexM3\ARM_GCC_541\Debug\4.1_Blink_an_LED.a(TFT_SPI.o)
 .debug_info    0x0000a085      0x11f .\CortexM3\ARM_GCC_541\Debug\4.1_Blink_an_LED.a(TFT_DC.o)
 .debug_info    0x0000a1a4      0x11f .\CortexM3\ARM_GCC_541\Debug\4.1_Blink_an_LED.a(TFT_RES.o)
 .debug_info    0x0000a2c3      0x27e .\CortexM3\ARM_GCC_541\Debug\4.1_Blink_an_LED.a(TFT_BackLight.o)
 .debug_info    0x0000a541      0x80d .\CortexM3\ARM_GCC_541\Debug\4.1_Blink_an_LED.a(ErikaOS_1_ee_activate.o)
 .debug_info    0x0000ad4e      0x671 .\CortexM3\ARM_GCC_541\Debug\4.1_Blink_an_LED.a(ErikaOS_1_ee_alsetrel.o)
 .debug_info    0x0000b3bf      0xcf5 .\CortexM3\ARM_GCC_541\Debug\4.1_Blink_an_LED.a(ErikaOS_1_ee_altick.o)
 .debug_info    0x0000c0b4      0x4a6 .\CortexM3\ARM_GCC_541\Debug\4.1_Blink_an_LED.a(ErikaOS_1_ee_gettaskid.o)
 .debug_info    0x0000c55a      0x6a7 .\CortexM3\ARM_GCC_541\Debug\4.1_Blink_an_LED.a(ErikaOS_1_ee_irqendin.o)
 .debug_info    0x0000cc01      0x3d0 .\CortexM3\ARM_GCC_541\Debug\4.1_Blink_an_LED.a(ErikaOS_1_ee_lookup.o)
 .debug_info    0x0000cfd1      0x46f .\CortexM3\ARM_GCC_541\Debug\4.1_Blink_an_LED.a(ErikaOS_1_ee_rq_exchg.o)
 .debug_info    0x0000d440      0x421 .\CortexM3\ARM_GCC_541\Debug\4.1_Blink_an_LED.a(ErikaOS_1_ee_rq_first.o)
 .debug_info    0x0000d861      0x475 .\CortexM3\ARM_GCC_541\Debug\4.1_Blink_an_LED.a(ErikaOS_1_ee_rq_inser.o)
 .debug_info    0x0000dcd6      0x4f5 .\CortexM3\ARM_GCC_541\Debug\4.1_Blink_an_LED.a(ErikaOS_1_ee_shtdown.o)
 .debug_info    0x0000e1cb      0xbeb .\CortexM3\ARM_GCC_541\Debug\4.1_Blink_an_LED.a(ErikaOS_1_ee_startos.o)
 .debug_info    0x0000edb6      0x589 .\CortexM3\ARM_GCC_541\Debug\4.1_Blink_an_LED.a(ErikaOS_1_ee_terminat.o)
 .debug_info    0x0000f33f      0x4cc .\CortexM3\ARM_GCC_541\Debug\4.1_Blink_an_LED.a(ErikaOS_1_cortex_mx_ee_utils.o)
 .debug_info    0x0000f80b      0x3cb .\CortexM3\ARM_GCC_541\Debug\4.1_Blink_an_LED.a(ErikaOS_1_common_ee_hal_structs.o)
 .debug_info    0x0000fbd6      0x8b4 .\CortexM3\ARM_GCC_541\Debug\4.1_Blink_an_LED.a(ErikaOS_1_eecfg.o)
 .debug_info    0x0001048a      0x993 .\CortexM3\ARM_GCC_541\Debug\4.1_Blink_an_LED.a(USBUART.o)
 .debug_info    0x00010e1d      0xaf7 .\CortexM3\ARM_GCC_541\Debug\4.1_Blink_an_LED.a(USBUART_cdc.o)
 .debug_info    0x00011914      0x655 .\CortexM3\ARM_GCC_541\Debug\4.1_Blink_an_LED.a(USBUART_drv.o)
 .debug_info    0x00011f69      0x254 .\CortexM3\ARM_GCC_541\Debug\4.1_Blink_an_LED.a(USBUART_episr.o)
 .debug_info    0x000121bd      0x2e4 .\CortexM3\ARM_GCC_541\Debug\4.1_Blink_an_LED.a(USBUART_pm.o)
 .debug_info    0x000124a1      0xb26 .\CortexM3\ARM_GCC_541\Debug\4.1_Blink_an_LED.a(USBUART_std.o)
 .debug_info    0x00012fc7       0xed .\CortexM3\ARM_GCC_541\Debug\4.1_Blink_an_LED.a(USBUART_vnd.o)
 .debug_info    0x000130b4      0x283 .\CortexM3\ARM_GCC_541\Debug\4.1_Blink_an_LED.a(UART_LOG_IntClock.o)
 .debug_info    0x00013337      0x544 .\CortexM3\ARM_GCC_541\Debug\4.1_Blink_an_LED.a(JOYSTICK_ADC_XY_SAR.o)
 .debug_info    0x0001387b      0x1a8 .\CortexM3\ARM_GCC_541\Debug\4.1_Blink_an_LED.a(JOYSTICK_ADC_XY_TempBuf_dma.o)
 .debug_info    0x00013a23      0x1aa .\CortexM3\ARM_GCC_541\Debug\4.1_Blink_an_LED.a(JOYSTICK_ADC_XY_FinalBuf_dma.o)
 .debug_info    0x00013bcd      0x2d2 .\CortexM3\ARM_GCC_541\Debug\4.1_Blink_an_LED.a(JOYSTICK_ADC_XY_IRQ.o)
 .debug_info    0x00013e9f      0x283 .\CortexM3\ARM_GCC_541\Debug\4.1_Blink_an_LED.a(TFT_SPI_IntClock.o)
 .debug_info    0x00014122      0x174 .\CortexM3\ARM_GCC_541\Debug\4.1_Blink_an_LED.a(USBUART_Dp.o)
 .debug_info    0x00014296      0x94e .\CortexM3\ARM_GCC_541\Debug\4.1_Blink_an_LED.a(CyDmac.o)
 .debug_info    0x00014be4     0x1374 .\CortexM3\ARM_GCC_541\Debug\4.1_Blink_an_LED.a(CyLib.o)
 .debug_info    0x00015f58      0xa2a .\CortexM3\ARM_GCC_541\Debug\4.1_Blink_an_LED.a(cyPm.o)
 .debug_info    0x00016982      0x117 .\CortexM3\ARM_GCC_541\Debug\4.1_Blink_an_LED.a(ErikaOS_1_ee_gnu_change_context_isr.o)
 .debug_info    0x00016a99      0x10e .\CortexM3\ARM_GCC_541\Debug\4.1_Blink_an_LED.a(ErikaOS_1_ee_gnu_irq_stack.o)
 .debug_info    0x00016ba7      0x112 .\CortexM3\ARM_GCC_541\Debug\4.1_Blink_an_LED.a(ErikaOS_1_ee_gnu_multi_context.o)
 .debug_info    0x00016cb9      0x107 .\CortexM3\ARM_GCC_541\Debug\4.1_Blink_an_LED.a(ErikaOS_1_ee_gnu_oo.o)
 .debug_info    0x00016dc0      0x100 .\CortexM3\ARM_GCC_541\Debug\4.1_Blink_an_LED.a(CyBootAsmGnu.o)
 .debug_info    0x00016ec0      0x43d .\CortexM3\ARM_GCC_541\Debug\4.1_Blink_an_LED.a(ErikaOS_1_ee_tnterm.o)
 .debug_info    0x000172fd      0x559 .\CortexM3\ARM_GCC_541\Debug\4.1_Blink_an_LED.a(ErikaOS_1_ee_tstub.o)
 .debug_info    0x00017856      0x501 .\CortexM3\ARM_GCC_541\Debug\4.1_Blink_an_LED.a(ErikaOS_1_cortex_mx_ee_context.o)
 .debug_info    0x00017d57      0x1de .\CortexM3\ARM_GCC_541\Debug\4.1_Blink_an_LED.a(USBUART_cls.o)
 .debug_info    0x00017f35      0x2a3 .\CortexM3\ARM_GCC_541\Debug\4.1_Blink_an_LED.a(USBUART_descr.o)
 .debug_info    0x000181d8      0x64d .\CortexM3\ARM_GCC_541\Debug\4.1_Blink_an_LED.a(CyFlash.o)
 .debug_info    0x00018825      0x550 .\CortexM3\ARM_GCC_541\Debug\4.1_Blink_an_LED.a(CySpc.o)
 .debug_info    0x00018d75      0x8bb .\CortexM3\ARM_GCC_541\Debug\4.1_Blink_an_LED.a(ErikaOS_1_ee_thendin.o)

.debug_abbrev   0x00000000     0x663f
 *(.debug_abbrev)
 .debug_abbrev  0x00000000      0x21b .\CortexM3\ARM_GCC_541\Debug\main.o
 .debug_abbrev  0x0000021b       0xff .\CortexM3\ARM_GCC_541\Debug\trcStreamingPort.o
 .debug_abbrev  0x0000031a      0x21f .\CortexM3\ARM_GCC_541\Debug\trcKernelPort.o
 .debug_abbrev  0x00000539       0x5c .\CortexM3\ARM_GCC_541\Debug\trcSnapshotRecorder.o
 .debug_abbrev  0x00000595      0x388 .\CortexM3\ARM_GCC_541\Debug\trcStreamingRecorder.o
 .debug_abbrev  0x0000091d      0x11c .\CortexM3\ARM_GCC_541\Debug\button.o
 .debug_abbrev  0x00000a39      0x11e .\CortexM3\ARM_GCC_541\Debug\joystick.o
 .debug_abbrev  0x00000b57      0x1c5 .\CortexM3\ARM_GCC_541\Debug\led.o
 .debug_abbrev  0x00000d1c      0x155 .\CortexM3\ARM_GCC_541\Debug\seven.o
 .debug_abbrev  0x00000e71      0x14a .\CortexM3\ARM_GCC_541\Debug\logging.o
 .debug_abbrev  0x00000fbb      0x2bf .\CortexM3\ARM_GCC_541\Debug\tft.o
 .debug_abbrev  0x0000127a      0x20d .\CortexM3\ARM_GCC_541\Debug\cyfitter_cfg.o
 .debug_abbrev  0x00001487       0x77 .\CortexM3\ARM_GCC_541\Debug\cymetadata.o
 .debug_abbrev  0x000014fe      0x1e8 .\CortexM3\ARM_GCC_541\Debug\Cm3Start.o
 .debug_abbrev  0x000016e6       0x90 .\CortexM3\ARM_GCC_541\Debug\4.1_Blink_an_LED.a(SEVEN_DP.o)
 .debug_abbrev  0x00001776       0x90 .\CortexM3\ARM_GCC_541\Debug\4.1_Blink_an_LED.a(SEVEN_SELECT.o)
 .debug_abbrev  0x00001806       0x81 .\CortexM3\ARM_GCC_541\Debug\4.1_Blink_an_LED.a(SEVEN_reg.o)
 .debug_abbrev  0x00001887       0x90 .\CortexM3\ARM_GCC_541\Debug\4.1_Blink_an_LED.a(BUTTON_1.o)
 .debug_abbrev  0x00001917      0x173 .\CortexM3\ARM_GCC_541\Debug\4.1_Blink_an_LED.a(isr_Button.o)
 .debug_abbrev  0x00001a8a       0x90 .\CortexM3\ARM_GCC_541\Debug\4.1_Blink_an_LED.a(BUTTON_2.o)
 .debug_abbrev  0x00001b1a       0x90 .\CortexM3\ARM_GCC_541\Debug\4.1_Blink_an_LED.a(BUTTON_3.o)
 .debug_abbrev  0x00001baa       0x90 .\CortexM3\ARM_GCC_541\Debug\4.1_Blink_an_LED.a(BUTTON_4.o)
 .debug_abbrev  0x00001c3a       0x90 .\CortexM3\ARM_GCC_541\Debug\4.1_Blink_an_LED.a(LED_red.o)
 .debug_abbrev  0x00001cca       0x90 .\CortexM3\ARM_GCC_541\Debug\4.1_Blink_an_LED.a(LED_yellow.o)
 .debug_abbrev  0x00001d5a       0x90 .\CortexM3\ARM_GCC_541\Debug\4.1_Blink_an_LED.a(LED_green.o)
 .debug_abbrev  0x00001dea      0x175 .\CortexM3\ARM_GCC_541\Debug\4.1_Blink_an_LED.a(UART_LOG.o)
 .debug_abbrev  0x00001f5f      0x12d .\CortexM3\ARM_GCC_541\Debug\4.1_Blink_an_LED.a(RGB_PWM_red.o)
 .debug_abbrev  0x0000208c      0x12d .\CortexM3\ARM_GCC_541\Debug\4.1_Blink_an_LED.a(RGB_PWM_green.o)
 .debug_abbrev  0x000021b9      0x12d .\CortexM3\ARM_GCC_541\Debug\4.1_Blink_an_LED.a(RGB_PWM_blue.o)
 .debug_abbrev  0x000022e6      0x13e .\CortexM3\ARM_GCC_541\Debug\4.1_Blink_an_LED.a(JOYSTICK_ADC_XY.o)
 .debug_abbrev  0x00002424       0x42 .\CortexM3\ARM_GCC_541\Debug\4.1_Blink_an_LED.a(JOYSTICK_ADC_XY_INT.o)
 .debug_abbrev  0x00002466      0x146 .\CortexM3\ARM_GCC_541\Debug\4.1_Blink_an_LED.a(TFT_SPI.o)
 .debug_abbrev  0x000025ac       0x90 .\CortexM3\ARM_GCC_541\Debug\4.1_Blink_an_LED.a(TFT_DC.o)
 .debug_abbrev  0x0000263c       0x90 .\CortexM3\ARM_GCC_541\Debug\4.1_Blink_an_LED.a(TFT_RES.o)
 .debug_abbrev  0x000026cc      0x12d .\CortexM3\ARM_GCC_541\Debug\4.1_Blink_an_LED.a(TFT_BackLight.o)
 .debug_abbrev  0x000027f9      0x284 .\CortexM3\ARM_GCC_541\Debug\4.1_Blink_an_LED.a(ErikaOS_1_ee_activate.o)
 .debug_abbrev  0x00002a7d      0x216 .\CortexM3\ARM_GCC_541\Debug\4.1_Blink_an_LED.a(ErikaOS_1_ee_alsetrel.o)
 .debug_abbrev  0x00002c93      0x38c .\CortexM3\ARM_GCC_541\Debug\4.1_Blink_an_LED.a(ErikaOS_1_ee_altick.o)
 .debug_abbrev  0x0000301f      0x161 .\CortexM3\ARM_GCC_541\Debug\4.1_Blink_an_LED.a(ErikaOS_1_ee_gettaskid.o)
 .debug_abbrev  0x00003180      0x24c .\CortexM3\ARM_GCC_541\Debug\4.1_Blink_an_LED.a(ErikaOS_1_ee_irqendin.o)
 .debug_abbrev  0x000033cc       0xcf .\CortexM3\ARM_GCC_541\Debug\4.1_Blink_an_LED.a(ErikaOS_1_ee_lookup.o)
 .debug_abbrev  0x0000349b       0xfc .\CortexM3\ARM_GCC_541\Debug\4.1_Blink_an_LED.a(ErikaOS_1_ee_rq_exchg.o)
 .debug_abbrev  0x00003597       0xed .\CortexM3\ARM_GCC_541\Debug\4.1_Blink_an_LED.a(ErikaOS_1_ee_rq_first.o)
 .debug_abbrev  0x00003684      0x109 .\CortexM3\ARM_GCC_541\Debug\4.1_Blink_an_LED.a(ErikaOS_1_ee_rq_inser.o)
 .debug_abbrev  0x0000378d      0x193 .\CortexM3\ARM_GCC_541\Debug\4.1_Blink_an_LED.a(ErikaOS_1_ee_shtdown.o)
 .debug_abbrev  0x00003920      0x36f .\CortexM3\ARM_GCC_541\Debug\4.1_Blink_an_LED.a(ErikaOS_1_ee_startos.o)
 .debug_abbrev  0x00003c8f      0x1de .\CortexM3\ARM_GCC_541\Debug\4.1_Blink_an_LED.a(ErikaOS_1_ee_terminat.o)
 .debug_abbrev  0x00003e6d      0x1ad .\CortexM3\ARM_GCC_541\Debug\4.1_Blink_an_LED.a(ErikaOS_1_cortex_mx_ee_utils.o)
 .debug_abbrev  0x0000401a       0xcf .\CortexM3\ARM_GCC_541\Debug\4.1_Blink_an_LED.a(ErikaOS_1_common_ee_hal_structs.o)
 .debug_abbrev  0x000040e9      0x12e .\CortexM3\ARM_GCC_541\Debug\4.1_Blink_an_LED.a(ErikaOS_1_eecfg.o)
 .debug_abbrev  0x00004217      0x215 .\CortexM3\ARM_GCC_541\Debug\4.1_Blink_an_LED.a(USBUART.o)
 .debug_abbrev  0x0000442c      0x245 .\CortexM3\ARM_GCC_541\Debug\4.1_Blink_an_LED.a(USBUART_cdc.o)
 .debug_abbrev  0x00004671      0x189 .\CortexM3\ARM_GCC_541\Debug\4.1_Blink_an_LED.a(USBUART_drv.o)
 .debug_abbrev  0x000047fa      0x11b .\CortexM3\ARM_GCC_541\Debug\4.1_Blink_an_LED.a(USBUART_episr.o)
 .debug_abbrev  0x00004915      0x108 .\CortexM3\ARM_GCC_541\Debug\4.1_Blink_an_LED.a(USBUART_pm.o)
 .debug_abbrev  0x00004a1d      0x20a .\CortexM3\ARM_GCC_541\Debug\4.1_Blink_an_LED.a(USBUART_std.o)
 .debug_abbrev  0x00004c27       0x9b .\CortexM3\ARM_GCC_541\Debug\4.1_Blink_an_LED.a(USBUART_vnd.o)
 .debug_abbrev  0x00004cc2      0x139 .\CortexM3\ARM_GCC_541\Debug\4.1_Blink_an_LED.a(UART_LOG_IntClock.o)
 .debug_abbrev  0x00004dfb      0x1ac .\CortexM3\ARM_GCC_541\Debug\4.1_Blink_an_LED.a(JOYSTICK_ADC_XY_SAR.o)
 .debug_abbrev  0x00004fa7       0xcd .\CortexM3\ARM_GCC_541\Debug\4.1_Blink_an_LED.a(JOYSTICK_ADC_XY_TempBuf_dma.o)
 .debug_abbrev  0x00005074       0xcd .\CortexM3\ARM_GCC_541\Debug\4.1_Blink_an_LED.a(JOYSTICK_ADC_XY_FinalBuf_dma.o)
 .debug_abbrev  0x00005141      0x173 .\CortexM3\ARM_GCC_541\Debug\4.1_Blink_an_LED.a(JOYSTICK_ADC_XY_IRQ.o)
 .debug_abbrev  0x000052b4      0x139 .\CortexM3\ARM_GCC_541\Debug\4.1_Blink_an_LED.a(TFT_SPI_IntClock.o)
 .debug_abbrev  0x000053ed       0x90 .\CortexM3\ARM_GCC_541\Debug\4.1_Blink_an_LED.a(USBUART_Dp.o)
 .debug_abbrev  0x0000547d      0x1b2 .\CortexM3\ARM_GCC_541\Debug\4.1_Blink_an_LED.a(CyDmac.o)
 .debug_abbrev  0x0000562f      0x254 .\CortexM3\ARM_GCC_541\Debug\4.1_Blink_an_LED.a(CyLib.o)
 .debug_abbrev  0x00005883      0x1ab .\CortexM3\ARM_GCC_541\Debug\4.1_Blink_an_LED.a(cyPm.o)
 .debug_abbrev  0x00005a2e       0x14 .\CortexM3\ARM_GCC_541\Debug\4.1_Blink_an_LED.a(ErikaOS_1_ee_gnu_change_context_isr.o)
 .debug_abbrev  0x00005a42       0x14 .\CortexM3\ARM_GCC_541\Debug\4.1_Blink_an_LED.a(ErikaOS_1_ee_gnu_irq_stack.o)
 .debug_abbrev  0x00005a56       0x14 .\CortexM3\ARM_GCC_541\Debug\4.1_Blink_an_LED.a(ErikaOS_1_ee_gnu_multi_context.o)
 .debug_abbrev  0x00005a6a       0x14 .\CortexM3\ARM_GCC_541\Debug\4.1_Blink_an_LED.a(ErikaOS_1_ee_gnu_oo.o)
 .debug_abbrev  0x00005a7e       0x14 .\CortexM3\ARM_GCC_541\Debug\4.1_Blink_an_LED.a(CyBootAsmGnu.o)
 .debug_abbrev  0x00005a92      0x157 .\CortexM3\ARM_GCC_541\Debug\4.1_Blink_an_LED.a(ErikaOS_1_ee_tnterm.o)
 .debug_abbrev  0x00005be9      0x1ae .\CortexM3\ARM_GCC_541\Debug\4.1_Blink_an_LED.a(ErikaOS_1_ee_tstub.o)
 .debug_abbrev  0x00005d97      0x156 .\CortexM3\ARM_GCC_541\Debug\4.1_Blink_an_LED.a(ErikaOS_1_cortex_mx_ee_context.o)
 .debug_abbrev  0x00005eed       0xe1 .\CortexM3\ARM_GCC_541\Debug\4.1_Blink_an_LED.a(USBUART_cls.o)
 .debug_abbrev  0x00005fce       0xb4 .\CortexM3\ARM_GCC_541\Debug\4.1_Blink_an_LED.a(USBUART_descr.o)
 .debug_abbrev  0x00006082      0x1a7 .\CortexM3\ARM_GCC_541\Debug\4.1_Blink_an_LED.a(CyFlash.o)
 .debug_abbrev  0x00006229      0x194 .\CortexM3\ARM_GCC_541\Debug\4.1_Blink_an_LED.a(CySpc.o)
 .debug_abbrev  0x000063bd      0x282 .\CortexM3\ARM_GCC_541\Debug\4.1_Blink_an_LED.a(ErikaOS_1_ee_thendin.o)

.debug_line     0x00000000     0x9ac0
 *(.debug_line)
 .debug_line    0x00000000      0x422 .\CortexM3\ARM_GCC_541\Debug\main.o
 .debug_line    0x00000422      0x290 .\CortexM3\ARM_GCC_541\Debug\trcStreamingPort.o
 .debug_line    0x000006b2      0x3fd .\CortexM3\ARM_GCC_541\Debug\trcKernelPort.o
 .debug_line    0x00000aaf      0x1ed .\CortexM3\ARM_GCC_541\Debug\trcSnapshotRecorder.o
 .debug_line    0x00000c9c      0xae7 .\CortexM3\ARM_GCC_541\Debug\trcStreamingRecorder.o
 .debug_line    0x00001783      0x2bc .\CortexM3\ARM_GCC_541\Debug\button.o
 .debug_line    0x00001a3f      0x265 .\CortexM3\ARM_GCC_541\Debug\joystick.o
 .debug_line    0x00001ca4      0x372 .\CortexM3\ARM_GCC_541\Debug\led.o
 .debug_line    0x00002016      0x2e4 .\CortexM3\ARM_GCC_541\Debug\seven.o
 .debug_line    0x000022fa      0x26b .\CortexM3\ARM_GCC_541\Debug\logging.o
 .debug_line    0x00002565      0x8c7 .\CortexM3\ARM_GCC_541\Debug\tft.o
 .debug_line    0x00002e2c      0x209 .\CortexM3\ARM_GCC_541\Debug\cyfitter_cfg.o
 .debug_line    0x00003035      0x141 .\CortexM3\ARM_GCC_541\Debug\cymetadata.o
 .debug_line    0x00003176      0x241 .\CortexM3\ARM_GCC_541\Debug\Cm3Start.o
 .debug_line    0x000033b7       0x95 .\CortexM3\ARM_GCC_541\Debug\4.1_Blink_an_LED.a(SEVEN_DP.o)
 .debug_line    0x0000344c       0x99 .\CortexM3\ARM_GCC_541\Debug\4.1_Blink_an_LED.a(SEVEN_SELECT.o)
 .debug_line    0x000034e5       0x71 .\CortexM3\ARM_GCC_541\Debug\4.1_Blink_an_LED.a(SEVEN_reg.o)
 .debug_line    0x00003556       0x95 .\CortexM3\ARM_GCC_541\Debug\4.1_Blink_an_LED.a(BUTTON_1.o)
 .debug_line    0x000035eb      0x137 .\CortexM3\ARM_GCC_541\Debug\4.1_Blink_an_LED.a(isr_Button.o)
 .debug_line    0x00003722       0x95 .\CortexM3\ARM_GCC_541\Debug\4.1_Blink_an_LED.a(BUTTON_2.o)
 .debug_line    0x000037b7       0x95 .\CortexM3\ARM_GCC_541\Debug\4.1_Blink_an_LED.a(BUTTON_3.o)
 .debug_line    0x0000384c       0x95 .\CortexM3\ARM_GCC_541\Debug\4.1_Blink_an_LED.a(BUTTON_4.o)
 .debug_line    0x000038e1       0x94 .\CortexM3\ARM_GCC_541\Debug\4.1_Blink_an_LED.a(LED_red.o)
 .debug_line    0x00003975       0x97 .\CortexM3\ARM_GCC_541\Debug\4.1_Blink_an_LED.a(LED_yellow.o)
 .debug_line    0x00003a0c       0x96 .\CortexM3\ARM_GCC_541\Debug\4.1_Blink_an_LED.a(LED_green.o)
 .debug_line    0x00003aa2      0x2c4 .\CortexM3\ARM_GCC_541\Debug\4.1_Blink_an_LED.a(UART_LOG.o)
 .debug_line    0x00003d66      0x143 .\CortexM3\ARM_GCC_541\Debug\4.1_Blink_an_LED.a(RGB_PWM_red.o)
 .debug_line    0x00003ea9      0x145 .\CortexM3\ARM_GCC_541\Debug\4.1_Blink_an_LED.a(RGB_PWM_green.o)
 .debug_line    0x00003fee      0x144 .\CortexM3\ARM_GCC_541\Debug\4.1_Blink_an_LED.a(RGB_PWM_blue.o)
 .debug_line    0x00004132      0x23e .\CortexM3\ARM_GCC_541\Debug\4.1_Blink_an_LED.a(JOYSTICK_ADC_XY.o)
 .debug_line    0x00004370       0x5c .\CortexM3\ARM_GCC_541\Debug\4.1_Blink_an_LED.a(JOYSTICK_ADC_XY_INT.o)
 .debug_line    0x000043cc      0x249 .\CortexM3\ARM_GCC_541\Debug\4.1_Blink_an_LED.a(TFT_SPI.o)
 .debug_line    0x00004615       0x93 .\CortexM3\ARM_GCC_541\Debug\4.1_Blink_an_LED.a(TFT_DC.o)
 .debug_line    0x000046a8       0x94 .\CortexM3\ARM_GCC_541\Debug\4.1_Blink_an_LED.a(TFT_RES.o)
 .debug_line    0x0000473c      0x13b .\CortexM3\ARM_GCC_541\Debug\4.1_Blink_an_LED.a(TFT_BackLight.o)
 .debug_line    0x00004877      0x1fa .\CortexM3\ARM_GCC_541\Debug\4.1_Blink_an_LED.a(ErikaOS_1_ee_activate.o)
 .debug_line    0x00004a71      0x2df .\CortexM3\ARM_GCC_541\Debug\4.1_Blink_an_LED.a(ErikaOS_1_ee_alsetrel.o)
 .debug_line    0x00004d50      0x413 .\CortexM3\ARM_GCC_541\Debug\4.1_Blink_an_LED.a(ErikaOS_1_ee_altick.o)
 .debug_line    0x00005163      0x161 .\CortexM3\ARM_GCC_541\Debug\4.1_Blink_an_LED.a(ErikaOS_1_ee_gettaskid.o)
 .debug_line    0x000052c4      0x2c3 .\CortexM3\ARM_GCC_541\Debug\4.1_Blink_an_LED.a(ErikaOS_1_ee_irqendin.o)
 .debug_line    0x00005587      0x119 .\CortexM3\ARM_GCC_541\Debug\4.1_Blink_an_LED.a(ErikaOS_1_ee_lookup.o)
 .debug_line    0x000056a0      0x15b .\CortexM3\ARM_GCC_541\Debug\4.1_Blink_an_LED.a(ErikaOS_1_ee_rq_exchg.o)
 .debug_line    0x000057fb      0x152 .\CortexM3\ARM_GCC_541\Debug\4.1_Blink_an_LED.a(ErikaOS_1_ee_rq_first.o)
 .debug_line    0x0000594d      0x156 .\CortexM3\ARM_GCC_541\Debug\4.1_Blink_an_LED.a(ErikaOS_1_ee_rq_inser.o)
 .debug_line    0x00005aa3      0x179 .\CortexM3\ARM_GCC_541\Debug\4.1_Blink_an_LED.a(ErikaOS_1_ee_shtdown.o)
 .debug_line    0x00005c1c      0x380 .\CortexM3\ARM_GCC_541\Debug\4.1_Blink_an_LED.a(ErikaOS_1_ee_startos.o)
 .debug_line    0x00005f9c      0x1c0 .\CortexM3\ARM_GCC_541\Debug\4.1_Blink_an_LED.a(ErikaOS_1_ee_terminat.o)
 .debug_line    0x0000615c      0x166 .\CortexM3\ARM_GCC_541\Debug\4.1_Blink_an_LED.a(ErikaOS_1_cortex_mx_ee_utils.o)
 .debug_line    0x000062c2       0xf9 .\CortexM3\ARM_GCC_541\Debug\4.1_Blink_an_LED.a(ErikaOS_1_common_ee_hal_structs.o)
 .debug_line    0x000063bb      0x13c .\CortexM3\ARM_GCC_541\Debug\4.1_Blink_an_LED.a(ErikaOS_1_eecfg.o)
 .debug_line    0x000064f7      0x2dc .\CortexM3\ARM_GCC_541\Debug\4.1_Blink_an_LED.a(USBUART.o)
 .debug_line    0x000067d3      0x2f2 .\CortexM3\ARM_GCC_541\Debug\4.1_Blink_an_LED.a(USBUART_cdc.o)
 .debug_line    0x00006ac5      0x221 .\CortexM3\ARM_GCC_541\Debug\4.1_Blink_an_LED.a(USBUART_drv.o)
 .debug_line    0x00006ce6       0xe6 .\CortexM3\ARM_GCC_541\Debug\4.1_Blink_an_LED.a(USBUART_episr.o)
 .debug_line    0x00006dcc      0x10e .\CortexM3\ARM_GCC_541\Debug\4.1_Blink_an_LED.a(USBUART_pm.o)
 .debug_line    0x00006eda      0x3e2 .\CortexM3\ARM_GCC_541\Debug\4.1_Blink_an_LED.a(USBUART_std.o)
 .debug_line    0x000072bc       0x73 .\CortexM3\ARM_GCC_541\Debug\4.1_Blink_an_LED.a(USBUART_vnd.o)
 .debug_line    0x0000732f      0x180 .\CortexM3\ARM_GCC_541\Debug\4.1_Blink_an_LED.a(UART_LOG_IntClock.o)
 .debug_line    0x000074af      0x20f .\CortexM3\ARM_GCC_541\Debug\4.1_Blink_an_LED.a(JOYSTICK_ADC_XY_SAR.o)
 .debug_line    0x000076be       0x94 .\CortexM3\ARM_GCC_541\Debug\4.1_Blink_an_LED.a(JOYSTICK_ADC_XY_TempBuf_dma.o)
 .debug_line    0x00007752       0x95 .\CortexM3\ARM_GCC_541\Debug\4.1_Blink_an_LED.a(JOYSTICK_ADC_XY_FinalBuf_dma.o)
 .debug_line    0x000077e7      0x140 .\CortexM3\ARM_GCC_541\Debug\4.1_Blink_an_LED.a(JOYSTICK_ADC_XY_IRQ.o)
 .debug_line    0x00007927      0x17f .\CortexM3\ARM_GCC_541\Debug\4.1_Blink_an_LED.a(TFT_SPI_IntClock.o)
 .debug_line    0x00007aa6       0xbb .\CortexM3\ARM_GCC_541\Debug\4.1_Blink_an_LED.a(USBUART_Dp.o)
 .debug_line    0x00007b61      0x2e4 .\CortexM3\ARM_GCC_541\Debug\4.1_Blink_an_LED.a(CyDmac.o)
 .debug_line    0x00007e45      0x816 .\CortexM3\ARM_GCC_541\Debug\4.1_Blink_an_LED.a(CyLib.o)
 .debug_line    0x0000865b      0x367 .\CortexM3\ARM_GCC_541\Debug\4.1_Blink_an_LED.a(cyPm.o)
 .debug_line    0x000089c2       0xae .\CortexM3\ARM_GCC_541\Debug\4.1_Blink_an_LED.a(ErikaOS_1_ee_gnu_change_context_isr.o)
 .debug_line    0x00008a70       0x74 .\CortexM3\ARM_GCC_541\Debug\4.1_Blink_an_LED.a(ErikaOS_1_ee_gnu_irq_stack.o)
 .debug_line    0x00008ae4       0x9d .\CortexM3\ARM_GCC_541\Debug\4.1_Blink_an_LED.a(ErikaOS_1_ee_gnu_multi_context.o)
 .debug_line    0x00008b81       0x99 .\CortexM3\ARM_GCC_541\Debug\4.1_Blink_an_LED.a(ErikaOS_1_ee_gnu_oo.o)
 .debug_line    0x00008c1a       0x66 .\CortexM3\ARM_GCC_541\Debug\4.1_Blink_an_LED.a(CyBootAsmGnu.o)
 .debug_line    0x00008c80      0x17b .\CortexM3\ARM_GCC_541\Debug\4.1_Blink_an_LED.a(ErikaOS_1_ee_tnterm.o)
 .debug_line    0x00008dfb      0x293 .\CortexM3\ARM_GCC_541\Debug\4.1_Blink_an_LED.a(ErikaOS_1_ee_tstub.o)
 .debug_line    0x0000908e      0x1ac .\CortexM3\ARM_GCC_541\Debug\4.1_Blink_an_LED.a(ErikaOS_1_cortex_mx_ee_context.o)
 .debug_line    0x0000923a       0x95 .\CortexM3\ARM_GCC_541\Debug\4.1_Blink_an_LED.a(USBUART_cls.o)
 .debug_line    0x000092cf       0x61 .\CortexM3\ARM_GCC_541\Debug\4.1_Blink_an_LED.a(USBUART_descr.o)
 .debug_line    0x00009330      0x21a .\CortexM3\ARM_GCC_541\Debug\4.1_Blink_an_LED.a(CyFlash.o)
 .debug_line    0x0000954a      0x260 .\CortexM3\ARM_GCC_541\Debug\4.1_Blink_an_LED.a(CySpc.o)
 .debug_line    0x000097aa      0x316 .\CortexM3\ARM_GCC_541\Debug\4.1_Blink_an_LED.a(ErikaOS_1_ee_thendin.o)

.debug_frame    0x00000000     0x436c
 *(.debug_frame)
 .debug_frame   0x00000000       0xdc .\CortexM3\ARM_GCC_541\Debug\main.o
 .debug_frame   0x000000dc       0x6c .\CortexM3\ARM_GCC_541\Debug\trcStreamingPort.o
 .debug_frame   0x00000148      0x128 .\CortexM3\ARM_GCC_541\Debug\trcKernelPort.o
 .debug_frame   0x00000270      0x614 .\CortexM3\ARM_GCC_541\Debug\trcStreamingRecorder.o
 .debug_frame   0x00000884       0x4c .\CortexM3\ARM_GCC_541\Debug\button.o
 .debug_frame   0x000008d0       0x4c .\CortexM3\ARM_GCC_541\Debug\joystick.o
 .debug_frame   0x0000091c       0x8c .\CortexM3\ARM_GCC_541\Debug\led.o
 .debug_frame   0x000009a8       0xcc .\CortexM3\ARM_GCC_541\Debug\seven.o
 .debug_frame   0x00000a74       0x48 .\CortexM3\ARM_GCC_541\Debug\logging.o
 .debug_frame   0x00000abc      0x5bc .\CortexM3\ARM_GCC_541\Debug\tft.o
 .debug_frame   0x00001078       0xfc .\CortexM3\ARM_GCC_541\Debug\cyfitter_cfg.o
 .debug_frame   0x00001174       0xb8 .\CortexM3\ARM_GCC_541\Debug\Cm3Start.o
 .debug_frame   0x0000122c       0x50 .\CortexM3\ARM_GCC_541\Debug\4.1_Blink_an_LED.a(SEVEN_DP.o)
 .debug_frame   0x0000127c       0x50 .\CortexM3\ARM_GCC_541\Debug\4.1_Blink_an_LED.a(SEVEN_SELECT.o)
 .debug_frame   0x000012cc       0x30 .\CortexM3\ARM_GCC_541\Debug\4.1_Blink_an_LED.a(SEVEN_reg.o)
 .debug_frame   0x000012fc       0x50 .\CortexM3\ARM_GCC_541\Debug\4.1_Blink_an_LED.a(BUTTON_1.o)
 .debug_frame   0x0000134c      0x104 .\CortexM3\ARM_GCC_541\Debug\4.1_Blink_an_LED.a(isr_Button.o)
 .debug_frame   0x00001450       0x50 .\CortexM3\ARM_GCC_541\Debug\4.1_Blink_an_LED.a(BUTTON_2.o)
 .debug_frame   0x000014a0       0x50 .\CortexM3\ARM_GCC_541\Debug\4.1_Blink_an_LED.a(BUTTON_3.o)
 .debug_frame   0x000014f0       0x50 .\CortexM3\ARM_GCC_541\Debug\4.1_Blink_an_LED.a(BUTTON_4.o)
 .debug_frame   0x00001540       0x50 .\CortexM3\ARM_GCC_541\Debug\4.1_Blink_an_LED.a(LED_red.o)
 .debug_frame   0x00001590       0x50 .\CortexM3\ARM_GCC_541\Debug\4.1_Blink_an_LED.a(LED_yellow.o)
 .debug_frame   0x000015e0       0x50 .\CortexM3\ARM_GCC_541\Debug\4.1_Blink_an_LED.a(LED_green.o)
 .debug_frame   0x00001630      0x250 .\CortexM3\ARM_GCC_541\Debug\4.1_Blink_an_LED.a(UART_LOG.o)
 .debug_frame   0x00001880       0xf8 .\CortexM3\ARM_GCC_541\Debug\4.1_Blink_an_LED.a(RGB_PWM_red.o)
 .debug_frame   0x00001978       0xf8 .\CortexM3\ARM_GCC_541\Debug\4.1_Blink_an_LED.a(RGB_PWM_green.o)
 .debug_frame   0x00001a70       0xf8 .\CortexM3\ARM_GCC_541\Debug\4.1_Blink_an_LED.a(RGB_PWM_blue.o)
 .debug_frame   0x00001b68      0x1dc .\CortexM3\ARM_GCC_541\Debug\4.1_Blink_an_LED.a(JOYSTICK_ADC_XY.o)
 .debug_frame   0x00001d44       0x20 .\CortexM3\ARM_GCC_541\Debug\4.1_Blink_an_LED.a(JOYSTICK_ADC_XY_INT.o)
 .debug_frame   0x00001d64      0x1e8 .\CortexM3\ARM_GCC_541\Debug\4.1_Blink_an_LED.a(TFT_SPI.o)
 .debug_frame   0x00001f4c       0x50 .\CortexM3\ARM_GCC_541\Debug\4.1_Blink_an_LED.a(TFT_DC.o)
 .debug_frame   0x00001f9c       0x50 .\CortexM3\ARM_GCC_541\Debug\4.1_Blink_an_LED.a(TFT_RES.o)
 .debug_frame   0x00001fec       0xe8 .\CortexM3\ARM_GCC_541\Debug\4.1_Blink_an_LED.a(TFT_BackLight.o)
 .debug_frame   0x000020d4       0x30 .\CortexM3\ARM_GCC_541\Debug\4.1_Blink_an_LED.a(ErikaOS_1_ee_activate.o)
 .debug_frame   0x00002104       0x38 .\CortexM3\ARM_GCC_541\Debug\4.1_Blink_an_LED.a(ErikaOS_1_ee_alsetrel.o)
 .debug_frame   0x0000213c      0x10c .\CortexM3\ARM_GCC_541\Debug\4.1_Blink_an_LED.a(ErikaOS_1_ee_altick.o)
 .debug_frame   0x00002248       0x20 .\CortexM3\ARM_GCC_541\Debug\4.1_Blink_an_LED.a(ErikaOS_1_ee_gettaskid.o)
 .debug_frame   0x00002268       0x5c .\CortexM3\ARM_GCC_541\Debug\4.1_Blink_an_LED.a(ErikaOS_1_ee_irqendin.o)
 .debug_frame   0x000022c4       0x3c .\CortexM3\ARM_GCC_541\Debug\4.1_Blink_an_LED.a(ErikaOS_1_ee_rq_exchg.o)
 .debug_frame   0x00002300       0x20 .\CortexM3\ARM_GCC_541\Debug\4.1_Blink_an_LED.a(ErikaOS_1_ee_rq_first.o)
 .debug_frame   0x00002320       0x30 .\CortexM3\ARM_GCC_541\Debug\4.1_Blink_an_LED.a(ErikaOS_1_ee_rq_inser.o)
 .debug_frame   0x00002350       0x58 .\CortexM3\ARM_GCC_541\Debug\4.1_Blink_an_LED.a(ErikaOS_1_ee_shtdown.o)
 .debug_frame   0x000023a8       0xb8 .\CortexM3\ARM_GCC_541\Debug\4.1_Blink_an_LED.a(ErikaOS_1_ee_startos.o)
 .debug_frame   0x00002460       0x2c .\CortexM3\ARM_GCC_541\Debug\4.1_Blink_an_LED.a(ErikaOS_1_ee_terminat.o)
 .debug_frame   0x0000248c       0x2c .\CortexM3\ARM_GCC_541\Debug\4.1_Blink_an_LED.a(ErikaOS_1_cortex_mx_ee_utils.o)
 .debug_frame   0x000024b8      0x1dc .\CortexM3\ARM_GCC_541\Debug\4.1_Blink_an_LED.a(USBUART.o)
 .debug_frame   0x00002694      0x27c .\CortexM3\ARM_GCC_541\Debug\4.1_Blink_an_LED.a(USBUART_cdc.o)
 .debug_frame   0x00002910      0x194 .\CortexM3\ARM_GCC_541\Debug\4.1_Blink_an_LED.a(USBUART_drv.o)
 .debug_frame   0x00002aa4       0x6c .\CortexM3\ARM_GCC_541\Debug\4.1_Blink_an_LED.a(USBUART_episr.o)
 .debug_frame   0x00002b10       0xa0 .\CortexM3\ARM_GCC_541\Debug\4.1_Blink_an_LED.a(USBUART_pm.o)
 .debug_frame   0x00002bb0      0x17c .\CortexM3\ARM_GCC_541\Debug\4.1_Blink_an_LED.a(USBUART_std.o)
 .debug_frame   0x00002d2c       0x20 .\CortexM3\ARM_GCC_541\Debug\4.1_Blink_an_LED.a(USBUART_vnd.o)
 .debug_frame   0x00002d4c       0xe0 .\CortexM3\ARM_GCC_541\Debug\4.1_Blink_an_LED.a(UART_LOG_IntClock.o)
 .debug_frame   0x00002e2c      0x1b0 .\CortexM3\ARM_GCC_541\Debug\4.1_Blink_an_LED.a(JOYSTICK_ADC_XY_SAR.o)
 .debug_frame   0x00002fdc       0x54 .\CortexM3\ARM_GCC_541\Debug\4.1_Blink_an_LED.a(JOYSTICK_ADC_XY_TempBuf_dma.o)
 .debug_frame   0x00003030       0x54 .\CortexM3\ARM_GCC_541\Debug\4.1_Blink_an_LED.a(JOYSTICK_ADC_XY_FinalBuf_dma.o)
 .debug_frame   0x00003084      0x104 .\CortexM3\ARM_GCC_541\Debug\4.1_Blink_an_LED.a(JOYSTICK_ADC_XY_IRQ.o)
 .debug_frame   0x00003188       0xe0 .\CortexM3\ARM_GCC_541\Debug\4.1_Blink_an_LED.a(TFT_SPI_IntClock.o)
 .debug_frame   0x00003268       0x70 .\CortexM3\ARM_GCC_541\Debug\4.1_Blink_an_LED.a(USBUART_Dp.o)
 .debug_frame   0x000032d8      0x1f8 .\CortexM3\ARM_GCC_541\Debug\4.1_Blink_an_LED.a(CyDmac.o)
 .debug_frame   0x000034d0      0x738 .\CortexM3\ARM_GCC_541\Debug\4.1_Blink_an_LED.a(CyLib.o)
 .debug_frame   0x00003c08      0x1f8 .\CortexM3\ARM_GCC_541\Debug\4.1_Blink_an_LED.a(cyPm.o)
 .debug_frame   0x00003e00       0x2c .\CortexM3\ARM_GCC_541\Debug\4.1_Blink_an_LED.a(ErikaOS_1_ee_tnterm.o)
 .debug_frame   0x00003e2c       0x2c .\CortexM3\ARM_GCC_541\Debug\4.1_Blink_an_LED.a(ErikaOS_1_ee_tstub.o)
 .debug_frame   0x00003e58       0x3c .\CortexM3\ARM_GCC_541\Debug\4.1_Blink_an_LED.a(ErikaOS_1_cortex_mx_ee_context.o)
 .debug_frame   0x00003e94       0x2c .\CortexM3\ARM_GCC_541\Debug\4.1_Blink_an_LED.a(USBUART_cls.o)
 .debug_frame   0x00003ec0      0x194 .\CortexM3\ARM_GCC_541\Debug\4.1_Blink_an_LED.a(CyFlash.o)
 .debug_frame   0x00004054      0x180 .\CortexM3\ARM_GCC_541\Debug\4.1_Blink_an_LED.a(CySpc.o)
 .debug_frame   0x000041d4       0x60 .\CortexM3\ARM_GCC_541\Debug\4.1_Blink_an_LED.a(ErikaOS_1_ee_thendin.o)
 .debug_frame   0x00004234       0x44 c:/program files (x86)/cypress/psoc creator/4.4/psoc creator/import/gnu/arm/5.4.1/bin/../lib/gcc/arm-none-eabi/5.4.1/armv7-m\libgcc.a(_aeabi_ldivmod.o)
 .debug_frame   0x00004278       0x38 c:/program files (x86)/cypress/psoc creator/4.4/psoc creator/import/gnu/arm/5.4.1/bin/../lib/gcc/arm-none-eabi/5.4.1/armv7-m\libgcc.a(_udivmoddi4.o)
 .debug_frame   0x000042b0       0x20 c:/program files (x86)/cypress/psoc creator/4.4/psoc creator/import/gnu/arm/5.4.1/bin/../lib/gcc/arm-none-eabi/5.4.1/../../../../arm-none-eabi/lib/armv7-m\libg_nano.a(lib_a-errno.o)
 .debug_frame   0x000042d0       0x28 c:/program files (x86)/cypress/psoc creator/4.4/psoc creator/import/gnu/arm/5.4.1/bin/../lib/gcc/arm-none-eabi/5.4.1/../../../../arm-none-eabi/lib/armv7-m\libg_nano.a(lib_a-exit.o)
 .debug_frame   0x000042f8       0x2c c:/program files (x86)/cypress/psoc creator/4.4/psoc creator/import/gnu/arm/5.4.1/bin/../lib/gcc/arm-none-eabi/5.4.1/../../../../arm-none-eabi/lib/armv7-m\libg_nano.a(lib_a-init.o)
 .debug_frame   0x00004324       0x28 c:/program files (x86)/cypress/psoc creator/4.4/psoc creator/import/gnu/arm/5.4.1/bin/../lib/gcc/arm-none-eabi/5.4.1/../../../../arm-none-eabi/lib/armv7-m\libg_nano.a(lib_a-memcpy-stub.o)
 .debug_frame   0x0000434c       0x20 c:/program files (x86)/cypress/psoc creator/4.4/psoc creator/import/gnu/arm/5.4.1/bin/../lib/gcc/arm-none-eabi/5.4.1/../../../../arm-none-eabi/lib/armv7-m\libg_nano.a(lib_a-memset.o)

.debug_str      0x00000000     0x7286
 *(.debug_str)
 .debug_str     0x00000000      0x582 .\CortexM3\ARM_GCC_541\Debug\main.o
                                0x5e6 (size before relaxing)
 .debug_str     0x00000582      0x127 .\CortexM3\ARM_GCC_541\Debug\trcStreamingPort.o
                                0x3e3 (size before relaxing)
 .debug_str     0x000006a9      0x33c .\CortexM3\ARM_GCC_541\Debug\trcKernelPort.o
                                0x657 (size before relaxing)
 .debug_str     0x000009e5       0x2f .\CortexM3\ARM_GCC_541\Debug\trcSnapshotRecorder.o
                                0x2d5 (size before relaxing)
 .debug_str     0x00000a14      0x831 .\CortexM3\ARM_GCC_541\Debug\trcStreamingRecorder.o
                                0xd66 (size before relaxing)
 .debug_str     0x00001245      0x2a9 .\CortexM3\ARM_GCC_541\Debug\button.o
                                0x55e (size before relaxing)
 .debug_str     0x000014ee       0xc4 .\CortexM3\ARM_GCC_541\Debug\joystick.o
                                0x54c (size before relaxing)
 .debug_str     0x000015b2      0x176 .\CortexM3\ARM_GCC_541\Debug\led.o
                                0x63b (size before relaxing)
 .debug_str     0x00001728       0xef .\CortexM3\ARM_GCC_541\Debug\seven.o
                                0x58b (size before relaxing)
 .debug_str     0x00001817       0xa3 .\CortexM3\ARM_GCC_541\Debug\logging.o
                                0x54f (size before relaxing)
 .debug_str     0x000018ba      0x7fd .\CortexM3\ARM_GCC_541\Debug\tft.o
                                0xd88 (size before relaxing)
 .debug_str     0x000020b7      0x1a2 .\CortexM3\ARM_GCC_541\Debug\cyfitter_cfg.o
                                0x3be (size before relaxing)
 .debug_str     0x00002259       0x75 .\CortexM3\ARM_GCC_541\Debug\cymetadata.o
                                0x254 (size before relaxing)
 .debug_str     0x000022ce      0x142 .\CortexM3\ARM_GCC_541\Debug\Cm3Start.o
                                0x38a (size before relaxing)
 .debug_str     0x00002410       0x6b .\CortexM3\ARM_GCC_541\Debug\4.1_Blink_an_LED.a(SEVEN_DP.o)
                                0x261 (size before relaxing)
 .debug_str     0x0000247b       0x6b .\CortexM3\ARM_GCC_541\Debug\4.1_Blink_an_LED.a(SEVEN_SELECT.o)
                                0x275 (size before relaxing)
 .debug_str     0x000024e6       0x3a .\CortexM3\ARM_GCC_541\Debug\4.1_Blink_an_LED.a(SEVEN_reg.o)
                                0x22b (size before relaxing)
 .debug_str     0x00002520       0x5c .\CortexM3\ARM_GCC_541\Debug\4.1_Blink_an_LED.a(BUTTON_1.o)
                                0x261 (size before relaxing)
 .debug_str     0x0000257c      0x128 .\CortexM3\ARM_GCC_541\Debug\4.1_Blink_an_LED.a(isr_Button.o)
                                0x35c (size before relaxing)
 .debug_str     0x000026a4       0x5c .\CortexM3\ARM_GCC_541\Debug\4.1_Blink_an_LED.a(BUTTON_2.o)
                                0x261 (size before relaxing)
 .debug_str     0x00002700       0x5c .\CortexM3\ARM_GCC_541\Debug\4.1_Blink_an_LED.a(BUTTON_3.o)
                                0x261 (size before relaxing)
 .debug_str     0x0000275c       0x5c .\CortexM3\ARM_GCC_541\Debug\4.1_Blink_an_LED.a(BUTTON_4.o)
                                0x261 (size before relaxing)
 .debug_str     0x000027b8       0x57 .\CortexM3\ARM_GCC_541\Debug\4.1_Blink_an_LED.a(LED_red.o)
                                0x25c (size before relaxing)
 .debug_str     0x0000280f       0x63 .\CortexM3\ARM_GCC_541\Debug\4.1_Blink_an_LED.a(LED_yellow.o)
                                0x26b (size before relaxing)
 .debug_str     0x00002872       0x5f .\CortexM3\ARM_GCC_541\Debug\4.1_Blink_an_LED.a(LED_green.o)
                                0x266 (size before relaxing)
 .debug_str     0x000028d1      0x326 .\CortexM3\ARM_GCC_541\Debug\4.1_Blink_an_LED.a(UART_LOG.o)
                                0x561 (size before relaxing)
 .debug_str     0x00002bf7      0x154 .\CortexM3\ARM_GCC_541\Debug\4.1_Blink_an_LED.a(RGB_PWM_red.o)
                                0x398 (size before relaxing)
 .debug_str     0x00002d4b      0x159 .\CortexM3\ARM_GCC_541\Debug\4.1_Blink_an_LED.a(RGB_PWM_green.o)
                                0x3b6 (size before relaxing)
 .debug_str     0x00002ea4      0x14c .\CortexM3\ARM_GCC_541\Debug\4.1_Blink_an_LED.a(RGB_PWM_blue.o)
                                0x3a7 (size before relaxing)
 .debug_str     0x00002ff0      0x50f .\CortexM3\ARM_GCC_541\Debug\4.1_Blink_an_LED.a(JOYSTICK_ADC_XY.o)
                                0x7e8 (size before relaxing)
 .debug_str     0x000034ff       0x41 .\CortexM3\ARM_GCC_541\Debug\4.1_Blink_an_LED.a(JOYSTICK_ADC_XY_INT.o)
                                0x22c (size before relaxing)
 .debug_str     0x00003540      0x253 .\CortexM3\ARM_GCC_541\Debug\4.1_Blink_an_LED.a(TFT_SPI.o)
                                0x4d6 (size before relaxing)
 .debug_str     0x00003793       0x53 .\CortexM3\ARM_GCC_541\Debug\4.1_Blink_an_LED.a(TFT_DC.o)
                                0x257 (size before relaxing)
 .debug_str     0x000037e6       0x57 .\CortexM3\ARM_GCC_541\Debug\4.1_Blink_an_LED.a(TFT_RES.o)
                                0x25c (size before relaxing)
 .debug_str     0x0000383d      0x13e .\CortexM3\ARM_GCC_541\Debug\4.1_Blink_an_LED.a(TFT_BackLight.o)
                                0x3ad (size before relaxing)
 .debug_str     0x0000397b      0x5b7 .\CortexM3\ARM_GCC_541\Debug\4.1_Blink_an_LED.a(ErikaOS_1_ee_activate.o)
                                0x877 (size before relaxing)
 .debug_str     0x00003f32       0xa3 .\CortexM3\ARM_GCC_541\Debug\4.1_Blink_an_LED.a(ErikaOS_1_ee_alsetrel.o)
                                0x6c8 (size before relaxing)
 .debug_str     0x00003fd5      0x256 .\CortexM3\ARM_GCC_541\Debug\4.1_Blink_an_LED.a(ErikaOS_1_ee_altick.o)
                                0xb41 (size before relaxing)
 .debug_str     0x0000422b       0x5c .\CortexM3\ARM_GCC_541\Debug\4.1_Blink_an_LED.a(ErikaOS_1_ee_gettaskid.o)
                                0x5b0 (size before relaxing)
 .debug_str     0x00004287       0xca .\CortexM3\ARM_GCC_541\Debug\4.1_Blink_an_LED.a(ErikaOS_1_ee_irqendin.o)
                                0x799 (size before relaxing)
 .debug_str     0x00004351       0x2d .\CortexM3\ARM_GCC_541\Debug\4.1_Blink_an_LED.a(ErikaOS_1_ee_lookup.o)
                                0x4fb (size before relaxing)
 .debug_str     0x0000437e       0x8c .\CortexM3\ARM_GCC_541\Debug\4.1_Blink_an_LED.a(ErikaOS_1_ee_rq_exchg.o)
                                0x56d (size before relaxing)
 .debug_str     0x0000440a       0x2f .\CortexM3\ARM_GCC_541\Debug\4.1_Blink_an_LED.a(ErikaOS_1_ee_rq_first.o)
                                0x538 (size before relaxing)
 .debug_str     0x00004439       0x3a .\CortexM3\ARM_GCC_541\Debug\4.1_Blink_an_LED.a(ErikaOS_1_ee_rq_inser.o)
                                0x572 (size before relaxing)
 .debug_str     0x00004473       0x8f .\CortexM3\ARM_GCC_541\Debug\4.1_Blink_an_LED.a(ErikaOS_1_ee_shtdown.o)
                                0x5e3 (size before relaxing)
 .debug_str     0x00004502      0x168 .\CortexM3\ARM_GCC_541\Debug\4.1_Blink_an_LED.a(ErikaOS_1_ee_startos.o)
                                0x9e2 (size before relaxing)
 .debug_str     0x0000466a       0x5d .\CortexM3\ARM_GCC_541\Debug\4.1_Blink_an_LED.a(ErikaOS_1_ee_terminat.o)
                                0x65c (size before relaxing)
 .debug_str     0x000046c7       0x79 .\CortexM3\ARM_GCC_541\Debug\4.1_Blink_an_LED.a(ErikaOS_1_cortex_mx_ee_utils.o)
                                0x59d (size before relaxing)
 .debug_str     0x00004740       0x39 .\CortexM3\ARM_GCC_541\Debug\4.1_Blink_an_LED.a(ErikaOS_1_common_ee_hal_structs.o)
                                0x507 (size before relaxing)
 .debug_str     0x00004779      0x163 .\CortexM3\ARM_GCC_541\Debug\4.1_Blink_an_LED.a(ErikaOS_1_eecfg.o)
                                0x840 (size before relaxing)
 .debug_str     0x000048dc      0x406 .\CortexM3\ARM_GCC_541\Debug\4.1_Blink_an_LED.a(USBUART.o)
                                0x6da (size before relaxing)
 .debug_str     0x00004ce2      0x4a6 .\CortexM3\ARM_GCC_541\Debug\4.1_Blink_an_LED.a(USBUART_cdc.o)
                                0x841 (size before relaxing)
 .debug_str     0x00005188      0x291 .\CortexM3\ARM_GCC_541\Debug\4.1_Blink_an_LED.a(USBUART_drv.o)
                                0x6b8 (size before relaxing)
 .debug_str     0x00005419       0x80 .\CortexM3\ARM_GCC_541\Debug\4.1_Blink_an_LED.a(USBUART_episr.o)
                                0x34f (size before relaxing)
 .debug_str     0x00005499       0xd2 .\CortexM3\ARM_GCC_541\Debug\4.1_Blink_an_LED.a(USBUART_pm.o)
                                0x360 (size before relaxing)
 .debug_str     0x0000556b      0x270 .\CortexM3\ARM_GCC_541\Debug\4.1_Blink_an_LED.a(USBUART_std.o)
                                0x827 (size before relaxing)
 .debug_str     0x000057db       0x25 .\CortexM3\ARM_GCC_541\Debug\4.1_Blink_an_LED.a(USBUART_vnd.o)
                                0x25d (size before relaxing)
 .debug_str     0x00005800      0x1ab .\CortexM3\ARM_GCC_541\Debug\4.1_Blink_an_LED.a(UART_LOG_IntClock.o)
                                0x3d6 (size before relaxing)
 .debug_str     0x000059ab      0x17b .\CortexM3\ARM_GCC_541\Debug\4.1_Blink_an_LED.a(JOYSTICK_ADC_XY_SAR.o)
                                0x5ce (size before relaxing)
 .debug_str     0x00005b26       0xf7 .\CortexM3\ARM_GCC_541\Debug\4.1_Blink_an_LED.a(JOYSTICK_ADC_XY_TempBuf_dma.o)
                                0x324 (size before relaxing)
 .debug_str     0x00005c1d       0x7d .\CortexM3\ARM_GCC_541\Debug\4.1_Blink_an_LED.a(JOYSTICK_ADC_XY_FinalBuf_dma.o)
                                0x328 (size before relaxing)
 .debug_str     0x00005c9a      0x16c .\CortexM3\ARM_GCC_541\Debug\4.1_Blink_an_LED.a(JOYSTICK_ADC_XY_IRQ.o)
                                0x3da (size before relaxing)
 .debug_str     0x00005e06      0x156 .\CortexM3\ARM_GCC_541\Debug\4.1_Blink_an_LED.a(TFT_SPI_IntClock.o)
                                0x3ca (size before relaxing)
 .debug_str     0x00005f5c       0x99 .\CortexM3\ARM_GCC_541\Debug\4.1_Blink_an_LED.a(USBUART_Dp.o)
                                0x2b1 (size before relaxing)
 .debug_str     0x00005ff5      0x264 .\CortexM3\ARM_GCC_541\Debug\4.1_Blink_an_LED.a(CyDmac.o)
                                0x5ba (size before relaxing)
 .debug_str     0x00006259      0x785 .\CortexM3\ARM_GCC_541\Debug\4.1_Blink_an_LED.a(CyLib.o)
                                0xab7 (size before relaxing)
 .debug_str     0x000069de      0x365 .\CortexM3\ARM_GCC_541\Debug\4.1_Blink_an_LED.a(cyPm.o)
                                0x7a3 (size before relaxing)
 .debug_str     0x00006d43       0x46 .\CortexM3\ARM_GCC_541\Debug\4.1_Blink_an_LED.a(ErikaOS_1_ee_tnterm.o)
                                0x56e (size before relaxing)
 .debug_str     0x00006d89       0x57 .\CortexM3\ARM_GCC_541\Debug\4.1_Blink_an_LED.a(ErikaOS_1_ee_tstub.o)
                                0x6b2 (size before relaxing)
 .debug_str     0x00006de0       0x8c .\CortexM3\ARM_GCC_541\Debug\4.1_Blink_an_LED.a(ErikaOS_1_cortex_mx_ee_context.o)
                                0x5fc (size before relaxing)
 .debug_str     0x00006e6c       0x25 .\CortexM3\ARM_GCC_541\Debug\4.1_Blink_an_LED.a(USBUART_cls.o)
                                0x31c (size before relaxing)
 .debug_str     0x00006e91      0x104 .\CortexM3\ARM_GCC_541\Debug\4.1_Blink_an_LED.a(USBUART_descr.o)
                                0x3c9 (size before relaxing)
 .debug_str     0x00006f95      0x1b4 .\CortexM3\ARM_GCC_541\Debug\4.1_Blink_an_LED.a(CyFlash.o)
                                0x430 (size before relaxing)
 .debug_str     0x00007149       0xac .\CortexM3\ARM_GCC_541\Debug\4.1_Blink_an_LED.a(CySpc.o)
                                0x3a8 (size before relaxing)
 .debug_str     0x000071f5       0x91 .\CortexM3\ARM_GCC_541\Debug\4.1_Blink_an_LED.a(ErikaOS_1_ee_thendin.o)
                                0x82f (size before relaxing)

.debug_loc      0x00000000     0x8cdd
 *(.debug_loc)
 .debug_loc     0x00000000       0xaa .\CortexM3\ARM_GCC_541\Debug\main.o
 .debug_loc     0x000000aa       0xb7 .\CortexM3\ARM_GCC_541\Debug\trcStreamingPort.o
 .debug_loc     0x00000161      0x17e .\CortexM3\ARM_GCC_541\Debug\trcKernelPort.o
 .debug_loc     0x000002df     0x1485 .\CortexM3\ARM_GCC_541\Debug\trcStreamingRecorder.o
 .debug_loc     0x00001764       0xde .\CortexM3\ARM_GCC_541\Debug\button.o
 .debug_loc     0x00001842       0x62 .\CortexM3\ARM_GCC_541\Debug\joystick.o
 .debug_loc     0x000018a4      0x322 .\CortexM3\ARM_GCC_541\Debug\led.o
 .debug_loc     0x00001bc6      0x18a .\CortexM3\ARM_GCC_541\Debug\seven.o
 .debug_loc     0x00001d50       0x4d .\CortexM3\ARM_GCC_541\Debug\logging.o
 .debug_loc     0x00001d9d     0x1924 .\CortexM3\ARM_GCC_541\Debug\tft.o
 .debug_loc     0x000036c1      0x2ae .\CortexM3\ARM_GCC_541\Debug\cyfitter_cfg.o
 .debug_loc     0x0000396f      0x144 .\CortexM3\ARM_GCC_541\Debug\Cm3Start.o
 .debug_loc     0x00003ab3       0x42 .\CortexM3\ARM_GCC_541\Debug\4.1_Blink_an_LED.a(SEVEN_DP.o)
 .debug_loc     0x00003af5       0x42 .\CortexM3\ARM_GCC_541\Debug\4.1_Blink_an_LED.a(SEVEN_SELECT.o)
 .debug_loc     0x00003b37       0x42 .\CortexM3\ARM_GCC_541\Debug\4.1_Blink_an_LED.a(BUTTON_1.o)
 .debug_loc     0x00003b79       0x56 .\CortexM3\ARM_GCC_541\Debug\4.1_Blink_an_LED.a(isr_Button.o)
 .debug_loc     0x00003bcf       0x42 .\CortexM3\ARM_GCC_541\Debug\4.1_Blink_an_LED.a(BUTTON_2.o)
 .debug_loc     0x00003c11       0x42 .\CortexM3\ARM_GCC_541\Debug\4.1_Blink_an_LED.a(BUTTON_3.o)