ARM GAS  C:\Users\MATEOC~1.QUE\AppData\Local\Temp\cc1zHSu4.s 			page 1


   1              		.syntax unified
   2              		.cpu cortex-m3
   3              		.fpu softvfp
   4              		.eabi_attribute 20, 1
   5              		.eabi_attribute 21, 1
   6              		.eabi_attribute 23, 3
   7              		.eabi_attribute 24, 1
   8              		.eabi_attribute 25, 1
   9              		.eabi_attribute 26, 1
  10              		.eabi_attribute 30, 1
  11              		.eabi_attribute 34, 1
  12              		.eabi_attribute 18, 4
  13              		.thumb
  14              		.syntax unified
  15              		.file	"TFT_BackLight_PM.c"
  16              		.text
  17              	.Ltext0:
  18              		.cfi_sections	.debug_frame
  19              		.section	.text.TFT_BackLight_SaveConfig,"ax",%progbits
  20              		.align	2
  21              		.global	TFT_BackLight_SaveConfig
  22              		.thumb
  23              		.thumb_func
  24              		.type	TFT_BackLight_SaveConfig, %function
  25              	TFT_BackLight_SaveConfig:
  26              	.LFB0:
  27              		.file 1 "Generated_Source\\PSoC5\\TFT_BackLight_PM.c"
   1:Generated_Source\PSoC5/TFT_BackLight_PM.c **** /*******************************************************************************
   2:Generated_Source\PSoC5/TFT_BackLight_PM.c **** * File Name: TFT_BackLight_PM.c
   3:Generated_Source\PSoC5/TFT_BackLight_PM.c **** * Version 3.30
   4:Generated_Source\PSoC5/TFT_BackLight_PM.c **** *
   5:Generated_Source\PSoC5/TFT_BackLight_PM.c **** * Description:
   6:Generated_Source\PSoC5/TFT_BackLight_PM.c **** *  This file provides the power management source code to API for the
   7:Generated_Source\PSoC5/TFT_BackLight_PM.c **** *  PWM.
   8:Generated_Source\PSoC5/TFT_BackLight_PM.c **** *
   9:Generated_Source\PSoC5/TFT_BackLight_PM.c **** * Note:
  10:Generated_Source\PSoC5/TFT_BackLight_PM.c **** *
  11:Generated_Source\PSoC5/TFT_BackLight_PM.c **** ********************************************************************************
  12:Generated_Source\PSoC5/TFT_BackLight_PM.c **** * Copyright 2008-2014, Cypress Semiconductor Corporation.  All rights reserved.
  13:Generated_Source\PSoC5/TFT_BackLight_PM.c **** * You may use this file only in accordance with the license, terms, conditions,
  14:Generated_Source\PSoC5/TFT_BackLight_PM.c **** * disclaimers, and limitations in the end user license agreement accompanying
  15:Generated_Source\PSoC5/TFT_BackLight_PM.c **** * the software package with which this file was provided.
  16:Generated_Source\PSoC5/TFT_BackLight_PM.c **** *******************************************************************************/
  17:Generated_Source\PSoC5/TFT_BackLight_PM.c **** 
  18:Generated_Source\PSoC5/TFT_BackLight_PM.c **** #include "TFT_BackLight.h"
  19:Generated_Source\PSoC5/TFT_BackLight_PM.c **** 
  20:Generated_Source\PSoC5/TFT_BackLight_PM.c **** static TFT_BackLight_backupStruct TFT_BackLight_backup;
  21:Generated_Source\PSoC5/TFT_BackLight_PM.c **** 
  22:Generated_Source\PSoC5/TFT_BackLight_PM.c **** 
  23:Generated_Source\PSoC5/TFT_BackLight_PM.c **** /*******************************************************************************
  24:Generated_Source\PSoC5/TFT_BackLight_PM.c **** * Function Name: TFT_BackLight_SaveConfig
  25:Generated_Source\PSoC5/TFT_BackLight_PM.c **** ********************************************************************************
  26:Generated_Source\PSoC5/TFT_BackLight_PM.c **** *
  27:Generated_Source\PSoC5/TFT_BackLight_PM.c **** * Summary:
  28:Generated_Source\PSoC5/TFT_BackLight_PM.c **** *  Saves the current user configuration of the component.
  29:Generated_Source\PSoC5/TFT_BackLight_PM.c **** *
  30:Generated_Source\PSoC5/TFT_BackLight_PM.c **** * Parameters:
ARM GAS  C:\Users\MATEOC~1.QUE\AppData\Local\Temp\cc1zHSu4.s 			page 2


  31:Generated_Source\PSoC5/TFT_BackLight_PM.c **** *  None
  32:Generated_Source\PSoC5/TFT_BackLight_PM.c **** *
  33:Generated_Source\PSoC5/TFT_BackLight_PM.c **** * Return:
  34:Generated_Source\PSoC5/TFT_BackLight_PM.c **** *  None
  35:Generated_Source\PSoC5/TFT_BackLight_PM.c **** *
  36:Generated_Source\PSoC5/TFT_BackLight_PM.c **** * Global variables:
  37:Generated_Source\PSoC5/TFT_BackLight_PM.c **** *  TFT_BackLight_backup:  Variables of this global structure are modified to
  38:Generated_Source\PSoC5/TFT_BackLight_PM.c **** *  store the values of non retention configuration registers when Sleep() API is
  39:Generated_Source\PSoC5/TFT_BackLight_PM.c **** *  called.
  40:Generated_Source\PSoC5/TFT_BackLight_PM.c **** *
  41:Generated_Source\PSoC5/TFT_BackLight_PM.c **** *******************************************************************************/
  42:Generated_Source\PSoC5/TFT_BackLight_PM.c **** void TFT_BackLight_SaveConfig(void) 
  43:Generated_Source\PSoC5/TFT_BackLight_PM.c **** {
  28              		.loc 1 43 0
  29              		.cfi_startproc
  30              		@ args = 0, pretend = 0, frame = 0
  31              		@ frame_needed = 0, uses_anonymous_args = 0
  32              		@ link register save eliminated.
  33 0000 7047     		bx	lr
  34              		.cfi_endproc
  35              	.LFE0:
  36              		.size	TFT_BackLight_SaveConfig, .-TFT_BackLight_SaveConfig
  37 0002 00BF     		.section	.text.TFT_BackLight_RestoreConfig,"ax",%progbits
  38              		.align	2
  39              		.global	TFT_BackLight_RestoreConfig
  40              		.thumb
  41              		.thumb_func
  42              		.type	TFT_BackLight_RestoreConfig, %function
  43              	TFT_BackLight_RestoreConfig:
  44              	.LFB1:
  44:Generated_Source\PSoC5/TFT_BackLight_PM.c **** 
  45:Generated_Source\PSoC5/TFT_BackLight_PM.c ****     #if(!TFT_BackLight_UsingFixedFunction)
  46:Generated_Source\PSoC5/TFT_BackLight_PM.c ****         #if(!TFT_BackLight_PWMModeIsCenterAligned)
  47:Generated_Source\PSoC5/TFT_BackLight_PM.c ****             TFT_BackLight_backup.PWMPeriod = TFT_BackLight_ReadPeriod();
  48:Generated_Source\PSoC5/TFT_BackLight_PM.c ****         #endif /* (!TFT_BackLight_PWMModeIsCenterAligned) */
  49:Generated_Source\PSoC5/TFT_BackLight_PM.c ****         TFT_BackLight_backup.PWMUdb = TFT_BackLight_ReadCounter();
  50:Generated_Source\PSoC5/TFT_BackLight_PM.c ****         #if (TFT_BackLight_UseStatus)
  51:Generated_Source\PSoC5/TFT_BackLight_PM.c ****             TFT_BackLight_backup.InterruptMaskValue = TFT_BackLight_STATUS_MASK;
  52:Generated_Source\PSoC5/TFT_BackLight_PM.c ****         #endif /* (TFT_BackLight_UseStatus) */
  53:Generated_Source\PSoC5/TFT_BackLight_PM.c **** 
  54:Generated_Source\PSoC5/TFT_BackLight_PM.c ****         #if(TFT_BackLight_DeadBandMode == TFT_BackLight__B_PWM__DBM_256_CLOCKS || \
  55:Generated_Source\PSoC5/TFT_BackLight_PM.c ****             TFT_BackLight_DeadBandMode == TFT_BackLight__B_PWM__DBM_2_4_CLOCKS)
  56:Generated_Source\PSoC5/TFT_BackLight_PM.c ****             TFT_BackLight_backup.PWMdeadBandValue = TFT_BackLight_ReadDeadTime();
  57:Generated_Source\PSoC5/TFT_BackLight_PM.c ****         #endif /*  deadband count is either 2-4 clocks or 256 clocks */
  58:Generated_Source\PSoC5/TFT_BackLight_PM.c **** 
  59:Generated_Source\PSoC5/TFT_BackLight_PM.c ****         #if(TFT_BackLight_KillModeMinTime)
  60:Generated_Source\PSoC5/TFT_BackLight_PM.c ****              TFT_BackLight_backup.PWMKillCounterPeriod = TFT_BackLight_ReadKillTime();
  61:Generated_Source\PSoC5/TFT_BackLight_PM.c ****         #endif /* (TFT_BackLight_KillModeMinTime) */
  62:Generated_Source\PSoC5/TFT_BackLight_PM.c **** 
  63:Generated_Source\PSoC5/TFT_BackLight_PM.c ****         #if(TFT_BackLight_UseControl)
  64:Generated_Source\PSoC5/TFT_BackLight_PM.c ****             TFT_BackLight_backup.PWMControlRegister = TFT_BackLight_ReadControlRegister();
  65:Generated_Source\PSoC5/TFT_BackLight_PM.c ****         #endif /* (TFT_BackLight_UseControl) */
  66:Generated_Source\PSoC5/TFT_BackLight_PM.c ****     #endif  /* (!TFT_BackLight_UsingFixedFunction) */
  67:Generated_Source\PSoC5/TFT_BackLight_PM.c **** }
  68:Generated_Source\PSoC5/TFT_BackLight_PM.c **** 
  69:Generated_Source\PSoC5/TFT_BackLight_PM.c **** 
  70:Generated_Source\PSoC5/TFT_BackLight_PM.c **** /*******************************************************************************
ARM GAS  C:\Users\MATEOC~1.QUE\AppData\Local\Temp\cc1zHSu4.s 			page 3


  71:Generated_Source\PSoC5/TFT_BackLight_PM.c **** * Function Name: TFT_BackLight_RestoreConfig
  72:Generated_Source\PSoC5/TFT_BackLight_PM.c **** ********************************************************************************
  73:Generated_Source\PSoC5/TFT_BackLight_PM.c **** *
  74:Generated_Source\PSoC5/TFT_BackLight_PM.c **** * Summary:
  75:Generated_Source\PSoC5/TFT_BackLight_PM.c **** *  Restores the current user configuration of the component.
  76:Generated_Source\PSoC5/TFT_BackLight_PM.c **** *
  77:Generated_Source\PSoC5/TFT_BackLight_PM.c **** * Parameters:
  78:Generated_Source\PSoC5/TFT_BackLight_PM.c **** *  None
  79:Generated_Source\PSoC5/TFT_BackLight_PM.c **** *
  80:Generated_Source\PSoC5/TFT_BackLight_PM.c **** * Return:
  81:Generated_Source\PSoC5/TFT_BackLight_PM.c **** *  None
  82:Generated_Source\PSoC5/TFT_BackLight_PM.c **** *
  83:Generated_Source\PSoC5/TFT_BackLight_PM.c **** * Global variables:
  84:Generated_Source\PSoC5/TFT_BackLight_PM.c **** *  TFT_BackLight_backup:  Variables of this global structure are used to
  85:Generated_Source\PSoC5/TFT_BackLight_PM.c **** *  restore the values of non retention registers on wakeup from sleep mode.
  86:Generated_Source\PSoC5/TFT_BackLight_PM.c **** *
  87:Generated_Source\PSoC5/TFT_BackLight_PM.c **** *******************************************************************************/
  88:Generated_Source\PSoC5/TFT_BackLight_PM.c **** void TFT_BackLight_RestoreConfig(void) 
  89:Generated_Source\PSoC5/TFT_BackLight_PM.c **** {
  45              		.loc 1 89 0
  46              		.cfi_startproc
  47              		@ args = 0, pretend = 0, frame = 0
  48              		@ frame_needed = 0, uses_anonymous_args = 0
  49              		@ link register save eliminated.
  50 0000 7047     		bx	lr
  51              		.cfi_endproc
  52              	.LFE1:
  53              		.size	TFT_BackLight_RestoreConfig, .-TFT_BackLight_RestoreConfig
  54 0002 00BF     		.section	.text.TFT_BackLight_Sleep,"ax",%progbits
  55              		.align	2
  56              		.global	TFT_BackLight_Sleep
  57              		.thumb
  58              		.thumb_func
  59              		.type	TFT_BackLight_Sleep, %function
  60              	TFT_BackLight_Sleep:
  61              	.LFB2:
  90:Generated_Source\PSoC5/TFT_BackLight_PM.c ****         #if(!TFT_BackLight_UsingFixedFunction)
  91:Generated_Source\PSoC5/TFT_BackLight_PM.c ****             #if(!TFT_BackLight_PWMModeIsCenterAligned)
  92:Generated_Source\PSoC5/TFT_BackLight_PM.c ****                 TFT_BackLight_WritePeriod(TFT_BackLight_backup.PWMPeriod);
  93:Generated_Source\PSoC5/TFT_BackLight_PM.c ****             #endif /* (!TFT_BackLight_PWMModeIsCenterAligned) */
  94:Generated_Source\PSoC5/TFT_BackLight_PM.c **** 
  95:Generated_Source\PSoC5/TFT_BackLight_PM.c ****             TFT_BackLight_WriteCounter(TFT_BackLight_backup.PWMUdb);
  96:Generated_Source\PSoC5/TFT_BackLight_PM.c **** 
  97:Generated_Source\PSoC5/TFT_BackLight_PM.c ****             #if (TFT_BackLight_UseStatus)
  98:Generated_Source\PSoC5/TFT_BackLight_PM.c ****                 TFT_BackLight_STATUS_MASK = TFT_BackLight_backup.InterruptMaskValue;
  99:Generated_Source\PSoC5/TFT_BackLight_PM.c ****             #endif /* (TFT_BackLight_UseStatus) */
 100:Generated_Source\PSoC5/TFT_BackLight_PM.c **** 
 101:Generated_Source\PSoC5/TFT_BackLight_PM.c ****             #if(TFT_BackLight_DeadBandMode == TFT_BackLight__B_PWM__DBM_256_CLOCKS || \
 102:Generated_Source\PSoC5/TFT_BackLight_PM.c ****                 TFT_BackLight_DeadBandMode == TFT_BackLight__B_PWM__DBM_2_4_CLOCKS)
 103:Generated_Source\PSoC5/TFT_BackLight_PM.c ****                 TFT_BackLight_WriteDeadTime(TFT_BackLight_backup.PWMdeadBandValue);
 104:Generated_Source\PSoC5/TFT_BackLight_PM.c ****             #endif /* deadband count is either 2-4 clocks or 256 clocks */
 105:Generated_Source\PSoC5/TFT_BackLight_PM.c **** 
 106:Generated_Source\PSoC5/TFT_BackLight_PM.c ****             #if(TFT_BackLight_KillModeMinTime)
 107:Generated_Source\PSoC5/TFT_BackLight_PM.c ****                 TFT_BackLight_WriteKillTime(TFT_BackLight_backup.PWMKillCounterPeriod);
 108:Generated_Source\PSoC5/TFT_BackLight_PM.c ****             #endif /* (TFT_BackLight_KillModeMinTime) */
 109:Generated_Source\PSoC5/TFT_BackLight_PM.c **** 
 110:Generated_Source\PSoC5/TFT_BackLight_PM.c ****             #if(TFT_BackLight_UseControl)
ARM GAS  C:\Users\MATEOC~1.QUE\AppData\Local\Temp\cc1zHSu4.s 			page 4


 111:Generated_Source\PSoC5/TFT_BackLight_PM.c ****                 TFT_BackLight_WriteControlRegister(TFT_BackLight_backup.PWMControlRegister);
 112:Generated_Source\PSoC5/TFT_BackLight_PM.c ****             #endif /* (TFT_BackLight_UseControl) */
 113:Generated_Source\PSoC5/TFT_BackLight_PM.c ****         #endif  /* (!TFT_BackLight_UsingFixedFunction) */
 114:Generated_Source\PSoC5/TFT_BackLight_PM.c ****     }
 115:Generated_Source\PSoC5/TFT_BackLight_PM.c **** 
 116:Generated_Source\PSoC5/TFT_BackLight_PM.c **** 
 117:Generated_Source\PSoC5/TFT_BackLight_PM.c **** /*******************************************************************************
 118:Generated_Source\PSoC5/TFT_BackLight_PM.c **** * Function Name: TFT_BackLight_Sleep
 119:Generated_Source\PSoC5/TFT_BackLight_PM.c **** ********************************************************************************
 120:Generated_Source\PSoC5/TFT_BackLight_PM.c **** *
 121:Generated_Source\PSoC5/TFT_BackLight_PM.c **** * Summary:
 122:Generated_Source\PSoC5/TFT_BackLight_PM.c **** *  Disables block's operation and saves the user configuration. Should be called
 123:Generated_Source\PSoC5/TFT_BackLight_PM.c **** *  just prior to entering sleep.
 124:Generated_Source\PSoC5/TFT_BackLight_PM.c **** *
 125:Generated_Source\PSoC5/TFT_BackLight_PM.c **** * Parameters:
 126:Generated_Source\PSoC5/TFT_BackLight_PM.c **** *  None
 127:Generated_Source\PSoC5/TFT_BackLight_PM.c **** *
 128:Generated_Source\PSoC5/TFT_BackLight_PM.c **** * Return:
 129:Generated_Source\PSoC5/TFT_BackLight_PM.c **** *  None
 130:Generated_Source\PSoC5/TFT_BackLight_PM.c **** *
 131:Generated_Source\PSoC5/TFT_BackLight_PM.c **** * Global variables:
 132:Generated_Source\PSoC5/TFT_BackLight_PM.c **** *  TFT_BackLight_backup.PWMEnableState:  Is modified depending on the enable
 133:Generated_Source\PSoC5/TFT_BackLight_PM.c **** *  state of the block before entering sleep mode.
 134:Generated_Source\PSoC5/TFT_BackLight_PM.c **** *
 135:Generated_Source\PSoC5/TFT_BackLight_PM.c **** *******************************************************************************/
 136:Generated_Source\PSoC5/TFT_BackLight_PM.c **** void TFT_BackLight_Sleep(void) 
 137:Generated_Source\PSoC5/TFT_BackLight_PM.c **** {
  62              		.loc 1 137 0
  63              		.cfi_startproc
  64              		@ args = 0, pretend = 0, frame = 0
  65              		@ frame_needed = 0, uses_anonymous_args = 0
  66              		.loc 1 137 0
  67 0000 08B5     		push	{r3, lr}
  68              		.cfi_def_cfa_offset 8
  69              		.cfi_offset 3, -8
  70              		.cfi_offset 14, -4
 138:Generated_Source\PSoC5/TFT_BackLight_PM.c ****     #if(TFT_BackLight_UseControl)
 139:Generated_Source\PSoC5/TFT_BackLight_PM.c ****         if(TFT_BackLight_CTRL_ENABLE == (TFT_BackLight_CONTROL & TFT_BackLight_CTRL_ENABLE))
  71              		.loc 1 139 0
  72 0002 074B     		ldr	r3, .L7
  73 0004 1B78     		ldrb	r3, [r3]	@ zero_extendqisi2
  74 0006 13F0010F 		tst	r3, #1
  75 000a 03D0     		beq	.L4
 140:Generated_Source\PSoC5/TFT_BackLight_PM.c ****         {
 141:Generated_Source\PSoC5/TFT_BackLight_PM.c ****             /*Component is enabled */
 142:Generated_Source\PSoC5/TFT_BackLight_PM.c ****             TFT_BackLight_backup.PWMEnableState = 1u;
  76              		.loc 1 142 0
  77 000c 0122     		movs	r2, #1
  78 000e 054B     		ldr	r3, .L7+4
  79 0010 1A70     		strb	r2, [r3]
  80 0012 02E0     		b	.L5
  81              	.L4:
 143:Generated_Source\PSoC5/TFT_BackLight_PM.c ****         }
 144:Generated_Source\PSoC5/TFT_BackLight_PM.c ****         else
 145:Generated_Source\PSoC5/TFT_BackLight_PM.c ****         {
 146:Generated_Source\PSoC5/TFT_BackLight_PM.c ****             /* Component is disabled */
 147:Generated_Source\PSoC5/TFT_BackLight_PM.c ****             TFT_BackLight_backup.PWMEnableState = 0u;
ARM GAS  C:\Users\MATEOC~1.QUE\AppData\Local\Temp\cc1zHSu4.s 			page 5


  82              		.loc 1 147 0
  83 0014 0022     		movs	r2, #0
  84 0016 034B     		ldr	r3, .L7+4
  85 0018 1A70     		strb	r2, [r3]
  86              	.L5:
 148:Generated_Source\PSoC5/TFT_BackLight_PM.c ****         }
 149:Generated_Source\PSoC5/TFT_BackLight_PM.c ****     #endif /* (TFT_BackLight_UseControl) */
 150:Generated_Source\PSoC5/TFT_BackLight_PM.c **** 
 151:Generated_Source\PSoC5/TFT_BackLight_PM.c ****     /* Stop component */
 152:Generated_Source\PSoC5/TFT_BackLight_PM.c ****     TFT_BackLight_Stop();
  87              		.loc 1 152 0
  88 001a FFF7FEFF 		bl	TFT_BackLight_Stop
  89              	.LVL0:
  90 001e 08BD     		pop	{r3, pc}
  91              	.L8:
  92              		.align	2
  93              	.L7:
  94 0020 004F0040 		.word	1073762048
  95 0024 00000000 		.word	.LANCHOR0
  96              		.cfi_endproc
  97              	.LFE2:
  98              		.size	TFT_BackLight_Sleep, .-TFT_BackLight_Sleep
  99              		.section	.text.TFT_BackLight_Wakeup,"ax",%progbits
 100              		.align	2
 101              		.global	TFT_BackLight_Wakeup
 102              		.thumb
 103              		.thumb_func
 104              		.type	TFT_BackLight_Wakeup, %function
 105              	TFT_BackLight_Wakeup:
 106              	.LFB3:
 153:Generated_Source\PSoC5/TFT_BackLight_PM.c **** 
 154:Generated_Source\PSoC5/TFT_BackLight_PM.c ****     /* Save registers configuration */
 155:Generated_Source\PSoC5/TFT_BackLight_PM.c ****     TFT_BackLight_SaveConfig();
 156:Generated_Source\PSoC5/TFT_BackLight_PM.c **** }
 157:Generated_Source\PSoC5/TFT_BackLight_PM.c **** 
 158:Generated_Source\PSoC5/TFT_BackLight_PM.c **** 
 159:Generated_Source\PSoC5/TFT_BackLight_PM.c **** /*******************************************************************************
 160:Generated_Source\PSoC5/TFT_BackLight_PM.c **** * Function Name: TFT_BackLight_Wakeup
 161:Generated_Source\PSoC5/TFT_BackLight_PM.c **** ********************************************************************************
 162:Generated_Source\PSoC5/TFT_BackLight_PM.c **** *
 163:Generated_Source\PSoC5/TFT_BackLight_PM.c **** * Summary:
 164:Generated_Source\PSoC5/TFT_BackLight_PM.c **** *  Restores and enables the user configuration. Should be called just after
 165:Generated_Source\PSoC5/TFT_BackLight_PM.c **** *  awaking from sleep.
 166:Generated_Source\PSoC5/TFT_BackLight_PM.c **** *
 167:Generated_Source\PSoC5/TFT_BackLight_PM.c **** * Parameters:
 168:Generated_Source\PSoC5/TFT_BackLight_PM.c **** *  None
 169:Generated_Source\PSoC5/TFT_BackLight_PM.c **** *
 170:Generated_Source\PSoC5/TFT_BackLight_PM.c **** * Return:
 171:Generated_Source\PSoC5/TFT_BackLight_PM.c **** *  None
 172:Generated_Source\PSoC5/TFT_BackLight_PM.c **** *
 173:Generated_Source\PSoC5/TFT_BackLight_PM.c **** * Global variables:
 174:Generated_Source\PSoC5/TFT_BackLight_PM.c **** *  TFT_BackLight_backup.pwmEnable:  Is used to restore the enable state of
 175:Generated_Source\PSoC5/TFT_BackLight_PM.c **** *  block on wakeup from sleep mode.
 176:Generated_Source\PSoC5/TFT_BackLight_PM.c **** *
 177:Generated_Source\PSoC5/TFT_BackLight_PM.c **** *******************************************************************************/
 178:Generated_Source\PSoC5/TFT_BackLight_PM.c **** void TFT_BackLight_Wakeup(void) 
 179:Generated_Source\PSoC5/TFT_BackLight_PM.c **** {
ARM GAS  C:\Users\MATEOC~1.QUE\AppData\Local\Temp\cc1zHSu4.s 			page 6


 107              		.loc 1 179 0
 108              		.cfi_startproc
 109              		@ args = 0, pretend = 0, frame = 0
 110              		@ frame_needed = 0, uses_anonymous_args = 0
 111 0000 08B5     		push	{r3, lr}
 112              		.cfi_def_cfa_offset 8
 113              		.cfi_offset 3, -8
 114              		.cfi_offset 14, -4
 180:Generated_Source\PSoC5/TFT_BackLight_PM.c ****      /* Restore registers values */
 181:Generated_Source\PSoC5/TFT_BackLight_PM.c ****     TFT_BackLight_RestoreConfig();
 182:Generated_Source\PSoC5/TFT_BackLight_PM.c **** 
 183:Generated_Source\PSoC5/TFT_BackLight_PM.c ****     if(TFT_BackLight_backup.PWMEnableState != 0u)
 115              		.loc 1 183 0
 116 0002 034B     		ldr	r3, .L12
 117 0004 1B78     		ldrb	r3, [r3]	@ zero_extendqisi2
 118 0006 0BB1     		cbz	r3, .L9
 184:Generated_Source\PSoC5/TFT_BackLight_PM.c ****     {
 185:Generated_Source\PSoC5/TFT_BackLight_PM.c ****         /* Enable component's operation */
 186:Generated_Source\PSoC5/TFT_BackLight_PM.c ****         TFT_BackLight_Enable();
 119              		.loc 1 186 0
 120 0008 FFF7FEFF 		bl	TFT_BackLight_Enable
 121              	.LVL1:
 122              	.L9:
 123 000c 08BD     		pop	{r3, pc}
 124              	.L13:
 125 000e 00BF     		.align	2
 126              	.L12:
 127 0010 00000000 		.word	.LANCHOR0
 128              		.cfi_endproc
 129              	.LFE3:
 130              		.size	TFT_BackLight_Wakeup, .-TFT_BackLight_Wakeup
 131              		.bss
 132              		.align	2
 133              		.set	.LANCHOR0,. + 0
 134              		.type	TFT_BackLight_backup, %object
 135              		.size	TFT_BackLight_backup, 1
 136              	TFT_BackLight_backup:
 137 0000 00       		.space	1
 138              		.text
 139              	.Letext0:
 140              		.file 2 "Generated_Source\\PSoC5\\cytypes.h"
 141              		.file 3 "Generated_Source\\PSoC5\\TFT_BackLight.h"
 142              		.section	.debug_info,"",%progbits
 143              	.Ldebug_info0:
 144 0000 4F010000 		.4byte	0x14f
 145 0004 0400     		.2byte	0x4
 146 0006 00000000 		.4byte	.Ldebug_abbrev0
 147 000a 04       		.byte	0x4
 148 000b 01       		.uleb128 0x1
 149 000c 8F000000 		.4byte	.LASF23
 150 0010 0C       		.byte	0xc
 151 0011 65010000 		.4byte	.LASF24
 152 0015 06020000 		.4byte	.LASF25
 153 0019 00000000 		.4byte	.Ldebug_ranges0+0
 154 001d 00000000 		.4byte	0
 155 0021 00000000 		.4byte	.Ldebug_line0
 156 0025 02       		.uleb128 0x2
ARM GAS  C:\Users\MATEOC~1.QUE\AppData\Local\Temp\cc1zHSu4.s 			page 7


 157 0026 01       		.byte	0x1
 158 0027 06       		.byte	0x6
 159 0028 D9010000 		.4byte	.LASF0
 160 002c 02       		.uleb128 0x2
 161 002d 01       		.byte	0x1
 162 002e 08       		.byte	0x8
 163 002f 57010000 		.4byte	.LASF1
 164 0033 02       		.uleb128 0x2
 165 0034 02       		.byte	0x2
 166 0035 05       		.byte	0x5
 167 0036 BF020000 		.4byte	.LASF2
 168 003a 02       		.uleb128 0x2
 169 003b 02       		.byte	0x2
 170 003c 07       		.byte	0x7
 171 003d C6010000 		.4byte	.LASF3
 172 0041 02       		.uleb128 0x2
 173 0042 04       		.byte	0x4
 174 0043 05       		.byte	0x5
 175 0044 A3010000 		.4byte	.LASF4
 176 0048 02       		.uleb128 0x2
 177 0049 04       		.byte	0x4
 178 004a 07       		.byte	0x7
 179 004b 23010000 		.4byte	.LASF5
 180 004f 02       		.uleb128 0x2
 181 0050 08       		.byte	0x8
 182 0051 05       		.byte	0x5
 183 0052 00000000 		.4byte	.LASF6
 184 0056 02       		.uleb128 0x2
 185 0057 08       		.byte	0x8
 186 0058 07       		.byte	0x7
 187 0059 35010000 		.4byte	.LASF7
 188 005d 03       		.uleb128 0x3
 189 005e 04       		.byte	0x4
 190 005f 05       		.byte	0x5
 191 0060 696E7400 		.ascii	"int\000"
 192 0064 02       		.uleb128 0x2
 193 0065 04       		.byte	0x4
 194 0066 07       		.byte	0x7
 195 0067 0E000000 		.4byte	.LASF8
 196 006b 04       		.uleb128 0x4
 197 006c 1D010000 		.4byte	.LASF12
 198 0070 02       		.byte	0x2
 199 0071 E401     		.2byte	0x1e4
 200 0073 2C000000 		.4byte	0x2c
 201 0077 02       		.uleb128 0x2
 202 0078 04       		.byte	0x4
 203 0079 04       		.byte	0x4
 204 007a 4C010000 		.4byte	.LASF9
 205 007e 02       		.uleb128 0x2
 206 007f 08       		.byte	0x8
 207 0080 04       		.byte	0x4
 208 0081 AC010000 		.4byte	.LASF10
 209 0085 02       		.uleb128 0x2
 210 0086 01       		.byte	0x1
 211 0087 08       		.byte	0x8
 212 0088 52010000 		.4byte	.LASF11
 213 008c 04       		.uleb128 0x4
ARM GAS  C:\Users\MATEOC~1.QUE\AppData\Local\Temp\cc1zHSu4.s 			page 8


 214 008d C9020000 		.4byte	.LASF13
 215 0091 02       		.byte	0x2
 216 0092 8E02     		.2byte	0x28e
 217 0094 98000000 		.4byte	0x98
 218 0098 05       		.uleb128 0x5
 219 0099 6B000000 		.4byte	0x6b
 220 009d 02       		.uleb128 0x2
 221 009e 08       		.byte	0x8
 222 009f 04       		.byte	0x4
 223 00a0 E5010000 		.4byte	.LASF14
 224 00a4 02       		.uleb128 0x2
 225 00a5 04       		.byte	0x4
 226 00a6 07       		.byte	0x7
 227 00a7 CE020000 		.4byte	.LASF15
 228 00ab 06       		.uleb128 0x6
 229 00ac 01       		.byte	0x1
 230 00ad 03       		.byte	0x3
 231 00ae 6B       		.byte	0x6b
 232 00af C0000000 		.4byte	0xc0
 233 00b3 07       		.uleb128 0x7
 234 00b4 1B000000 		.4byte	.LASF26
 235 00b8 03       		.byte	0x3
 236 00b9 6E       		.byte	0x6e
 237 00ba 6B000000 		.4byte	0x6b
 238 00be 00       		.byte	0
 239 00bf 00       		.byte	0
 240 00c0 08       		.uleb128 0x8
 241 00c1 46000000 		.4byte	.LASF16
 242 00c5 03       		.byte	0x3
 243 00c6 8B       		.byte	0x8b
 244 00c7 AB000000 		.4byte	0xab
 245 00cb 09       		.uleb128 0x9
 246 00cc 76000000 		.4byte	.LASF17
 247 00d0 01       		.byte	0x1
 248 00d1 2A       		.byte	0x2a
 249 00d2 00000000 		.4byte	.LFB0
 250 00d6 02000000 		.4byte	.LFE0-.LFB0
 251 00da 01       		.uleb128 0x1
 252 00db 9C       		.byte	0x9c
 253 00dc 09       		.uleb128 0x9
 254 00dd 2A000000 		.4byte	.LASF18
 255 00e1 01       		.byte	0x1
 256 00e2 58       		.byte	0x58
 257 00e3 00000000 		.4byte	.LFB1
 258 00e7 02000000 		.4byte	.LFE1-.LFB1
 259 00eb 01       		.uleb128 0x1
 260 00ec 9C       		.byte	0x9c
 261 00ed 0A       		.uleb128 0xa
 262 00ee 8F010000 		.4byte	.LASF19
 263 00f2 01       		.byte	0x1
 264 00f3 88       		.byte	0x88
 265 00f4 00000000 		.4byte	.LFB2
 266 00f8 28000000 		.4byte	.LFE2-.LFB2
 267 00fc 01       		.uleb128 0x1
 268 00fd 9C       		.byte	0x9c
 269 00fe 0C010000 		.4byte	0x10c
 270 0102 0B       		.uleb128 0xb
ARM GAS  C:\Users\MATEOC~1.QUE\AppData\Local\Temp\cc1zHSu4.s 			page 9


 271 0103 1E000000 		.4byte	.LVL0
 272 0107 3C010000 		.4byte	0x13c
 273 010b 00       		.byte	0
 274 010c 0A       		.uleb128 0xa
 275 010d 61000000 		.4byte	.LASF20
 276 0111 01       		.byte	0x1
 277 0112 B2       		.byte	0xb2
 278 0113 00000000 		.4byte	.LFB3
 279 0117 14000000 		.4byte	.LFE3-.LFB3
 280 011b 01       		.uleb128 0x1
 281 011c 9C       		.byte	0x9c
 282 011d 2B010000 		.4byte	0x12b
 283 0121 0B       		.uleb128 0xb
 284 0122 0C000000 		.4byte	.LVL1
 285 0126 47010000 		.4byte	0x147
 286 012a 00       		.byte	0
 287 012b 0C       		.uleb128 0xc
 288 012c F1010000 		.4byte	.LASF27
 289 0130 01       		.byte	0x1
 290 0131 14       		.byte	0x14
 291 0132 C0000000 		.4byte	0xc0
 292 0136 05       		.uleb128 0x5
 293 0137 03       		.byte	0x3
 294 0138 00000000 		.4byte	TFT_BackLight_backup
 295 013c 0D       		.uleb128 0xd
 296 013d B3010000 		.4byte	.LASF21
 297 0141 B3010000 		.4byte	.LASF21
 298 0145 03       		.byte	0x3
 299 0146 93       		.byte	0x93
 300 0147 0D       		.uleb128 0xd
 301 0148 D7020000 		.4byte	.LASF22
 302 014c D7020000 		.4byte	.LASF22
 303 0150 03       		.byte	0x3
 304 0151 DB       		.byte	0xdb
 305 0152 00       		.byte	0
 306              		.section	.debug_abbrev,"",%progbits
 307              	.Ldebug_abbrev0:
 308 0000 01       		.uleb128 0x1
 309 0001 11       		.uleb128 0x11
 310 0002 01       		.byte	0x1
 311 0003 25       		.uleb128 0x25
 312 0004 0E       		.uleb128 0xe
 313 0005 13       		.uleb128 0x13
 314 0006 0B       		.uleb128 0xb
 315 0007 03       		.uleb128 0x3
 316 0008 0E       		.uleb128 0xe
 317 0009 1B       		.uleb128 0x1b
 318 000a 0E       		.uleb128 0xe
 319 000b 55       		.uleb128 0x55
 320 000c 17       		.uleb128 0x17
 321 000d 11       		.uleb128 0x11
 322 000e 01       		.uleb128 0x1
 323 000f 10       		.uleb128 0x10
 324 0010 17       		.uleb128 0x17
 325 0011 00       		.byte	0
 326 0012 00       		.byte	0
 327 0013 02       		.uleb128 0x2
ARM GAS  C:\Users\MATEOC~1.QUE\AppData\Local\Temp\cc1zHSu4.s 			page 10


 328 0014 24       		.uleb128 0x24
 329 0015 00       		.byte	0
 330 0016 0B       		.uleb128 0xb
 331 0017 0B       		.uleb128 0xb
 332 0018 3E       		.uleb128 0x3e
 333 0019 0B       		.uleb128 0xb
 334 001a 03       		.uleb128 0x3
 335 001b 0E       		.uleb128 0xe
 336 001c 00       		.byte	0
 337 001d 00       		.byte	0
 338 001e 03       		.uleb128 0x3
 339 001f 24       		.uleb128 0x24
 340 0020 00       		.byte	0
 341 0021 0B       		.uleb128 0xb
 342 0022 0B       		.uleb128 0xb
 343 0023 3E       		.uleb128 0x3e
 344 0024 0B       		.uleb128 0xb
 345 0025 03       		.uleb128 0x3
 346 0026 08       		.uleb128 0x8
 347 0027 00       		.byte	0
 348 0028 00       		.byte	0
 349 0029 04       		.uleb128 0x4
 350 002a 16       		.uleb128 0x16
 351 002b 00       		.byte	0
 352 002c 03       		.uleb128 0x3
 353 002d 0E       		.uleb128 0xe
 354 002e 3A       		.uleb128 0x3a
 355 002f 0B       		.uleb128 0xb
 356 0030 3B       		.uleb128 0x3b
 357 0031 05       		.uleb128 0x5
 358 0032 49       		.uleb128 0x49
 359 0033 13       		.uleb128 0x13
 360 0034 00       		.byte	0
 361 0035 00       		.byte	0
 362 0036 05       		.uleb128 0x5
 363 0037 35       		.uleb128 0x35
 364 0038 00       		.byte	0
 365 0039 49       		.uleb128 0x49
 366 003a 13       		.uleb128 0x13
 367 003b 00       		.byte	0
 368 003c 00       		.byte	0
 369 003d 06       		.uleb128 0x6
 370 003e 13       		.uleb128 0x13
 371 003f 01       		.byte	0x1
 372 0040 0B       		.uleb128 0xb
 373 0041 0B       		.uleb128 0xb
 374 0042 3A       		.uleb128 0x3a
 375 0043 0B       		.uleb128 0xb
 376 0044 3B       		.uleb128 0x3b
 377 0045 0B       		.uleb128 0xb
 378 0046 01       		.uleb128 0x1
 379 0047 13       		.uleb128 0x13
 380 0048 00       		.byte	0
 381 0049 00       		.byte	0
 382 004a 07       		.uleb128 0x7
 383 004b 0D       		.uleb128 0xd
 384 004c 00       		.byte	0
ARM GAS  C:\Users\MATEOC~1.QUE\AppData\Local\Temp\cc1zHSu4.s 			page 11


 385 004d 03       		.uleb128 0x3
 386 004e 0E       		.uleb128 0xe
 387 004f 3A       		.uleb128 0x3a
 388 0050 0B       		.uleb128 0xb
 389 0051 3B       		.uleb128 0x3b
 390 0052 0B       		.uleb128 0xb
 391 0053 49       		.uleb128 0x49
 392 0054 13       		.uleb128 0x13
 393 0055 38       		.uleb128 0x38
 394 0056 0B       		.uleb128 0xb
 395 0057 00       		.byte	0
 396 0058 00       		.byte	0
 397 0059 08       		.uleb128 0x8
 398 005a 16       		.uleb128 0x16
 399 005b 00       		.byte	0
 400 005c 03       		.uleb128 0x3
 401 005d 0E       		.uleb128 0xe
 402 005e 3A       		.uleb128 0x3a
 403 005f 0B       		.uleb128 0xb
 404 0060 3B       		.uleb128 0x3b
 405 0061 0B       		.uleb128 0xb
 406 0062 49       		.uleb128 0x49
 407 0063 13       		.uleb128 0x13
 408 0064 00       		.byte	0
 409 0065 00       		.byte	0
 410 0066 09       		.uleb128 0x9
 411 0067 2E       		.uleb128 0x2e
 412 0068 00       		.byte	0
 413 0069 3F       		.uleb128 0x3f
 414 006a 19       		.uleb128 0x19
 415 006b 03       		.uleb128 0x3
 416 006c 0E       		.uleb128 0xe
 417 006d 3A       		.uleb128 0x3a
 418 006e 0B       		.uleb128 0xb
 419 006f 3B       		.uleb128 0x3b
 420 0070 0B       		.uleb128 0xb
 421 0071 27       		.uleb128 0x27
 422 0072 19       		.uleb128 0x19
 423 0073 11       		.uleb128 0x11
 424 0074 01       		.uleb128 0x1
 425 0075 12       		.uleb128 0x12
 426 0076 06       		.uleb128 0x6
 427 0077 40       		.uleb128 0x40
 428 0078 18       		.uleb128 0x18
 429 0079 9742     		.uleb128 0x2117
 430 007b 19       		.uleb128 0x19
 431 007c 00       		.byte	0
 432 007d 00       		.byte	0
 433 007e 0A       		.uleb128 0xa
 434 007f 2E       		.uleb128 0x2e
 435 0080 01       		.byte	0x1
 436 0081 3F       		.uleb128 0x3f
 437 0082 19       		.uleb128 0x19
 438 0083 03       		.uleb128 0x3
 439 0084 0E       		.uleb128 0xe
 440 0085 3A       		.uleb128 0x3a
 441 0086 0B       		.uleb128 0xb
ARM GAS  C:\Users\MATEOC~1.QUE\AppData\Local\Temp\cc1zHSu4.s 			page 12


 442 0087 3B       		.uleb128 0x3b
 443 0088 0B       		.uleb128 0xb
 444 0089 27       		.uleb128 0x27
 445 008a 19       		.uleb128 0x19
 446 008b 11       		.uleb128 0x11
 447 008c 01       		.uleb128 0x1
 448 008d 12       		.uleb128 0x12
 449 008e 06       		.uleb128 0x6
 450 008f 40       		.uleb128 0x40
 451 0090 18       		.uleb128 0x18
 452 0091 9742     		.uleb128 0x2117
 453 0093 19       		.uleb128 0x19
 454 0094 01       		.uleb128 0x1
 455 0095 13       		.uleb128 0x13
 456 0096 00       		.byte	0
 457 0097 00       		.byte	0
 458 0098 0B       		.uleb128 0xb
 459 0099 898201   		.uleb128 0x4109
 460 009c 00       		.byte	0
 461 009d 11       		.uleb128 0x11
 462 009e 01       		.uleb128 0x1
 463 009f 31       		.uleb128 0x31
 464 00a0 13       		.uleb128 0x13
 465 00a1 00       		.byte	0
 466 00a2 00       		.byte	0
 467 00a3 0C       		.uleb128 0xc
 468 00a4 34       		.uleb128 0x34
 469 00a5 00       		.byte	0
 470 00a6 03       		.uleb128 0x3
 471 00a7 0E       		.uleb128 0xe
 472 00a8 3A       		.uleb128 0x3a
 473 00a9 0B       		.uleb128 0xb
 474 00aa 3B       		.uleb128 0x3b
 475 00ab 0B       		.uleb128 0xb
 476 00ac 49       		.uleb128 0x49
 477 00ad 13       		.uleb128 0x13
 478 00ae 02       		.uleb128 0x2
 479 00af 18       		.uleb128 0x18
 480 00b0 00       		.byte	0
 481 00b1 00       		.byte	0
 482 00b2 0D       		.uleb128 0xd
 483 00b3 2E       		.uleb128 0x2e
 484 00b4 00       		.byte	0
 485 00b5 3F       		.uleb128 0x3f
 486 00b6 19       		.uleb128 0x19
 487 00b7 3C       		.uleb128 0x3c
 488 00b8 19       		.uleb128 0x19
 489 00b9 6E       		.uleb128 0x6e
 490 00ba 0E       		.uleb128 0xe
 491 00bb 03       		.uleb128 0x3
 492 00bc 0E       		.uleb128 0xe
 493 00bd 3A       		.uleb128 0x3a
 494 00be 0B       		.uleb128 0xb
 495 00bf 3B       		.uleb128 0x3b
 496 00c0 0B       		.uleb128 0xb
 497 00c1 00       		.byte	0
 498 00c2 00       		.byte	0
ARM GAS  C:\Users\MATEOC~1.QUE\AppData\Local\Temp\cc1zHSu4.s 			page 13


 499 00c3 00       		.byte	0
 500              		.section	.debug_aranges,"",%progbits
 501 0000 34000000 		.4byte	0x34
 502 0004 0200     		.2byte	0x2
 503 0006 00000000 		.4byte	.Ldebug_info0
 504 000a 04       		.byte	0x4
 505 000b 00       		.byte	0
 506 000c 0000     		.2byte	0
 507 000e 0000     		.2byte	0
 508 0010 00000000 		.4byte	.LFB0
 509 0014 02000000 		.4byte	.LFE0-.LFB0
 510 0018 00000000 		.4byte	.LFB1
 511 001c 02000000 		.4byte	.LFE1-.LFB1
 512 0020 00000000 		.4byte	.LFB2
 513 0024 28000000 		.4byte	.LFE2-.LFB2
 514 0028 00000000 		.4byte	.LFB3
 515 002c 14000000 		.4byte	.LFE3-.LFB3
 516 0030 00000000 		.4byte	0
 517 0034 00000000 		.4byte	0
 518              		.section	.debug_ranges,"",%progbits
 519              	.Ldebug_ranges0:
 520 0000 00000000 		.4byte	.LFB0
 521 0004 02000000 		.4byte	.LFE0
 522 0008 00000000 		.4byte	.LFB1
 523 000c 02000000 		.4byte	.LFE1
 524 0010 00000000 		.4byte	.LFB2
 525 0014 28000000 		.4byte	.LFE2
 526 0018 00000000 		.4byte	.LFB3
 527 001c 14000000 		.4byte	.LFE3
 528 0020 00000000 		.4byte	0
 529 0024 00000000 		.4byte	0
 530              		.section	.debug_line,"",%progbits
 531              	.Ldebug_line0:
 532 0000 AC000000 		.section	.debug_str,"MS",%progbits,1
 532      02006000 
 532      00000201 
 532      FB0E0D00 
 532      01010101 
 533              	.LASF6:
 534 0000 6C6F6E67 		.ascii	"long long int\000"
 534      206C6F6E 
 534      6720696E 
 534      7400
 535              	.LASF8:
 536 000e 756E7369 		.ascii	"unsigned int\000"
 536      676E6564 
 536      20696E74 
 536      00
 537              	.LASF26:
 538 001b 50574D45 		.ascii	"PWMEnableState\000"
 538      6E61626C 
 538      65537461 
 538      746500
 539              	.LASF18:
 540 002a 5446545F 		.ascii	"TFT_BackLight_RestoreConfig\000"
 540      4261636B 
 540      4C696768 
ARM GAS  C:\Users\MATEOC~1.QUE\AppData\Local\Temp\cc1zHSu4.s 			page 14


 540      745F5265 
 540      73746F72 
 541              	.LASF16:
 542 0046 5446545F 		.ascii	"TFT_BackLight_backupStruct\000"
 542      4261636B 
 542      4C696768 
 542      745F6261 
 542      636B7570 
 543              	.LASF20:
 544 0061 5446545F 		.ascii	"TFT_BackLight_Wakeup\000"
 544      4261636B 
 544      4C696768 
 544      745F5761 
 544      6B657570 
 545              	.LASF17:
 546 0076 5446545F 		.ascii	"TFT_BackLight_SaveConfig\000"
 546      4261636B 
 546      4C696768 
 546      745F5361 
 546      7665436F 
 547              	.LASF23:
 548 008f 474E5520 		.ascii	"GNU C11 5.4.1 20160609 (release) [ARM/embedded-5-br"
 548      43313120 
 548      352E342E 
 548      31203230 
 548      31363036 
 549 00c2 616E6368 		.ascii	"anch revision 237715] -mcpu=cortex-m3 -mthumb -g -O"
 549      20726576 
 549      6973696F 
 549      6E203233 
 549      37373135 
 550 00f5 67202D66 		.ascii	"g -ffunction-sections -ffat-lto-objects\000"
 550      66756E63 
 550      74696F6E 
 550      2D736563 
 550      74696F6E 
 551              	.LASF12:
 552 011d 75696E74 		.ascii	"uint8\000"
 552      3800
 553              	.LASF5:
 554 0123 6C6F6E67 		.ascii	"long unsigned int\000"
 554      20756E73 
 554      69676E65 
 554      6420696E 
 554      7400
 555              	.LASF7:
 556 0135 6C6F6E67 		.ascii	"long long unsigned int\000"
 556      206C6F6E 
 556      6720756E 
 556      7369676E 
 556      65642069 
 557              	.LASF9:
 558 014c 666C6F61 		.ascii	"float\000"
 558      7400
 559              	.LASF11:
 560 0152 63686172 		.ascii	"char\000"
 560      00
ARM GAS  C:\Users\MATEOC~1.QUE\AppData\Local\Temp\cc1zHSu4.s 			page 15


 561              	.LASF1:
 562 0157 756E7369 		.ascii	"unsigned char\000"
 562      676E6564 
 562      20636861 
 562      7200
 563              	.LASF24:
 564 0165 47656E65 		.ascii	"Generated_Source\\PSoC5\\TFT_BackLight_PM.c\000"
 564      72617465 
 564      645F536F 
 564      75726365 
 564      5C50536F 
 565              	.LASF19:
 566 018f 5446545F 		.ascii	"TFT_BackLight_Sleep\000"
 566      4261636B 
 566      4C696768 
 566      745F536C 
 566      65657000 
 567              	.LASF4:
 568 01a3 6C6F6E67 		.ascii	"long int\000"
 568      20696E74 
 568      00
 569              	.LASF10:
 570 01ac 646F7562 		.ascii	"double\000"
 570      6C6500
 571              	.LASF21:
 572 01b3 5446545F 		.ascii	"TFT_BackLight_Stop\000"
 572      4261636B 
 572      4C696768 
 572      745F5374 
 572      6F7000
 573              	.LASF3:
 574 01c6 73686F72 		.ascii	"short unsigned int\000"
 574      7420756E 
 574      7369676E 
 574      65642069 
 574      6E7400
 575              	.LASF0:
 576 01d9 7369676E 		.ascii	"signed char\000"
 576      65642063 
 576      68617200 
 577              	.LASF14:
 578 01e5 6C6F6E67 		.ascii	"long double\000"
 578      20646F75 
 578      626C6500 
 579              	.LASF27:
 580 01f1 5446545F 		.ascii	"TFT_BackLight_backup\000"
 580      4261636B 
 580      4C696768 
 580      745F6261 
 580      636B7570 
 581              	.LASF25:
 582 0206 433A5C55 		.ascii	"C:\\Users\\Mateo C. Querol\\OneDrive\\University\\D"
 582      73657273 
 582      5C4D6174 
 582      656F2043 
 582      2E205175 
 583 0234 61726D73 		.ascii	"armstadt\\Advanced Microcontroller Systems and Embe"
ARM GAS  C:\Users\MATEOC~1.QUE\AppData\Local\Temp\cc1zHSu4.s 			page 16


 583      74616474 
 583      5C416476 
 583      616E6365 
 583      64204D69 
 584 0266 64646564 		.ascii	"dded Operating systems\\Embedded Operating Systems\\"
 584      204F7065 
 584      72617469 
 584      6E672073 
 584      79737465 
 585 0298 576F726B 		.ascii	"Workbook\\1.2_lets_press_a_button.cydsn\000"
 585      626F6F6B 
 585      5C312E32 
 585      5F6C6574 
 585      735F7072 
 586              	.LASF2:
 587 02bf 73686F72 		.ascii	"short int\000"
 587      7420696E 
 587      7400
 588              	.LASF13:
 589 02c9 72656738 		.ascii	"reg8\000"
 589      00
 590              	.LASF15:
 591 02ce 73697A65 		.ascii	"sizetype\000"
 591      74797065 
 591      00
 592              	.LASF22:
 593 02d7 5446545F 		.ascii	"TFT_BackLight_Enable\000"
 593      4261636B 
 593      4C696768 
 593      745F456E 
 593      61626C65 
 594              		.ident	"GCC: (GNU Tools for ARM Embedded Processors) 5.4.1 20160609 (release) [ARM/embedded-5-bran
